******************************************************************************
                  TI ARM Linker PC v20.2.7                     
******************************************************************************
>> Linked Mon Dec  9 00:58:43 2024

OUTPUT FILE NAME:   <finalproject.out>
ENTRY POINT SYMBOL: "_c_int00_noargs"  address: 00006ee1


MEMORY CONFIGURATION

         name            origin    length      used     unused   attr    fill
----------------------  --------  ---------  --------  --------  ----  --------
  FLASH                 00000000   00040000  0000753c  00038ac4  R  X
  SRAM                  20000000   00008000  00001079  00006f87  RW X


SEGMENT ALLOCATION MAP

run origin  load origin   length   init length attrs members
----------  ----------- ---------- ----------- ----- -------
00000000    00000000    00007540   00007540    r-x
  00000000    00000000    0000026c   0000026c    r-- .intvecs
  0000026c    0000026c    00006f0c   00006f0c    r-x .text
  00007178    00007178    0000035c   0000035c    r-- .const
  000074d8    000074d8    00000068   00000068    r-- .cinit
20000000    20000000    00001080   00000000    rw-
  20000000    20000000    0000026c   00000000    rw- .vtable
  20000270    20000270    00000800   00000000    rw- .stack
  20000a70    20000a70    00000400   00000000    rw- .sysmem
  20000e70    20000e70    000001b1   00000000    rw- .bss
  20001024    20001024    0000005c   00000000    rw- .data


SECTION ALLOCATION MAP

 output                                  attributes/
section   page    origin      length       input sections
--------  ----  ----------  ----------   ----------------
.intvecs   0    00000000    0000026c     
                  00000000    0000026c     tm4c123gh6pm_startup_ccs.obj (.intvecs)

.text      0    0000026c    00006f0c     
                  0000026c    00000c20     open_interface.obj (.text)
                  00000e8c    00000a4e     rtsv7M4_T_le_v4SPD16_eabi.lib : _printfi.c.obj (.text:__TI_printfi)
                  000018da    00000002                                   : _lock.c.obj (.text:_nop)
                  000018dc    000009d0                                   : e_pow.c.obj (.text:pow)
                  000022ac    000008d4     main.obj (.text)
                  00002b80    00000738     rtsv7M4_T_le_v4SPD16_eabi.lib : k_rem_pio2.c.obj (.text:__kernel_rem_pio2)
                  000032b8    000005dc                                   : s_cos.c.obj (.text:cos)
                  00003894    00000508                                   : s_tan.c.obj (.text:tan)
                  00003d9c    00000388     movement.obj (.text)
                  00004124    00000328     lcd.obj (.text)
                  0000444c    0000031c     rtsv7M4_T_le_v4SPD16_eabi.lib : k_tan.c.obj (.text:__kernel_tan)
                  00004768    000002b8     servo.obj (.text)
                  00004a20    00000270     rtsv7M4_T_le_v4SPD16_eabi.lib : _printfi.c.obj (.text:_pconv_a)
                  00004c90    00000248     Timer.obj (.text)
                  00004ed8    00000210     adc.obj (.text)
                  000050e8    00000208     uart_extra_help.obj (.text)
                  000052f0    000001f8     ping.obj (.text)
                  000054e8    000001d0     rtsv7M4_T_le_v4SPD16_eabi.lib : _printfi.c.obj (.text:_pconv_g)
                  000056b8    000001b6                                   : fd_add_t2.asm.obj (.text)
                  0000586e    00000002                                   : div0.asm.obj (.text)
                  00005870    00000174                                   : k_sin.c.obj (.text:__kernel_sin)
                  000059e4    00000170                                   : k_cos.c.obj (.text:__kernel_cos)
                  00005b54    00000158                                   : e_sqrt.c.obj (.text:sqrt)
                  00005cac    0000013c                                   : _printfi.c.obj (.text:_pconv_e)
                  00005de8    00000136                                   : fd_div_t2.asm.obj (.text)
                  00005f1e    00000002     --HOLE-- [fill = 0]
                  00005f20    00000124                                   : _printfi.c.obj (.text:fcvt)
                  00006044    00000110                                   : s_scalbn.c.obj (.text:scalbn)
                  00006154    00000100                                   : memory.c.obj (.text:aligned_alloc)
                  00006254    000000fc                                   : fd_mul_t2.asm.obj (.text)
                  00006350    000000f8                                   : s_floor.c.obj (.text:floor)
                  00006448    000000e4                                   : memory.c.obj (.text:free)
                  0000652c    000000b1                                   : _printfi.c.obj (.text:_ltostr)
                  000065dd    00000001     --HOLE-- [fill = 0]
                  000065de    0000009c                                   : memcpy_t2.asm.obj (.text)
                  0000667a    00000096                                   : ull_div_t2.asm.obj (.text)
                  00006710    00000086                                   : fd_cmp_t2.asm.obj (.text:__aeabi_cdcmple)
                  00006796    00000086                                   : fd_cmp_t2.asm.obj (.text:__aeabi_cdrcmple)
                  0000681c    0000007a                                   : memset_t2.asm.obj (.text)
                  00006896    00000002     --HOLE-- [fill = 0]
                  00006898    00000070                                   : memory.c.obj (.text:split)
                  00006908    0000006e                                   : _printfi.c.obj (.text:_mcpy)
                  00006976    0000006e                                   : fd_tos_t2.asm.obj (.text)
                  000069e4    00000068                                   : copy_decompress_lzss.c.obj (.text:decompress:lzss:__TI_decompress_lzss)
                  00006a4c    00000064                                   : s_frexp.c.obj (.text:frexp)
                  00006ab0    00000056                                   : _printfi.c.obj (.text:_pconv_f)
                  00006b06    00000054                                   : _ltoa.c.obj (.text:__TI_ltoa)
                  00006b5a    00000052                                   : _printfi.c.obj (.text:_ecpy)
                  00006bac    0000004c                                   : atoi.c.obj (.text:atoi)
                  00006bf8    00000048                                   : hosttime.c.obj (.text:HOSTtime)
                  00006c40    00000048                                   : fd_toi_t2.asm.obj (.text)
                  00006c88    00000044                                   : autoinit.c.obj (.text:__TI_auto_init_nobinit_nopinit:__TI_auto_init_nobinit_nopinit)
                  00006ccc    00000044                                   : fd_tou_t2.asm.obj (.text)
                  00006d10    00000040                                   : sprintf.c.obj (.text:sprintf)
                  00006d50    00000040                                   : vsnprintf.c.obj (.text:vsnprintf)
                  00006d90    0000003e                                   : _printfi.c.obj (.text:_fcpy)
                  00006dce    00000002     --HOLE-- [fill = 0]
                  00006dd0    00000038                                   : trgmsg.c.obj (.text:__TI_writemsg)
                  00006e08    00000038                                   : memory.c.obj (.text:calloc)
                  00006e40    00000038                                   : fs_tod_t2.asm.obj (.text)
                  00006e78    00000034     driverlib.lib : interrupt.obj (.text:IntRegister)
                  00006eac    00000034     rtsv7M4_T_le_v4SPD16_eabi.lib : trgmsg.c.obj (.text:__TI_readmsg)
                  00006ee0    00000034                                   : boot_cortex_m.c.obj (.text:_c_int00_noargs:_c_int00_noargs)
                  00006f14    00000034                                   : rand.c.obj (.text:rand)
                  00006f48    00000030                                   : vsnprintf.c.obj (.text:_outs)
                  00006f78    0000002e                                   : i_tofd_t2.asm.obj (.text)
                  00006fa6    00000002     --HOLE-- [fill = 0]
                  00006fa8    00000028                                   : memory.c.obj (.text:free_list_insert)
                  00006fd0    00000024                                   : rand.c.obj (.text:srand)
                  00006ff4    0000001c                                   : memory.c.obj (.text:free_list_remove)
                  00007010    0000001c                                   : memccpy.c.obj (.text:memccpy)
                  0000702c    0000001a                                   : s_copysign.c.obj (.text:copysign)
                  00007046    00000018                                   : vsnprintf.c.obj (.text:_outc)
                  0000705e    00000018                                   : sprintf.c.obj (.text:_outs)
                  00007076    00000018     open_interface.obj (.text:oi_parseInt)
                  0000708e    00000018     rtsv7M4_T_le_v4SPD16_eabi.lib : strcmp.c.obj (.text:strcmp)
                  000070a6    00000016                                   : strchr.c.obj (.text:strchr)
                  000070bc    00000014                                   : strcpy.c.obj (.text:strcpy)
                  000070d0    00000014                                   : strlen.c.obj (.text:strlen)
                  000070e4    00000012                                   : wcslen.c.obj (.text:wcslen)
                  000070f6    00000010     driverlib.lib : interrupt.obj (.text:IntMasterEnable)
                  00007106    00000010     lcd.obj (.text:lcd_clear)
                  00007116    0000000e     rtsv7M4_T_le_v4SPD16_eabi.lib : time.c.obj (.text:__time32)
                  00007124    0000000e                                   : copy_decompress_none.c.obj (.text:decompress:none:__TI_decompress_none)
                  00007132    0000000c     driverlib.lib : cpu.obj (.text:CPUcpsie)
                  0000713e    0000000c     rtsv7M4_T_le_v4SPD16_eabi.lib : copy_zero_init.c.obj (.text:decompress:ZI:__TI_zero_init)
                  0000714a    0000000c     tm4c123gh6pm_startup_ccs.obj (.text)
                  00007156    0000000a     rtsv7M4_T_le_v4SPD16_eabi.lib : sprintf.c.obj (.text:_outc)
                  00007160    00000008                                   : errno.c.obj (.text:__aeabi_errno_addr)
                  00007168    00000008                                   : memory.c.obj (.text:malloc)
                  00007170    00000004                                   : pre_init.c.obj (.text:_system_pre_init)
                  00007174    00000004                                   : exit.c.obj (.text:abort:abort)

.const     0    00007178    0000035c     
                  00007178    00000158     rtsv7M4_T_le_v4SPD16_eabi.lib : k_rem_pio2.c.obj (.const:$O1$$)
                  000072d0    00000101                                   : ctype.c.obj (.const:.string:_ctypes_)
                  000073d1    00000005     movement.obj (.const:.string:$P$T0$1)
                  000073d6    00000002     --HOLE-- [fill = 0]
                  000073d8    00000080     rtsv7M4_T_le_v4SPD16_eabi.lib : k_tan.c.obj (.const:xxx)
                  00007458    00000030                                   : e_pow.c.obj (.const:$O1$$)
                  00007488    0000001b     main.obj (.const:.string:$P$T0$1)
                  000074a3    0000000f     open_interface.obj (.const:.string:$P$T0$3)
                  000074b2    00000004     movement.obj (.const:.string:$P$T1$2)
                  000074b6    00000002     --HOLE-- [fill = 0]
                  000074b8    00000008     movement.obj (.const)
                  000074c0    00000004     movement.obj (.const:.string:$P$T2$3)
                  000074c4    00000004     movement.obj (.const:.string:$P$T3$4)
                  000074c8    00000004     movement.obj (.const:.string:$P$T4$5)
                  000074cc    00000004     lcd.obj (.const:.string:lineAddress$1)
                  000074d0    00000004     lcd.obj (.const:.string:lineAddresses$2)

.cinit     0    000074d8    00000068     
                  000074d8    00000034     (.cinit..data.load) [load image, compression = lzss]
                  0000750c    0000000c     (__TI_handler_table)
                  00007518    00000008     (.cinit..bss.load) [load image, compression = zero_init]
                  00007520    00000008     (.cinit..vtable.load) [load image, compression = zero_init]
                  00007528    00000018     (__TI_cinit_table)

.init_array 
*          0    00000000    00000000     UNINITIALIZED

.vtable    0    20000000    0000026c     UNINITIALIZED
                  20000000    0000026c     driverlib.lib : interrupt.obj (.vtable)

.stack     0    20000270    00000800     UNINITIALIZED
                  20000270    00000004     rtsv7M4_T_le_v4SPD16_eabi.lib : boot_cortex_m.c.obj (.stack)
                  20000274    000007fc     --HOLE--

.sysmem    0    20000a70    00000400     UNINITIALIZED
                  20000a70    00000010     rtsv7M4_T_le_v4SPD16_eabi.lib : memory.c.obj (.sysmem)
                  20000a80    000003f0     --HOLE--

.bss       0    20000e70    000001b1     UNINITIALIZED
                  20000e70    00000120     rtsv7M4_T_le_v4SPD16_eabi.lib : trgmsg.c.obj (.bss:_CIOBUF_)
                  20000f90    00000054     lcd.obj (.bss:lastbuffer$3)
                  20000fe4    00000018     open_interface.obj (.bss:firmware$2)
                  20000ffc    00000008     (.common:parmbuf)
                  20001004    00000004     (.common:_timeout_ticks)
                  20001008    00000004     (.common:denom)
                  2000100c    00000004     (.common:difference)
                  20001010    00000004     (.common:falling_time)
                  20001014    00000004     (.common:match_subtract)
                  20001018    00000004     (.common:overflow)
                  2000101c    00000004     (.common:rising_time)
                  20001020    00000001     (.common:state)

.data      0    20001024    0000005c     UNINITIALIZED
                  20001024    00000020     open_interface.obj (.data)
                  20001044    00000019     servo.obj (.data)
                  2000105d    00000001     Timer.obj (.data)
                  2000105e    00000002     --HOLE--
                  20001060    00000008     rtsv7M4_T_le_v4SPD16_eabi.lib : _lock.c.obj (.data:$O1$$)
                  20001068    00000008                                   : memory.c.obj (.data:$O1$$)
                  20001070    00000008     main.obj (.data)
                  20001078    00000004     rtsv7M4_T_le_v4SPD16_eabi.lib : errno.c.obj (.data)
                  2000107c    00000004                                   : rand.c.obj (.data)

__llvm_prf_cnts 
*          0    20000000    00000000     UNINITIALIZED

MODULE SUMMARY

       Module                         code    ro data   rw data
       ------                         ----    -------   -------
    .\
       open_interface.obj             3128    15        56     
       main.obj                       2260    27        21     
       movement.obj                   904     29        0      
       lcd.obj                        824     8         84     
       servo.obj                      696     0         37     
       tm4c123gh6pm_startup_ccs.obj   12      620       0      
       Timer.obj                      584     0         5      
       adc.obj                        528     0         0      
       uart_extra_help.obj            520     0         0      
       ping.obj                       504     0         0      
    +--+------------------------------+-------+---------+---------+
       Total:                         9960    699       203    
                                                               
    C:/ti/TivaWare_C_Series-2.2.0.295/driverlib/ccs/Debug/driverlib.lib
       interrupt.obj                  68      0         620    
       cpu.obj                        12      0         0      
    +--+------------------------------+-------+---------+---------+
       Total:                         80      0         620    
                                                               
    C:\ti\ccs1271\ccs\tools\compiler\ti-cgt-arm_20.2.7.LTS\lib\rtsv7M4_T_le_v4SPD16_eabi.lib
       _printfi.c.obj                 4851    0         0      
       e_pow.c.obj                    2512    48        0      
       k_rem_pio2.c.obj               1848    344       0      
       s_cos.c.obj                    1500    0         0      
       s_tan.c.obj                    1288    0         0      
       k_tan.c.obj                    796     128       0      
       memory.c.obj                   728     0         8      
       fd_add_t2.asm.obj              438     0         0      
       trgmsg.c.obj                   108     0         288    
       k_sin.c.obj                    372     0         0      
       k_cos.c.obj                    368     0         0      
       e_sqrt.c.obj                   344     0         0      
       fd_div_t2.asm.obj              310     0         0      
       s_scalbn.c.obj                 272     0         0      
       fd_cmp_t2.asm.obj              268     0         0      
       ctype.c.obj                    0       257       0      
       fd_mul_t2.asm.obj              252     0         0      
       s_floor.c.obj                  248     0         0      
       memcpy_t2.asm.obj              156     0         0      
       ull_div_t2.asm.obj             150     0         0      
       vsnprintf.c.obj                136     0         0      
       memset_t2.asm.obj              122     0         0      
       fd_tos_t2.asm.obj              110     0         0      
       copy_decompress_lzss.c.obj     104     0         0      
       s_frexp.c.obj                  100     0         0      
       sprintf.c.obj                  98      0         0      
       rand.c.obj                     88      0         4      
       _ltoa.c.obj                    84      0         0      
       atoi.c.obj                     76      0         0      
       fd_toi_t2.asm.obj              72      0         0      
       hosttime.c.obj                 72      0         0      
       autoinit.c.obj                 68      0         0      
       fd_tou_t2.asm.obj              68      0         0      
       fs_tod_t2.asm.obj              56      0         0      
       boot_cortex_m.c.obj            52      0         0      
       i_tofd_t2.asm.obj              46      0         0      
       memccpy.c.obj                  28      0         0      
       s_copysign.c.obj               26      0         0      
       strcmp.c.obj                   24      0         0      
       strchr.c.obj                   22      0         0      
       strcpy.c.obj                   20      0         0      
       strlen.c.obj                   20      0         0      
       wcslen.c.obj                   18      0         0      
       copy_decompress_none.c.obj     14      0         0      
       time.c.obj                     14      0         0      
       copy_zero_init.c.obj           12      0         0      
       errno.c.obj                    8       0         4      
       _lock.c.obj                    2       0         8      
       hostopen.c.obj                 0       0         8      
       exit.c.obj                     4       0         0      
       pre_init.c.obj                 4       0         0      
       div0.asm.obj                   2       0         0      
    +--+------------------------------+-------+---------+---------+
       Total:                         18379   777       320    
                                                               
       Heap:                          0       0         1024   
       Stack:                         0       0         2048   
       Linker Generated:              0       104       0      
    +--+------------------------------+-------+---------+---------+
       Grand Total:                   28419   1580      4215   


LINKER GENERATED COPY TABLES

__TI_cinit_table @ 00007528 records: 3, size/record: 8, table size: 24
	.data: load addr=000074d8, load size=00000034 bytes, run addr=20001024, run size=0000005c bytes, compression=lzss
	.bss: load addr=00007518, load size=00000008 bytes, run addr=20000e70, run size=000001b1 bytes, compression=zero_init
	.vtable: load addr=00007520, load size=00000008 bytes, run addr=20000000, run size=0000026c bytes, compression=zero_init


LINKER GENERATED HANDLER TABLE

__TI_handler_table @ 0000750c records: 3, size/record: 4, table size: 12
	index: 0, handler: __TI_zero_init
	index: 1, handler: __TI_decompress_lzss
	index: 2, handler: __TI_decompress_none


GLOBAL SYMBOLS: SORTED ALPHABETICALLY BY Name 

address   name                          
-------   ----                          
00004feb  ADC_calibrate                 
00004ed9  ADC_init                      
00004f5b  ADC_read                      
00007175  C$$EXIT                       
00006dff  C$$IO$$                       
00007133  CPUcpsie                      
000074b8  ERROR                         
00000bc3  GPIOF_Handler                 
00006bf9  HOSTtime                      
00004f89  IR_SCAN                       
000070f7  IntMasterEnable               
00006e79  IntRegister                   
0000714b  ResetISR                      
000052f1  TIMER3B_Handler               
0000524f  UART1_Handler                 
20000e70  __CIOBUF_                     
20000a70  __STACK_END                   
00000800  __STACK_SIZE                  
20000470  __STACK_TOP                   
00000400  __SYSMEM_SIZE                 
00007528  __TI_CINIT_Base               
00007540  __TI_CINIT_Limit              
0000750c  __TI_Handler_Table_Base       
00007518  __TI_Handler_Table_Limit      
00006c89  __TI_auto_init_nobinit_nopinit
000069e5  __TI_decompress_lzss          
00007125  __TI_decompress_none          
00006b07  __TI_ltoa                     
ffffffff  __TI_pprof_out_hndl           
00000e8d  __TI_printfi                  
ffffffff  __TI_prof_data_size           
ffffffff  __TI_prof_data_start          
00006ead  __TI_readmsg                  
00000000  __TI_static_base__            
00006dd1  __TI_writemsg                 
0000713f  __TI_zero_init                
00006711  __aeabi_cdcmpeq               
00006711  __aeabi_cdcmple               
00006797  __aeabi_cdrcmple              
00006977  __aeabi_d2f                   
00006c41  __aeabi_d2iz                  
00006ccd  __aeabi_d2uiz                 
000056c3  __aeabi_dadd                  
00005de9  __aeabi_ddiv                  
00006255  __aeabi_dmul                  
000056b9  __aeabi_dsub                  
00007161  __aeabi_errno_addr            
00006e41  __aeabi_f2d                   
00006f79  __aeabi_i2d                   
0000586f  __aeabi_idiv0                 
0000586f  __aeabi_ldiv0                 
0000681d  __aeabi_memclr                
0000681d  __aeabi_memclr4               
0000681d  __aeabi_memclr8               
000065df  __aeabi_memcpy                
000065df  __aeabi_memcpy4               
000065df  __aeabi_memcpy8               
0000681f  __aeabi_memset                
0000681f  __aeabi_memset4               
0000681f  __aeabi_memset8               
0000667b  __aeabi_uldivmod              
ffffffff  __binit__                     
ffffffff  __c_args__                    
000059e5  __kernel_cos                  
00002b81  __kernel_rem_pio2             
00005871  __kernel_sin                  
0000444d  __kernel_tan                  
UNDEFED   __mpu_init                    
20000270  __stack                       
20000000  __start___llvm_prf_cnts       
20000000  __stop___llvm_prf_cnts        
00007117  __time32                      
00006ee1  _c_int00_noargs               
000072d0  _ctypes_                      
20001060  _lock                         
000018db  _nop                          
2000105d  _running                      
20000a70  _sys_memory                   
UNDEFED   _system_post_cinit            
00007171  _system_pre_init              
20001004  _timeout_ticks                
20001064  _unlock                       
00007175  abort                         
00006155  aligned_alloc                 
00006bad  atoi                          
20001050  base_1_millisecond            
ffffffff  binit                         
20001074  botSizeCm                     
00003fd9  bump                          
0000490b  button_getButton              
000048df  button_init                   
00004981  calibrateServo                
00006e09  calloc                        
0000402f  cliff                         
0000702d  copysign                      
0000702d  copysignl                     
000032b9  cos                           
000032b9  cosl                          
20001044  degrees                       
20001008  denom                         
00002431  determineObjects              
2000100c  difference                    
20001070  doSomething                   
20001078  errno                         
20001010  falling_time                  
00006351  floor                         
00006351  floorl                        
00006449  free                          
00006a4d  frexp                         
00006a4d  frexpl                        
20000000  g_pfnRAMVectors               
00000000  g_pfnVectors                  
0000097f  go_charge                     
00004075  helpSend                      
00007107  lcd_clear                     
000042f9  lcd_gotoLine                  
00004161  lcd_init                      
0000435f  lcd_printf                    
00004221  lcd_putc                      
00004259  lcd_puts                      
00004125  lcd_reverseNibble             
00004277  lcd_sendCommand               
000042b5  lcd_sendNibble                
00004321  lcd_setCursorPos              
00006045  ldexp                         
00006045  ldexpl                        
20001058  left_cal                      
000022ad  main                          
00007169  malloc                        
20001014  match_subtract                
00006155  memalign                      
00007011  memccpy                       
000065df  memcpy                        
00006825  memset                        
20001024  motor_cal_factor_L            
20001028  motor_cal_factor_R            
00002961  moveToAvoid                   
00003e91  move_backwards                
00003ef9  move_forward                  
000027b1  objectsInit                   
0000026d  oi_alloc                      
00000aa9  oi_checkFirmware              
000002c7  oi_close                      
00000279  oi_free                       
00000ded  oi_getMotorCalibrationLeft    
00000e01  oi_getMotorCalibrationRight   
000002b1  oi_init                       
00000289  oi_init_noupdate              
00000915  oi_loadSong                   
00007077  oi_parseInt                   
0000032b  oi_parsePacket                
0000096b  oi_play_song                  
0000084b  oi_setLeds                    
00000db1  oi_setMotorCalibration        
0000088f  oi_setWheels                  
00000b51  oi_shutoff_init               
0000098d  oi_uartInit                   
00000a31  oi_uartReceive                
00000a77  oi_uartSendBuff               
00000a15  oi_uartSendChar               
00000a59  oi_uartSendStr                
000002d9  oi_update                     
20001018  overflow                      
20000ffc  parmbuf                       
000025f5  pingObjects                   
0000533f  ping_init                     
000053df  ping_read                     
20001048  position                      
000018dd  pow                           
000018dd  powl                          
00006f15  rand                          
0000288d  removeObjects                 
20001054  right_cal                     
2000101c  rising_time                   
00002365  runScan                       
00006045  scalbn                        
00006045  scalbnl                       
00005413  send_pulse                    
00004769  servo_init                    
00004805  servo_move_clock_cycles       
0000486d  servo_move_degrees            
000026c5  sizeObjects                   
00006d11  sprintf                       
00005b55  sqrt                          
00005b55  sqrtl                         
00006fd1  srand                         
20001020  state                         
000070a7  strchr                        
0000708f  strcmp                        
000070bd  strcpy                        
000070d1  strlen                        
2000104c  switch_direction              
00003895  tan                           
00003895  tanl                          
00007117  time                          
00004daf  timer_getMicros               
00004d57  timer_getMillis               
00004c91  timer_init                    
00004d33  timer_pause                   
00004d45  timer_resume                  
00004d09  timer_stop                    
00004e09  timer_waitMicros              
00004e3b  timer_waitMillis              
00003d9d  turn_clockwise                
00003e1f  turn_counterclockwise         
000040b9  turn_random_dir               
000050e9  uart_init                     
000051ff  uart_interrupt_init           
000051bb  uart_receive                  
0000519f  uart_sendChar                 
000051db  uart_sendStr                  
00006d51  vsnprintf                     
000070e5  wcslen                        


GLOBAL SYMBOLS: SORTED BY Symbol Address 

address   name                          
-------   ----                          
00000000  __TI_static_base__            
00000000  g_pfnVectors                  
0000026d  oi_alloc                      
00000279  oi_free                       
00000289  oi_init_noupdate              
000002b1  oi_init                       
000002c7  oi_close                      
000002d9  oi_update                     
0000032b  oi_parsePacket                
00000400  __SYSMEM_SIZE                 
00000800  __STACK_SIZE                  
0000084b  oi_setLeds                    
0000088f  oi_setWheels                  
00000915  oi_loadSong                   
0000096b  oi_play_song                  
0000097f  go_charge                     
0000098d  oi_uartInit                   
00000a15  oi_uartSendChar               
00000a31  oi_uartReceive                
00000a59  oi_uartSendStr                
00000a77  oi_uartSendBuff               
00000aa9  oi_checkFirmware              
00000b51  oi_shutoff_init               
00000bc3  GPIOF_Handler                 
00000db1  oi_setMotorCalibration        
00000ded  oi_getMotorCalibrationLeft    
00000e01  oi_getMotorCalibrationRight   
00000e8d  __TI_printfi                  
000018db  _nop                          
000018dd  pow                           
000018dd  powl                          
000022ad  main                          
00002365  runScan                       
00002431  determineObjects              
000025f5  pingObjects                   
000026c5  sizeObjects                   
000027b1  objectsInit                   
0000288d  removeObjects                 
00002961  moveToAvoid                   
00002b81  __kernel_rem_pio2             
000032b9  cos                           
000032b9  cosl                          
00003895  tan                           
00003895  tanl                          
00003d9d  turn_clockwise                
00003e1f  turn_counterclockwise         
00003e91  move_backwards                
00003ef9  move_forward                  
00003fd9  bump                          
0000402f  cliff                         
00004075  helpSend                      
000040b9  turn_random_dir               
00004125  lcd_reverseNibble             
00004161  lcd_init                      
00004221  lcd_putc                      
00004259  lcd_puts                      
00004277  lcd_sendCommand               
000042b5  lcd_sendNibble                
000042f9  lcd_gotoLine                  
00004321  lcd_setCursorPos              
0000435f  lcd_printf                    
0000444d  __kernel_tan                  
00004769  servo_init                    
00004805  servo_move_clock_cycles       
0000486d  servo_move_degrees            
000048df  button_init                   
0000490b  button_getButton              
00004981  calibrateServo                
00004c91  timer_init                    
00004d09  timer_stop                    
00004d33  timer_pause                   
00004d45  timer_resume                  
00004d57  timer_getMillis               
00004daf  timer_getMicros               
00004e09  timer_waitMicros              
00004e3b  timer_waitMillis              
00004ed9  ADC_init                      
00004f5b  ADC_read                      
00004f89  IR_SCAN                       
00004feb  ADC_calibrate                 
000050e9  uart_init                     
0000519f  uart_sendChar                 
000051bb  uart_receive                  
000051db  uart_sendStr                  
000051ff  uart_interrupt_init           
0000524f  UART1_Handler                 
000052f1  TIMER3B_Handler               
0000533f  ping_init                     
000053df  ping_read                     
00005413  send_pulse                    
000056b9  __aeabi_dsub                  
000056c3  __aeabi_dadd                  
0000586f  __aeabi_idiv0                 
0000586f  __aeabi_ldiv0                 
00005871  __kernel_sin                  
000059e5  __kernel_cos                  
00005b55  sqrt                          
00005b55  sqrtl                         
00005de9  __aeabi_ddiv                  
00006045  ldexp                         
00006045  ldexpl                        
00006045  scalbn                        
00006045  scalbnl                       
00006155  aligned_alloc                 
00006155  memalign                      
00006255  __aeabi_dmul                  
00006351  floor                         
00006351  floorl                        
00006449  free                          
000065df  __aeabi_memcpy                
000065df  __aeabi_memcpy4               
000065df  __aeabi_memcpy8               
000065df  memcpy                        
0000667b  __aeabi_uldivmod              
00006711  __aeabi_cdcmpeq               
00006711  __aeabi_cdcmple               
00006797  __aeabi_cdrcmple              
0000681d  __aeabi_memclr                
0000681d  __aeabi_memclr4               
0000681d  __aeabi_memclr8               
0000681f  __aeabi_memset                
0000681f  __aeabi_memset4               
0000681f  __aeabi_memset8               
00006825  memset                        
00006977  __aeabi_d2f                   
000069e5  __TI_decompress_lzss          
00006a4d  frexp                         
00006a4d  frexpl                        
00006b07  __TI_ltoa                     
00006bad  atoi                          
00006bf9  HOSTtime                      
00006c41  __aeabi_d2iz                  
00006c89  __TI_auto_init_nobinit_nopinit
00006ccd  __aeabi_d2uiz                 
00006d11  sprintf                       
00006d51  vsnprintf                     
00006dd1  __TI_writemsg                 
00006dff  C$$IO$$                       
00006e09  calloc                        
00006e41  __aeabi_f2d                   
00006e79  IntRegister                   
00006ead  __TI_readmsg                  
00006ee1  _c_int00_noargs               
00006f15  rand                          
00006f79  __aeabi_i2d                   
00006fd1  srand                         
00007011  memccpy                       
0000702d  copysign                      
0000702d  copysignl                     
00007077  oi_parseInt                   
0000708f  strcmp                        
000070a7  strchr                        
000070bd  strcpy                        
000070d1  strlen                        
000070e5  wcslen                        
000070f7  IntMasterEnable               
00007107  lcd_clear                     
00007117  __time32                      
00007117  time                          
00007125  __TI_decompress_none          
00007133  CPUcpsie                      
0000713f  __TI_zero_init                
0000714b  ResetISR                      
00007161  __aeabi_errno_addr            
00007169  malloc                        
00007171  _system_pre_init              
00007175  C$$EXIT                       
00007175  abort                         
000072d0  _ctypes_                      
000074b8  ERROR                         
0000750c  __TI_Handler_Table_Base       
00007518  __TI_Handler_Table_Limit      
00007528  __TI_CINIT_Base               
00007540  __TI_CINIT_Limit              
20000000  __start___llvm_prf_cnts       
20000000  __stop___llvm_prf_cnts        
20000000  g_pfnRAMVectors               
20000270  __stack                       
20000470  __STACK_TOP                   
20000a70  __STACK_END                   
20000a70  _sys_memory                   
20000e70  __CIOBUF_                     
20000ffc  parmbuf                       
20001004  _timeout_ticks                
20001008  denom                         
2000100c  difference                    
20001010  falling_time                  
20001014  match_subtract                
20001018  overflow                      
2000101c  rising_time                   
20001020  state                         
20001024  motor_cal_factor_L            
20001028  motor_cal_factor_R            
20001044  degrees                       
20001048  position                      
2000104c  switch_direction              
20001050  base_1_millisecond            
20001054  right_cal                     
20001058  left_cal                      
2000105d  _running                      
20001060  _lock                         
20001064  _unlock                       
20001070  doSomething                   
20001074  botSizeCm                     
20001078  errno                         
ffffffff  __TI_pprof_out_hndl           
ffffffff  __TI_prof_data_size           
ffffffff  __TI_prof_data_start          
ffffffff  __binit__                     
ffffffff  __c_args__                    
ffffffff  binit                         
UNDEFED   __mpu_init                    
UNDEFED   _system_post_cinit            

[213 symbols]
