******************************************************************************
                  TI ARM Linker PC v20.2.7                     
******************************************************************************
>> Linked Sun Dec  8 21:17:47 2024

OUTPUT FILE NAME:   <finalproject.out>
ENTRY POINT SYMBOL: "_c_int00_noargs"  address: 00006cb5


MEMORY CONFIGURATION

         name            origin    length      used     unused   attr    fill
----------------------  --------  ---------  --------  --------  ----  --------
  FLASH                 00000000   00040000  000072bc  00038d44  R  X
  SRAM                  20000000   00008000  00000f4d  000070b3  RW X


SEGMENT ALLOCATION MAP

run origin  load origin   length   init length attrs members
----------  ----------- ---------- ----------- ----- -------
00000000    00000000    000072c0   000072c0    r-x
  00000000    00000000    0000026c   0000026c    r-- .intvecs
  0000026c    0000026c    00006c8c   00006c8c    r-x .text
  00006ef8    00006ef8    0000035c   0000035c    r-- .const
  00007258    00007258    00000068   00000068    r-- .cinit
20000000    20000000    00000f54   00000000    rw-
  20000000    20000000    0000026c   00000000    rw- .vtable
  20000270    20000270    00000800   00000000    rw- .stack
  20000a70    20000a70    00000400   00000000    rw- .sysmem
  20000e70    20000e70    00000089   00000000    rw- .bss
  20000efc    20000efc    00000058   00000000    rw- .data


SECTION ALLOCATION MAP

 output                                  attributes/
section   page    origin      length       input sections
--------  ----  ----------  ----------   ----------------
.intvecs   0    00000000    0000026c     
                  00000000    0000026c     tm4c123gh6pm_startup_ccs.obj (.intvecs)

.text      0    0000026c    00006c8c     
                  0000026c    00000c20     open_interface.obj (.text)
                  00000e8c    00000a4e     rtsv7M4_T_le_v4SPD16_eabi.lib : _printfi.c.obj (.text:__TI_printfi)
                  000018da    00000002                                   : _lock.c.obj (.text:_nop)
                  000018dc    000009d0                                   : e_pow.c.obj (.text:pow)
                  000022ac    0000081c     main.obj (.text)
                  00002ac8    00000738     rtsv7M4_T_le_v4SPD16_eabi.lib : k_rem_pio2.c.obj (.text:__kernel_rem_pio2)
                  00003200    000005dc                                   : s_cos.c.obj (.text:cos)
                  000037dc    00000508                                   : s_tan.c.obj (.text:tan)
                  00003ce4    00000328     lcd.obj (.text)
                  0000400c    0000031c     rtsv7M4_T_le_v4SPD16_eabi.lib : k_tan.c.obj (.text:__kernel_tan)
                  00004328    000002c8     movement.obj (.text)
                  000045f0    000002b8     servo.obj (.text)
                  000048a8    00000270     rtsv7M4_T_le_v4SPD16_eabi.lib : _printfi.c.obj (.text:_pconv_a)
                  00004b18    00000248     Timer.obj (.text)
                  00004d60    00000210     adc.obj (.text)
                  00004f70    00000208     uart_extra_help.obj (.text)
                  00005178    000001f8     ping.obj (.text)
                  00005370    000001d0     rtsv7M4_T_le_v4SPD16_eabi.lib : _printfi.c.obj (.text:_pconv_g)
                  00005540    000001b6                                   : fd_add_t2.asm.obj (.text)
                  000056f6    00000002                                   : div0.asm.obj (.text)
                  000056f8    00000174                                   : k_sin.c.obj (.text:__kernel_sin)
                  0000586c    00000170                                   : k_cos.c.obj (.text:__kernel_cos)
                  000059dc    00000158                                   : e_sqrt.c.obj (.text:sqrt)
                  00005b34    0000013c                                   : _printfi.c.obj (.text:_pconv_e)
                  00005c70    00000136                                   : fd_div_t2.asm.obj (.text)
                  00005da6    00000002     --HOLE-- [fill = 0]
                  00005da8    00000124                                   : _printfi.c.obj (.text:fcvt)
                  00005ecc    00000110                                   : s_scalbn.c.obj (.text:scalbn)
                  00005fdc    00000100                                   : memory.c.obj (.text:aligned_alloc)
                  000060dc    000000fc                                   : fd_mul_t2.asm.obj (.text)
                  000061d8    000000f8                                   : s_floor.c.obj (.text:floor)
                  000062d0    000000e4                                   : memory.c.obj (.text:free)
                  000063b4    000000b1                                   : _printfi.c.obj (.text:_ltostr)
                  00006465    00000001     --HOLE-- [fill = 0]
                  00006466    0000009c                                   : memcpy_t2.asm.obj (.text)
                  00006502    00000096                                   : ull_div_t2.asm.obj (.text)
                  00006598    00000086                                   : fd_cmp_t2.asm.obj (.text:__aeabi_cdcmple)
                  0000661e    00000086                                   : fd_cmp_t2.asm.obj (.text:__aeabi_cdrcmple)
                  000066a4    0000007a                                   : memset_t2.asm.obj (.text)
                  0000671e    00000002     --HOLE-- [fill = 0]
                  00006720    00000070                                   : memory.c.obj (.text:split)
                  00006790    0000006e                                   : _printfi.c.obj (.text:_mcpy)
                  000067fe    0000006e                                   : fd_tos_t2.asm.obj (.text)
                  0000686c    00000068                                   : copy_decompress_lzss.c.obj (.text:decompress:lzss:__TI_decompress_lzss)
                  000068d4    00000064                                   : s_frexp.c.obj (.text:frexp)
                  00006938    00000056                                   : _printfi.c.obj (.text:_pconv_f)
                  0000698e    00000054                                   : _ltoa.c.obj (.text:__TI_ltoa)
                  000069e2    00000052                                   : _printfi.c.obj (.text:_ecpy)
                  00006a34    0000004c                                   : atoi.c.obj (.text:atoi)
                  00006a80    00000048                                   : fd_toi_t2.asm.obj (.text)
                  00006ac8    00000044                                   : autoinit.c.obj (.text:__TI_auto_init_nobinit_nopinit:__TI_auto_init_nobinit_nopinit)
                  00006b0c    00000044                                   : fd_tou_t2.asm.obj (.text)
                  00006b50    00000040                                   : sprintf.c.obj (.text:sprintf)
                  00006b90    00000040                                   : vsnprintf.c.obj (.text:vsnprintf)
                  00006bd0    0000003e                                   : _printfi.c.obj (.text:_fcpy)
                  00006c0e    00000002     --HOLE-- [fill = 0]
                  00006c10    00000038                                   : memory.c.obj (.text:calloc)
                  00006c48    00000038                                   : fs_tod_t2.asm.obj (.text)
                  00006c80    00000034     driverlib.lib : interrupt.obj (.text:IntRegister)
                  00006cb4    00000034     rtsv7M4_T_le_v4SPD16_eabi.lib : boot_cortex_m.c.obj (.text:_c_int00_noargs:_c_int00_noargs)
                  00006ce8    00000030                                   : vsnprintf.c.obj (.text:_outs)
                  00006d18    0000002e                                   : i_tofd_t2.asm.obj (.text)
                  00006d46    00000002     --HOLE-- [fill = 0]
                  00006d48    00000028                                   : memory.c.obj (.text:free_list_insert)
                  00006d70    0000001c                                   : copy_zero_init.c.obj (.text:decompress:ZI:__TI_zero_init_nomemset:__TI_zero_init_nomemset)
                  00006d8c    0000001c                                   : memory.c.obj (.text:free_list_remove)
                  00006da8    0000001c                                   : memccpy.c.obj (.text:memccpy)
                  00006dc4    0000001a                                   : s_copysign.c.obj (.text:copysign)
                  00006dde    00000018                                   : vsnprintf.c.obj (.text:_outc)
                  00006df6    00000018                                   : sprintf.c.obj (.text:_outs)
                  00006e0e    00000018     open_interface.obj (.text:oi_parseInt)
                  00006e26    00000018     rtsv7M4_T_le_v4SPD16_eabi.lib : strcmp.c.obj (.text:strcmp)
                  00006e3e    00000016                                   : strchr.c.obj (.text:strchr)
                  00006e54    00000014                                   : strcpy.c.obj (.text:strcpy)
                  00006e68    00000014                                   : strlen.c.obj (.text:strlen)
                  00006e7c    00000012                                   : wcslen.c.obj (.text:wcslen)
                  00006e8e    00000010     driverlib.lib : interrupt.obj (.text:IntMasterEnable)
                  00006e9e    00000010     lcd.obj (.text:lcd_clear)
                  00006eae    0000000e     rtsv7M4_T_le_v4SPD16_eabi.lib : copy_decompress_none.c.obj (.text:decompress:none:__TI_decompress_none)
                  00006ebc    0000000c     driverlib.lib : cpu.obj (.text:CPUcpsie)
                  00006ec8    0000000c     tm4c123gh6pm_startup_ccs.obj (.text)
                  00006ed4    0000000a     rtsv7M4_T_le_v4SPD16_eabi.lib : sprintf.c.obj (.text:_outc)
                  00006ede    00000002     --HOLE-- [fill = 0]
                  00006ee0    00000008                                   : errno.c.obj (.text:__aeabi_errno_addr)
                  00006ee8    00000008                                   : memory.c.obj (.text:malloc)
                  00006ef0    00000004                                   : pre_init.c.obj (.text:_system_pre_init)
                  00006ef4    00000004                                   : exit.c.obj (.text:abort:abort)

.const     0    00006ef8    0000035c     
                  00006ef8    00000158     rtsv7M4_T_le_v4SPD16_eabi.lib : k_rem_pio2.c.obj (.const:$O1$$)
                  00007050    00000101                                   : ctype.c.obj (.const:.string:_ctypes_)
                  00007151    00000005     movement.obj (.const:.string:$P$T0$1)
                  00007156    00000002     --HOLE-- [fill = 0]
                  00007158    00000080     rtsv7M4_T_le_v4SPD16_eabi.lib : k_tan.c.obj (.const:xxx)
                  000071d8    00000030                                   : e_pow.c.obj (.const:$O1$$)
                  00007208    0000001b     main.obj (.const:.string:$P$T0$1)
                  00007223    0000000f     open_interface.obj (.const:.string:$P$T0$3)
                  00007232    00000004     movement.obj (.const:.string:$P$T1$2)
                  00007236    00000002     --HOLE-- [fill = 0]
                  00007238    00000008     movement.obj (.const)
                  00007240    00000004     movement.obj (.const:.string:$P$T2$3)
                  00007244    00000004     movement.obj (.const:.string:$P$T3$4)
                  00007248    00000004     movement.obj (.const:.string:$P$T4$5)
                  0000724c    00000004     lcd.obj (.const:.string:lineAddress$1)
                  00007250    00000004     lcd.obj (.const:.string:lineAddresses$2)

.cinit     0    00007258    00000068     
                  00007258    00000034     (.cinit..data.load) [load image, compression = lzss]
                  0000728c    0000000c     (__TI_handler_table)
                  00007298    00000008     (.cinit..bss.load) [load image, compression = zero_init]
                  000072a0    00000008     (.cinit..vtable.load) [load image, compression = zero_init]
                  000072a8    00000018     (__TI_cinit_table)

.init_array 
*          0    00000000    00000000     UNINITIALIZED

.vtable    0    20000000    0000026c     UNINITIALIZED
                  20000000    0000026c     driverlib.lib : interrupt.obj (.vtable)

.stack     0    20000270    00000800     UNINITIALIZED
                  20000270    00000004     rtsv7M4_T_le_v4SPD16_eabi.lib : boot_cortex_m.c.obj (.stack)
                  20000274    000007fc     --HOLE--

.sysmem    0    20000a70    00000400     UNINITIALIZED
                  20000a70    00000010     rtsv7M4_T_le_v4SPD16_eabi.lib : memory.c.obj (.sysmem)
                  20000a80    000003f0     --HOLE--

.bss       0    20000e70    00000089     UNINITIALIZED
                  20000e70    00000054     lcd.obj (.bss:lastbuffer$3)
                  20000ec4    00000018     open_interface.obj (.bss:firmware$2)
                  20000edc    00000004     (.common:_timeout_ticks)
                  20000ee0    00000004     (.common:denom)
                  20000ee4    00000004     (.common:difference)
                  20000ee8    00000004     (.common:falling_time)
                  20000eec    00000004     (.common:match_subtract)
                  20000ef0    00000004     (.common:overflow)
                  20000ef4    00000004     (.common:rising_time)
                  20000ef8    00000001     (.common:state)

.data      0    20000efc    00000058     UNINITIALIZED
                  20000efc    00000020     open_interface.obj (.data)
                  20000f1c    00000019     servo.obj (.data)
                  20000f35    00000001     Timer.obj (.data)
                  20000f36    00000002     --HOLE--
                  20000f38    00000008     rtsv7M4_T_le_v4SPD16_eabi.lib : _lock.c.obj (.data:$O1$$)
                  20000f40    00000008                                   : memory.c.obj (.data:$O1$$)
                  20000f48    00000008     main.obj (.data)
                  20000f50    00000004     rtsv7M4_T_le_v4SPD16_eabi.lib : errno.c.obj (.data)

__llvm_prf_cnts 
*          0    20000000    00000000     UNINITIALIZED

MODULE SUMMARY

       Module                         code    ro data   rw data
       ------                         ----    -------   -------
    .\
       open_interface.obj             3128    15        56     
       main.obj                       2076    27        21     
       lcd.obj                        824     8         84     
       movement.obj                   712     29        0      
       servo.obj                      696     0         37     
       tm4c123gh6pm_startup_ccs.obj   12      620       0      
       Timer.obj                      584     0         5      
       adc.obj                        528     0         0      
       uart_extra_help.obj            520     0         0      
       ping.obj                       504     0         0      
    +--+------------------------------+-------+---------+---------+
       Total:                         9584    699       203    
                                                               
    C:/ti/TivaWare_C_Series-2.2.0.295/driverlib/ccs/Debug/driverlib.lib
       interrupt.obj                  68      0         620    
       cpu.obj                        12      0         0      
    +--+------------------------------+-------+---------+---------+
       Total:                         80      0         620    
                                                               
    C:\ti\ccs1271\ccs\tools\compiler\ti-cgt-arm_20.2.7.LTS\lib\rtsv7M4_T_le_v4SPD16_eabi.lib
       _printfi.c.obj                 4851    0         0      
       e_pow.c.obj                    2512    48        0      
       k_rem_pio2.c.obj               1848    344       0      
       s_cos.c.obj                    1500    0         0      
       s_tan.c.obj                    1288    0         0      
       k_tan.c.obj                    796     128       0      
       memory.c.obj                   728     0         8      
       fd_add_t2.asm.obj              438     0         0      
       k_sin.c.obj                    372     0         0      
       k_cos.c.obj                    368     0         0      
       e_sqrt.c.obj                   344     0         0      
       fd_div_t2.asm.obj              310     0         0      
       s_scalbn.c.obj                 272     0         0      
       fd_cmp_t2.asm.obj              268     0         0      
       ctype.c.obj                    0       257       0      
       fd_mul_t2.asm.obj              252     0         0      
       s_floor.c.obj                  248     0         0      
       memcpy_t2.asm.obj              156     0         0      
       ull_div_t2.asm.obj             150     0         0      
       vsnprintf.c.obj                136     0         0      
       memset_t2.asm.obj              122     0         0      
       fd_tos_t2.asm.obj              110     0         0      
       copy_decompress_lzss.c.obj     104     0         0      
       s_frexp.c.obj                  100     0         0      
       sprintf.c.obj                  98      0         0      
       _ltoa.c.obj                    84      0         0      
       atoi.c.obj                     76      0         0      
       fd_toi_t2.asm.obj              72      0         0      
       autoinit.c.obj                 68      0         0      
       fd_tou_t2.asm.obj              68      0         0      
       fs_tod_t2.asm.obj              56      0         0      
       boot_cortex_m.c.obj            52      0         0      
       i_tofd_t2.asm.obj              46      0         0      
       copy_zero_init.c.obj           28      0         0      
       memccpy.c.obj                  28      0         0      
       s_copysign.c.obj               26      0         0      
       strcmp.c.obj                   24      0         0      
       strchr.c.obj                   22      0         0      
       strcpy.c.obj                   20      0         0      
       strlen.c.obj                   20      0         0      
       wcslen.c.obj                   18      0         0      
       copy_decompress_none.c.obj     14      0         0      
       errno.c.obj                    8       0         4      
       _lock.c.obj                    2       0         8      
       exit.c.obj                     4       0         0      
       pre_init.c.obj                 4       0         0      
       div0.asm.obj                   2       0         0      
    +--+------------------------------+-------+---------+---------+
       Total:                         18113   777       20     
                                                               
       Heap:                          0       0         1024   
       Stack:                         0       0         2048   
       Linker Generated:              0       104       0      
    +--+------------------------------+-------+---------+---------+
       Grand Total:                   27777   1580      3915   


LINKER GENERATED COPY TABLES

__TI_cinit_table @ 000072a8 records: 3, size/record: 8, table size: 24
	.data: load addr=00007258, load size=00000034 bytes, run addr=20000efc, run size=00000058 bytes, compression=lzss
	.bss: load addr=00007298, load size=00000008 bytes, run addr=20000e70, run size=00000089 bytes, compression=zero_init
	.vtable: load addr=000072a0, load size=00000008 bytes, run addr=20000000, run size=0000026c bytes, compression=zero_init


LINKER GENERATED HANDLER TABLE

__TI_handler_table @ 0000728c records: 3, size/record: 4, table size: 12
	index: 0, handler: __TI_zero_init
	index: 1, handler: __TI_decompress_lzss
	index: 2, handler: __TI_decompress_none


GLOBAL SYMBOLS: SORTED ALPHABETICALLY BY Name 

address   name                          
-------   ----                          
00004e73  ADC_calibrate                 
00004d61  ADC_init                      
00004de3  ADC_read                      
00006ef5  C$$EXIT                       
00006ebd  CPUcpsie                      
00007238  ERROR                         
00000bc3  GPIOF_Handler                 
00004e11  IR_SCAN                       
00006e8f  IntMasterEnable               
00006c81  IntRegister                   
00006ec9  ResetISR                      
00005179  TIMER3B_Handler               
000050d7  UART1_Handler                 
20000a70  __STACK_END                   
00000800  __STACK_SIZE                  
20000470  __STACK_TOP                   
00000400  __SYSMEM_SIZE                 
000072a8  __TI_CINIT_Base               
000072c0  __TI_CINIT_Limit              
0000728c  __TI_Handler_Table_Base       
00007298  __TI_Handler_Table_Limit      
00006ac9  __TI_auto_init_nobinit_nopinit
0000686d  __TI_decompress_lzss          
00006eaf  __TI_decompress_none          
0000698f  __TI_ltoa                     
ffffffff  __TI_pprof_out_hndl           
00000e8d  __TI_printfi                  
ffffffff  __TI_prof_data_size           
ffffffff  __TI_prof_data_start          
00000000  __TI_static_base__            
00006d71  __TI_zero_init_nomemset       
00006599  __aeabi_cdcmpeq               
00006599  __aeabi_cdcmple               
0000661f  __aeabi_cdrcmple              
000067ff  __aeabi_d2f                   
00006a81  __aeabi_d2iz                  
00006b0d  __aeabi_d2uiz                 
0000554b  __aeabi_dadd                  
00005c71  __aeabi_ddiv                  
000060dd  __aeabi_dmul                  
00005541  __aeabi_dsub                  
00006ee1  __aeabi_errno_addr            
00006c49  __aeabi_f2d                   
00006d19  __aeabi_i2d                   
000056f7  __aeabi_idiv0                 
000056f7  __aeabi_ldiv0                 
000066a5  __aeabi_memclr                
000066a5  __aeabi_memclr4               
000066a5  __aeabi_memclr8               
00006467  __aeabi_memcpy                
00006467  __aeabi_memcpy4               
00006467  __aeabi_memcpy8               
000066a7  __aeabi_memset                
000066a7  __aeabi_memset4               
000066a7  __aeabi_memset8               
00006503  __aeabi_uldivmod              
ffffffff  __binit__                     
ffffffff  __c_args__                    
0000586d  __kernel_cos                  
00002ac9  __kernel_rem_pio2             
000056f9  __kernel_sin                  
0000400d  __kernel_tan                  
UNDEFED   __mpu_init                    
20000270  __stack                       
20000000  __start___llvm_prf_cnts       
20000000  __stop___llvm_prf_cnts        
00006cb5  _c_int00_noargs               
00007050  _ctypes_                      
20000f38  _lock                         
000018db  _nop                          
20000f35  _running                      
20000a70  _sys_memory                   
UNDEFED   _system_post_cinit            
00006ef1  _system_pre_init              
20000edc  _timeout_ticks                
20000f3c  _unlock                       
00006ef5  abort                         
00005fdd  aligned_alloc                 
00006a35  atoi                          
20000f28  base_1_millisecond            
ffffffff  binit                         
20000f4c  botSizeCm                     
000044e9  bump                          
00004793  button_getButton              
00004767  button_init                   
00004809  calibrateServo                
00006c11  calloc                        
00004543  cliff                         
00006dc5  copysign                      
00006dc5  copysignl                     
00003201  cos                           
00003201  cosl                          
20000f1c  degrees                       
20000ee0  denom                         
0000240d  determineObjects              
20000ee4  difference                    
20000f48  doSomething                   
20000f50  errno                         
20000ee8  falling_time                  
000061d9  floor                         
000061d9  floorl                        
000062d1  free                          
000068d5  frexp                         
000068d5  frexpl                        
20000000  g_pfnRAMVectors               
00000000  g_pfnVectors                  
0000097f  go_charge                     
0000457f  helpSend                      
00006e9f  lcd_clear                     
00003eb9  lcd_gotoLine                  
00003d21  lcd_init                      
00003f1f  lcd_printf                    
00003de1  lcd_putc                      
00003e19  lcd_puts                      
00003ce5  lcd_reverseNibble             
00003e37  lcd_sendCommand               
00003e75  lcd_sendNibble                
00003ee1  lcd_setCursorPos              
00005ecd  ldexp                         
00005ecd  ldexpl                        
20000f30  left_cal                      
000022ad  main                          
00006ee9  malloc                        
20000eec  match_subtract                
00005fdd  memalign                      
00006da9  memccpy                       
00006467  memcpy                        
000066ad  memset                        
20000efc  motor_cal_factor_L            
20000f00  motor_cal_factor_R            
00002945  moveToAvoid                   
0000441d  move_backwards                
00004485  move_forward                  
0000278d  objectsInit                   
0000026d  oi_alloc                      
00000aa9  oi_checkFirmware              
000002c7  oi_close                      
00000279  oi_free                       
00000ded  oi_getMotorCalibrationLeft    
00000e01  oi_getMotorCalibrationRight   
000002b1  oi_init                       
00000289  oi_init_noupdate              
00000915  oi_loadSong                   
00006e0f  oi_parseInt                   
0000032b  oi_parsePacket                
0000096b  oi_play_song                  
0000084b  oi_setLeds                    
00000db1  oi_setMotorCalibration        
0000088f  oi_setWheels                  
00000b51  oi_shutoff_init               
0000098d  oi_uartInit                   
00000a31  oi_uartReceive                
00000a77  oi_uartSendBuff               
00000a15  oi_uartSendChar               
00000a59  oi_uartSendStr                
000002d9  oi_update                     
20000ef0  overflow                      
000025d1  pingObjects                   
000051c7  ping_init                     
00005267  ping_read                     
20000f20  position                      
000018dd  pow                           
000018dd  powl                          
0000286d  removeObjects                 
20000f2c  right_cal                     
20000ef4  rising_time                   
00002341  runScan                       
00005ecd  scalbn                        
00005ecd  scalbnl                       
0000529b  send_pulse                    
000045f1  servo_init                    
0000468d  servo_move_clock_cycles       
000046f5  servo_move_degrees            
000026a1  sizeObjects                   
00006b51  sprintf                       
000059dd  sqrt                          
000059dd  sqrtl                         
20000ef8  state                         
00006e3f  strchr                        
00006e27  strcmp                        
00006e55  strcpy                        
00006e69  strlen                        
20000f24  switch_direction              
000037dd  tan                           
000037dd  tanl                          
00004c37  timer_getMicros               
00004bdf  timer_getMillis               
00004b19  timer_init                    
00004bbb  timer_pause                   
00004bcd  timer_resume                  
00004b91  timer_stop                    
00004c91  timer_waitMicros              
00004cc3  timer_waitMillis              
00004329  turn_clockwise                
000043ab  turn_counterclockwise         
00004f71  uart_init                     
00005087  uart_interrupt_init           
00005043  uart_receive                  
00005027  uart_sendChar                 
00005063  uart_sendStr                  
00006b91  vsnprintf                     
00006e7d  wcslen                        


GLOBAL SYMBOLS: SORTED BY Symbol Address 

address   name                          
-------   ----                          
00000000  __TI_static_base__            
00000000  g_pfnVectors                  
0000026d  oi_alloc                      
00000279  oi_free                       
00000289  oi_init_noupdate              
000002b1  oi_init                       
000002c7  oi_close                      
000002d9  oi_update                     
0000032b  oi_parsePacket                
00000400  __SYSMEM_SIZE                 
00000800  __STACK_SIZE                  
0000084b  oi_setLeds                    
0000088f  oi_setWheels                  
00000915  oi_loadSong                   
0000096b  oi_play_song                  
0000097f  go_charge                     
0000098d  oi_uartInit                   
00000a15  oi_uartSendChar               
00000a31  oi_uartReceive                
00000a59  oi_uartSendStr                
00000a77  oi_uartSendBuff               
00000aa9  oi_checkFirmware              
00000b51  oi_shutoff_init               
00000bc3  GPIOF_Handler                 
00000db1  oi_setMotorCalibration        
00000ded  oi_getMotorCalibrationLeft    
00000e01  oi_getMotorCalibrationRight   
00000e8d  __TI_printfi                  
000018db  _nop                          
000018dd  pow                           
000018dd  powl                          
000022ad  main                          
00002341  runScan                       
0000240d  determineObjects              
000025d1  pingObjects                   
000026a1  sizeObjects                   
0000278d  objectsInit                   
0000286d  removeObjects                 
00002945  moveToAvoid                   
00002ac9  __kernel_rem_pio2             
00003201  cos                           
00003201  cosl                          
000037dd  tan                           
000037dd  tanl                          
00003ce5  lcd_reverseNibble             
00003d21  lcd_init                      
00003de1  lcd_putc                      
00003e19  lcd_puts                      
00003e37  lcd_sendCommand               
00003e75  lcd_sendNibble                
00003eb9  lcd_gotoLine                  
00003ee1  lcd_setCursorPos              
00003f1f  lcd_printf                    
0000400d  __kernel_tan                  
00004329  turn_clockwise                
000043ab  turn_counterclockwise         
0000441d  move_backwards                
00004485  move_forward                  
000044e9  bump                          
00004543  cliff                         
0000457f  helpSend                      
000045f1  servo_init                    
0000468d  servo_move_clock_cycles       
000046f5  servo_move_degrees            
00004767  button_init                   
00004793  button_getButton              
00004809  calibrateServo                
00004b19  timer_init                    
00004b91  timer_stop                    
00004bbb  timer_pause                   
00004bcd  timer_resume                  
00004bdf  timer_getMillis               
00004c37  timer_getMicros               
00004c91  timer_waitMicros              
00004cc3  timer_waitMillis              
00004d61  ADC_init                      
00004de3  ADC_read                      
00004e11  IR_SCAN                       
00004e73  ADC_calibrate                 
00004f71  uart_init                     
00005027  uart_sendChar                 
00005043  uart_receive                  
00005063  uart_sendStr                  
00005087  uart_interrupt_init           
000050d7  UART1_Handler                 
00005179  TIMER3B_Handler               
000051c7  ping_init                     
00005267  ping_read                     
0000529b  send_pulse                    
00005541  __aeabi_dsub                  
0000554b  __aeabi_dadd                  
000056f7  __aeabi_idiv0                 
000056f7  __aeabi_ldiv0                 
000056f9  __kernel_sin                  
0000586d  __kernel_cos                  
000059dd  sqrt                          
000059dd  sqrtl                         
00005c71  __aeabi_ddiv                  
00005ecd  ldexp                         
00005ecd  ldexpl                        
00005ecd  scalbn                        
00005ecd  scalbnl                       
00005fdd  aligned_alloc                 
00005fdd  memalign                      
000060dd  __aeabi_dmul                  
000061d9  floor                         
000061d9  floorl                        
000062d1  free                          
00006467  __aeabi_memcpy                
00006467  __aeabi_memcpy4               
00006467  __aeabi_memcpy8               
00006467  memcpy                        
00006503  __aeabi_uldivmod              
00006599  __aeabi_cdcmpeq               
00006599  __aeabi_cdcmple               
0000661f  __aeabi_cdrcmple              
000066a5  __aeabi_memclr                
000066a5  __aeabi_memclr4               
000066a5  __aeabi_memclr8               
000066a7  __aeabi_memset                
000066a7  __aeabi_memset4               
000066a7  __aeabi_memset8               
000066ad  memset                        
000067ff  __aeabi_d2f                   
0000686d  __TI_decompress_lzss          
000068d5  frexp                         
000068d5  frexpl                        
0000698f  __TI_ltoa                     
00006a35  atoi                          
00006a81  __aeabi_d2iz                  
00006ac9  __TI_auto_init_nobinit_nopinit
00006b0d  __aeabi_d2uiz                 
00006b51  sprintf                       
00006b91  vsnprintf                     
00006c11  calloc                        
00006c49  __aeabi_f2d                   
00006c81  IntRegister                   
00006cb5  _c_int00_noargs               
00006d19  __aeabi_i2d                   
00006d71  __TI_zero_init_nomemset       
00006da9  memccpy                       
00006dc5  copysign                      
00006dc5  copysignl                     
00006e0f  oi_parseInt                   
00006e27  strcmp                        
00006e3f  strchr                        
00006e55  strcpy                        
00006e69  strlen                        
00006e7d  wcslen                        
00006e8f  IntMasterEnable               
00006e9f  lcd_clear                     
00006eaf  __TI_decompress_none          
00006ebd  CPUcpsie                      
00006ec9  ResetISR                      
00006ee1  __aeabi_errno_addr            
00006ee9  malloc                        
00006ef1  _system_pre_init              
00006ef5  C$$EXIT                       
00006ef5  abort                         
00007050  _ctypes_                      
00007238  ERROR                         
0000728c  __TI_Handler_Table_Base       
00007298  __TI_Handler_Table_Limit      
000072a8  __TI_CINIT_Base               
000072c0  __TI_CINIT_Limit              
20000000  __start___llvm_prf_cnts       
20000000  __stop___llvm_prf_cnts        
20000000  g_pfnRAMVectors               
20000270  __stack                       
20000470  __STACK_TOP                   
20000a70  __STACK_END                   
20000a70  _sys_memory                   
20000edc  _timeout_ticks                
20000ee0  denom                         
20000ee4  difference                    
20000ee8  falling_time                  
20000eec  match_subtract                
20000ef0  overflow                      
20000ef4  rising_time                   
20000ef8  state                         
20000efc  motor_cal_factor_L            
20000f00  motor_cal_factor_R            
20000f1c  degrees                       
20000f20  position                      
20000f24  switch_direction              
20000f28  base_1_millisecond            
20000f2c  right_cal                     
20000f30  left_cal                      
20000f35  _running                      
20000f38  _lock                         
20000f3c  _unlock                       
20000f48  doSomething                   
20000f4c  botSizeCm                     
20000f50  errno                         
ffffffff  __TI_pprof_out_hndl           
ffffffff  __TI_prof_data_size           
ffffffff  __TI_prof_data_start          
ffffffff  __binit__                     
ffffffff  __c_args__                    
ffffffff  binit                         
UNDEFED   __mpu_init                    
UNDEFED   _system_post_cinit            

[202 symbols]
