******************************************************************************
                  TI ARM Linker PC v20.2.7                     
******************************************************************************
>> Linked Mon Dec  9 15:43:11 2024

OUTPUT FILE NAME:   <finalproject.out>
ENTRY POINT SYMBOL: "_c_int00_noargs"  address: 00006861


MEMORY CONFIGURATION

         name            origin    length      used     unused   attr    fill
----------------------  --------  ---------  --------  --------  ----  --------
  FLASH                 00000000   00040000  00006e9c  00039164  R  X
  SRAM                  20000000   00008000  00001081  00006f7f  RW X


SEGMENT ALLOCATION MAP

run origin  load origin   length   init length attrs members
----------  ----------- ---------- ----------- ----- -------
00000000    00000000    00006ea0   00006ea0    r-x
  00000000    00000000    0000026c   0000026c    r-- .intvecs
  0000026c    0000026c    00006858   00006858    r-x .text
  00006ac8    00006ac8    00000368   00000368    r-- .const
  00006e30    00006e30    00000070   00000070    r-- .cinit
20000000    20000000    00001088   00000000    rw-
  20000000    20000000    0000026c   00000000    rw- .vtable
  20000270    20000270    00000800   00000000    rw- .stack
  20000a70    20000a70    00000400   00000000    rw- .sysmem
  20000e70    20000e70    000001b1   00000000    rw- .bss
  20001024    20001024    00000064   00000000    rw- .data


SECTION ALLOCATION MAP

 output                                  attributes/
section   page    origin      length       input sections
--------  ----  ----------  ----------   ----------------
.intvecs   0    00000000    0000026c     
                  00000000    0000026c     tm4c123gh6pm_startup_ccs.obj (.intvecs)

.text      0    0000026c    00006858     
                  0000026c    00000c20     open_interface.obj (.text)
                  00000e8c    00000a4e     rtsv7M4_T_le_v4SPD16_eabi.lib : _printfi.c.obj (.text:__TI_printfi)
                  000018da    00000002                                   : _lock.c.obj (.text:_nop)
                  000018dc    00000a1c     main.obj (.text)
                  000022f8    000009d0     rtsv7M4_T_le_v4SPD16_eabi.lib : e_pow.c.obj (.text:pow)
                  00002cc8    00000738                                   : k_rem_pio2.c.obj (.text:__kernel_rem_pio2)
                  00003400    00000508                                   : s_tan.c.obj (.text:tan)
                  00003908    00000414     movement.obj (.text)
                  00003d1c    00000328     lcd.obj (.text)
                  00004044    0000031c     rtsv7M4_T_le_v4SPD16_eabi.lib : k_tan.c.obj (.text:__kernel_tan)
                  00004360    000002b8     servo.obj (.text)
                  00004618    00000274     uart_extra_help.obj (.text)
                  0000488c    00000270     rtsv7M4_T_le_v4SPD16_eabi.lib : _printfi.c.obj (.text:_pconv_a)
                  00004afc    00000248     Timer.obj (.text)
                  00004d44    00000210     adc.obj (.text)
                  00004f54    000001f8     ping.obj (.text)
                  0000514c    000001d0     rtsv7M4_T_le_v4SPD16_eabi.lib : _printfi.c.obj (.text:_pconv_g)
                  0000531c    000001b6                                   : fd_add_t2.asm.obj (.text)
                  000054d2    00000002                                   : div0.asm.obj (.text)
                  000054d4    00000158                                   : e_sqrt.c.obj (.text:sqrt)
                  0000562c    0000013c                                   : _printfi.c.obj (.text:_pconv_e)
                  00005768    00000136                                   : fd_div_t2.asm.obj (.text)
                  0000589e    00000002     --HOLE-- [fill = 0]
                  000058a0    00000124                                   : _printfi.c.obj (.text:fcvt)
                  000059c4    00000110                                   : s_scalbn.c.obj (.text:scalbn)
                  00005ad4    00000100                                   : memory.c.obj (.text:aligned_alloc)
                  00005bd4    000000fc                                   : fd_mul_t2.asm.obj (.text)
                  00005cd0    000000f8                                   : s_floor.c.obj (.text:floor)
                  00005dc8    000000e4                                   : memory.c.obj (.text:free)
                  00005eac    000000b1                                   : _printfi.c.obj (.text:_ltostr)
                  00005f5d    00000001     --HOLE-- [fill = 0]
                  00005f5e    0000009c                                   : memcpy_t2.asm.obj (.text)
                  00005ffa    00000096                                   : ull_div_t2.asm.obj (.text)
                  00006090    00000086                                   : fd_cmp_t2.asm.obj (.text:__aeabi_cdcmple)
                  00006116    00000086                                   : fd_cmp_t2.asm.obj (.text:__aeabi_cdrcmple)
                  0000619c    0000007a                                   : memset_t2.asm.obj (.text)
                  00006216    00000002     --HOLE-- [fill = 0]
                  00006218    00000070                                   : memory.c.obj (.text:split)
                  00006288    0000006e                                   : _printfi.c.obj (.text:_mcpy)
                  000062f6    0000006e                                   : fd_tos_t2.asm.obj (.text)
                  00006364    00000068                                   : copy_decompress_lzss.c.obj (.text:decompress:lzss:__TI_decompress_lzss)
                  000063cc    00000064                                   : s_frexp.c.obj (.text:frexp)
                  00006430    00000056                                   : _printfi.c.obj (.text:_pconv_f)
                  00006486    00000054                                   : _ltoa.c.obj (.text:__TI_ltoa)
                  000064da    00000052                                   : _printfi.c.obj (.text:_ecpy)
                  0000652c    0000004c                                   : atoi.c.obj (.text:atoi)
                  00006578    00000048                                   : hosttime.c.obj (.text:HOSTtime)
                  000065c0    00000048                                   : fd_toi_t2.asm.obj (.text)
                  00006608    00000044                                   : autoinit.c.obj (.text:__TI_auto_init_nobinit_nopinit:__TI_auto_init_nobinit_nopinit)
                  0000664c    00000044                                   : fd_tou_t2.asm.obj (.text)
                  00006690    00000040                                   : sprintf.c.obj (.text:sprintf)
                  000066d0    00000040                                   : vsnprintf.c.obj (.text:vsnprintf)
                  00006710    0000003e                                   : _printfi.c.obj (.text:_fcpy)
                  0000674e    00000002     --HOLE-- [fill = 0]
                  00006750    00000038                                   : trgmsg.c.obj (.text:__TI_writemsg)
                  00006788    00000038                                   : memory.c.obj (.text:calloc)
                  000067c0    00000038                                   : fs_tod_t2.asm.obj (.text)
                  000067f8    00000034     driverlib.lib : interrupt.obj (.text:IntRegister)
                  0000682c    00000034     rtsv7M4_T_le_v4SPD16_eabi.lib : trgmsg.c.obj (.text:__TI_readmsg)
                  00006860    00000034                                   : boot_cortex_m.c.obj (.text:_c_int00_noargs:_c_int00_noargs)
                  00006894    00000030                                   : vsnprintf.c.obj (.text:_outs)
                  000068c4    0000002e                                   : i_tofd_t2.asm.obj (.text)
                  000068f2    00000002     --HOLE-- [fill = 0]
                  000068f4    00000028                                   : memory.c.obj (.text:free_list_insert)
                  0000691c    00000024                                   : rand.c.obj (.text:srand)
                  00006940    0000001c                                   : memory.c.obj (.text:free_list_remove)
                  0000695c    0000001c                                   : memccpy.c.obj (.text:memccpy)
                  00006978    0000001a                                   : s_copysign.c.obj (.text:copysign)
                  00006992    00000018                                   : vsnprintf.c.obj (.text:_outc)
                  000069aa    00000018                                   : sprintf.c.obj (.text:_outs)
                  000069c2    00000018     open_interface.obj (.text:oi_parseInt)
                  000069da    00000018     rtsv7M4_T_le_v4SPD16_eabi.lib : strcmp.c.obj (.text:strcmp)
                  000069f2    00000016                                   : strchr.c.obj (.text:strchr)
                  00006a08    00000014                                   : strcpy.c.obj (.text:strcpy)
                  00006a1c    00000014                                   : strlen.c.obj (.text:strlen)
                  00006a30    00000012                                   : wcslen.c.obj (.text:wcslen)
                  00006a42    00000010     driverlib.lib : interrupt.obj (.text:IntMasterEnable)
                  00006a52    00000010     lcd.obj (.text:lcd_clear)
                  00006a62    0000000e     rtsv7M4_T_le_v4SPD16_eabi.lib : time.c.obj (.text:__time32)
                  00006a70    0000000e                                   : copy_decompress_none.c.obj (.text:decompress:none:__TI_decompress_none)
                  00006a7e    0000000c     driverlib.lib : cpu.obj (.text:CPUcpsie)
                  00006a8a    0000000c     rtsv7M4_T_le_v4SPD16_eabi.lib : copy_zero_init.c.obj (.text:decompress:ZI:__TI_zero_init)
                  00006a96    0000000c     tm4c123gh6pm_startup_ccs.obj (.text)
                  00006aa2    0000000a     rtsv7M4_T_le_v4SPD16_eabi.lib : sprintf.c.obj (.text:_outc)
                  00006aac    00000008                                   : errno.c.obj (.text:__aeabi_errno_addr)
                  00006ab4    00000008                                   : memory.c.obj (.text:malloc)
                  00006abc    00000004                                   : pre_init.c.obj (.text:_system_pre_init)
                  00006ac0    00000004                                   : exit.c.obj (.text:abort:abort)

.const     0    00006ac8    00000368     
                  00006ac8    00000158     rtsv7M4_T_le_v4SPD16_eabi.lib : k_rem_pio2.c.obj (.const:$O1$$)
                  00006c20    00000101                                   : ctype.c.obj (.const:.string:_ctypes_)
                  00006d21    00000004     movement.obj (.const:.string:$P$T1$2)
                  00006d25    00000003     --HOLE-- [fill = 0]
                  00006d28    00000080     rtsv7M4_T_le_v4SPD16_eabi.lib : k_tan.c.obj (.const:xxx)
                  00006da8    00000030                                   : e_pow.c.obj (.const:$O1$$)
                  00006dd8    0000001b     main.obj (.const:.string:$P$T0$1)
                  00006df3    00000011     movement.obj (.const:.string:$P$T0$1)
                  00006e04    0000000f     open_interface.obj (.const:.string:$P$T0$3)
                  00006e13    00000004     movement.obj (.const:.string:$P$T2$3)
                  00006e17    00000001     --HOLE-- [fill = 0]
                  00006e18    00000008     movement.obj (.const)
                  00006e20    00000004     movement.obj (.const:.string:$P$T3$4)
                  00006e24    00000004     movement.obj (.const:.string:$P$T4$5)
                  00006e28    00000004     lcd.obj (.const:.string:lineAddress$1)
                  00006e2c    00000004     lcd.obj (.const:.string:lineAddresses$2)

.cinit     0    00006e30    00000070     
                  00006e30    00000039     (.cinit..data.load) [load image, compression = lzss]
                  00006e69    00000003     --HOLE-- [fill = 0]
                  00006e6c    0000000c     (__TI_handler_table)
                  00006e78    00000008     (.cinit..bss.load) [load image, compression = zero_init]
                  00006e80    00000008     (.cinit..vtable.load) [load image, compression = zero_init]
                  00006e88    00000018     (__TI_cinit_table)

.init_array 
*          0    00000000    00000000     UNINITIALIZED

.vtable    0    20000000    0000026c     UNINITIALIZED
                  20000000    0000026c     driverlib.lib : interrupt.obj (.vtable)

.stack     0    20000270    00000800     UNINITIALIZED
                  20000270    00000004     rtsv7M4_T_le_v4SPD16_eabi.lib : boot_cortex_m.c.obj (.stack)
                  20000274    000007fc     --HOLE--

.sysmem    0    20000a70    00000400     UNINITIALIZED
                  20000a70    00000010     rtsv7M4_T_le_v4SPD16_eabi.lib : memory.c.obj (.sysmem)
                  20000a80    000003f0     --HOLE--

.bss       0    20000e70    000001b1     UNINITIALIZED
                  20000e70    00000120     rtsv7M4_T_le_v4SPD16_eabi.lib : trgmsg.c.obj (.bss:_CIOBUF_)
                  20000f90    00000054     lcd.obj (.bss:lastbuffer$3)
                  20000fe4    00000018     open_interface.obj (.bss:firmware$2)
                  20000ffc    00000008     (.common:parmbuf)
                  20001004    00000004     (.common:_timeout_ticks)
                  20001008    00000004     (.common:denom)
                  2000100c    00000004     (.common:difference)
                  20001010    00000004     (.common:falling_time)
                  20001014    00000004     (.common:match_subtract)
                  20001018    00000004     (.common:overflow)
                  2000101c    00000004     (.common:rising_time)
                  20001020    00000001     (.common:state)

.data      0    20001024    00000064     UNINITIALIZED
                  20001024    00000020     open_interface.obj (.data)
                  20001044    00000019     servo.obj (.data)
                  2000105d    00000001     Timer.obj (.data)
                  2000105e    00000002     --HOLE--
                  20001060    00000010     main.obj (.data)
                  20001070    00000008     rtsv7M4_T_le_v4SPD16_eabi.lib : _lock.c.obj (.data:$O1$$)
                  20001078    00000008                                   : memory.c.obj (.data:$O1$$)
                  20001080    00000004                                   : errno.c.obj (.data)
                  20001084    00000004                                   : rand.c.obj (.data)

__llvm_prf_cnts 
*          0    20000000    00000000     UNINITIALIZED

MODULE SUMMARY

       Module                         code    ro data   rw data
       ------                         ----    -------   -------
    .\
       open_interface.obj             3128    15        56     
       main.obj                       2588    27        29     
       movement.obj                   1044    41        0      
       lcd.obj                        824     8         84     
       servo.obj                      696     0         37     
       tm4c123gh6pm_startup_ccs.obj   12      620       0      
       uart_extra_help.obj            628     0         0      
       Timer.obj                      584     0         5      
       adc.obj                        528     0         0      
       ping.obj                       504     0         0      
    +--+------------------------------+-------+---------+---------+
       Total:                         10536   711       211    
                                                               
    C:/ti/TivaWare_C_Series-2.2.0.295/driverlib/ccs/Debug/driverlib.lib
       interrupt.obj                  68      0         620    
       cpu.obj                        12      0         0      
    +--+------------------------------+-------+---------+---------+
       Total:                         80      0         620    
                                                               
    C:\ti\ccs1271\ccs\tools\compiler\ti-cgt-arm_20.2.7.LTS\lib\rtsv7M4_T_le_v4SPD16_eabi.lib
       _printfi.c.obj                 4851    0         0      
       e_pow.c.obj                    2512    48        0      
       k_rem_pio2.c.obj               1848    344       0      
       s_tan.c.obj                    1288    0         0      
       k_tan.c.obj                    796     128       0      
       memory.c.obj                   728     0         8      
       fd_add_t2.asm.obj              438     0         0      
       trgmsg.c.obj                   108     0         288    
       e_sqrt.c.obj                   344     0         0      
       fd_div_t2.asm.obj              310     0         0      
       s_scalbn.c.obj                 272     0         0      
       fd_cmp_t2.asm.obj              268     0         0      
       ctype.c.obj                    0       257       0      
       fd_mul_t2.asm.obj              252     0         0      
       s_floor.c.obj                  248     0         0      
       memcpy_t2.asm.obj              156     0         0      
       ull_div_t2.asm.obj             150     0         0      
       vsnprintf.c.obj                136     0         0      
       memset_t2.asm.obj              122     0         0      
       fd_tos_t2.asm.obj              110     0         0      
       copy_decompress_lzss.c.obj     104     0         0      
       s_frexp.c.obj                  100     0         0      
       sprintf.c.obj                  98      0         0      
       _ltoa.c.obj                    84      0         0      
       atoi.c.obj                     76      0         0      
       fd_toi_t2.asm.obj              72      0         0      
       hosttime.c.obj                 72      0         0      
       autoinit.c.obj                 68      0         0      
       fd_tou_t2.asm.obj              68      0         0      
       fs_tod_t2.asm.obj              56      0         0      
       boot_cortex_m.c.obj            52      0         0      
       i_tofd_t2.asm.obj              46      0         0      
       rand.c.obj                     36      0         4      
       memccpy.c.obj                  28      0         0      
       s_copysign.c.obj               26      0         0      
       strcmp.c.obj                   24      0         0      
       strchr.c.obj                   22      0         0      
       strcpy.c.obj                   20      0         0      
       strlen.c.obj                   20      0         0      
       wcslen.c.obj                   18      0         0      
       copy_decompress_none.c.obj     14      0         0      
       time.c.obj                     14      0         0      
       copy_zero_init.c.obj           12      0         0      
       errno.c.obj                    8       0         4      
       _lock.c.obj                    2       0         8      
       hostopen.c.obj                 0       0         8      
       exit.c.obj                     4       0         0      
       pre_init.c.obj                 4       0         0      
       div0.asm.obj                   2       0         0      
    +--+------------------------------+-------+---------+---------+
       Total:                         16087   777       320    
                                                               
       Heap:                          0       0         1024   
       Stack:                         0       0         2048   
       Linker Generated:              0       109       0      
    +--+------------------------------+-------+---------+---------+
       Grand Total:                   26703   1597      4223   


LINKER GENERATED COPY TABLES

__TI_cinit_table @ 00006e88 records: 3, size/record: 8, table size: 24
	.data: load addr=00006e30, load size=00000039 bytes, run addr=20001024, run size=00000064 bytes, compression=lzss
	.bss: load addr=00006e78, load size=00000008 bytes, run addr=20000e70, run size=000001b1 bytes, compression=zero_init
	.vtable: load addr=00006e80, load size=00000008 bytes, run addr=20000000, run size=0000026c bytes, compression=zero_init


LINKER GENERATED HANDLER TABLE

__TI_handler_table @ 00006e6c records: 3, size/record: 4, table size: 12
	index: 0, handler: __TI_zero_init
	index: 1, handler: __TI_decompress_lzss
	index: 2, handler: __TI_decompress_none


GLOBAL SYMBOLS: SORTED ALPHABETICALLY BY Name 

address   name                          
-------   ----                          
00004e57  ADC_calibrate                 
00004d45  ADC_init                      
00004dc7  ADC_read                      
00006ac1  C$$EXIT                       
0000677f  C$$IO$$                       
00006a7f  CPUcpsie                      
00006e18  ERROR                         
00000bc3  GPIOF_Handler                 
00006579  HOSTtime                      
00004df5  IR_SCAN                       
00006a43  IntMasterEnable               
000067f9  IntRegister                   
00006a97  ResetISR                      
00004f55  TIMER3B_Handler               
0000477f  UART1_Handler                 
20000e70  __CIOBUF_                     
20000a70  __STACK_END                   
00000800  __STACK_SIZE                  
20000470  __STACK_TOP                   
00000400  __SYSMEM_SIZE                 
00006e88  __TI_CINIT_Base               
00006ea0  __TI_CINIT_Limit              
00006e6c  __TI_Handler_Table_Base       
00006e78  __TI_Handler_Table_Limit      
00006609  __TI_auto_init_nobinit_nopinit
00006365  __TI_decompress_lzss          
00006a71  __TI_decompress_none          
00006487  __TI_ltoa                     
ffffffff  __TI_pprof_out_hndl           
00000e8d  __TI_printfi                  
ffffffff  __TI_prof_data_size           
ffffffff  __TI_prof_data_start          
0000682d  __TI_readmsg                  
00000000  __TI_static_base__            
00006751  __TI_writemsg                 
00006a8b  __TI_zero_init                
00006091  __aeabi_cdcmpeq               
00006091  __aeabi_cdcmple               
00006117  __aeabi_cdrcmple              
000062f7  __aeabi_d2f                   
000065c1  __aeabi_d2iz                  
0000664d  __aeabi_d2uiz                 
00005327  __aeabi_dadd                  
00005769  __aeabi_ddiv                  
00005bd5  __aeabi_dmul                  
0000531d  __aeabi_dsub                  
00006aad  __aeabi_errno_addr            
000067c1  __aeabi_f2d                   
000068c5  __aeabi_i2d                   
000054d3  __aeabi_idiv0                 
000054d3  __aeabi_ldiv0                 
0000619d  __aeabi_memclr                
0000619d  __aeabi_memclr4               
0000619d  __aeabi_memclr8               
00005f5f  __aeabi_memcpy                
00005f5f  __aeabi_memcpy4               
00005f5f  __aeabi_memcpy8               
0000619f  __aeabi_memset                
0000619f  __aeabi_memset4               
0000619f  __aeabi_memset8               
00005ffb  __aeabi_uldivmod              
ffffffff  __binit__                     
ffffffff  __c_args__                    
00002cc9  __kernel_rem_pio2             
00004045  __kernel_tan                  
UNDEFED   __mpu_init                    
20000270  __stack                       
20000000  __start___llvm_prf_cnts       
20000000  __stop___llvm_prf_cnts        
00006a63  __time32                      
00006861  _c_int00_noargs               
00006c20  _ctypes_                      
20001070  _lock                         
000018db  _nop                          
2000105d  _running                      
20000a70  _sys_memory                   
UNDEFED   _system_post_cinit            
00006abd  _system_pre_init              
20001004  _timeout_ticks                
20001074  _unlock                       
00006ac1  abort                         
00005ad5  aligned_alloc                 
0000652d  atoi                          
20001050  base_1_millisecond            
ffffffff  binit                         
20001064  botSizeCm                     
00003b39  bump                          
00004503  button_getButton              
000044d7  button_init                   
00004579  calibrateServo                
00006789  calloc                        
00003ba1  cliff                         
20001068  continuing                    
00006979  copysign                      
00006979  copysignl                     
20001044  degrees                       
20001008  denom                         
00001b01  determineObjects              
2000100c  difference                    
00002011  displayObjects                
20001060  doSomething                   
20001080  errno                         
2000106c  facing                        
20001010  falling_time                  
00005cd1  floor                         
00005cd1  floorl                        
00005dc9  free                          
000063cd  frexp                         
000063cd  frexpl                        
20000000  g_pfnRAMVectors               
00000000  g_pfnVectors                  
000021b5  giveDirection                 
0000097f  go_charge                     
00003c4f  helpSend                      
00006a53  lcd_clear                     
00003ef1  lcd_gotoLine                  
00003d59  lcd_init                      
00003f57  lcd_printf                    
00003e19  lcd_putc                      
00003e51  lcd_puts                      
00003d1d  lcd_reverseNibble             
00003e6f  lcd_sendCommand               
00003ead  lcd_sendNibble                
00003f19  lcd_setCursorPos              
000059c5  ldexp                         
000059c5  ldexpl                        
20001058  left_cal                      
000018dd  main                          
00006ab5  malloc                        
20001014  match_subtract                
00005ad5  memalign                      
0000695d  memccpy                       
00005f5f  memcpy                        
000061a5  memset                        
20001024  motor_cal_factor_L            
20001028  motor_cal_factor_R            
000039fd  move_backwards                
00003a65  move_forward                  
00001e75  objectsInit                   
0000026d  oi_alloc                      
00000aa9  oi_checkFirmware              
000002c7  oi_close                      
00000279  oi_free                       
00000ded  oi_getMotorCalibrationLeft    
00000e01  oi_getMotorCalibrationRight   
000002b1  oi_init                       
00000289  oi_init_noupdate              
00000915  oi_loadSong                   
000069c3  oi_parseInt                   
0000032b  oi_parsePacket                
0000096b  oi_play_song                  
0000084b  oi_setLeds                    
00000db1  oi_setMotorCalibration        
0000088f  oi_setWheels                  
00000b51  oi_shutoff_init               
0000098d  oi_uartInit                   
00000a31  oi_uartReceive                
00000a77  oi_uartSendBuff               
00000a15  oi_uartSendChar               
00000a59  oi_uartSendStr                
000002d9  oi_update                     
20001018  overflow                      
20000ffc  parmbuf                       
00001cbd  pingObjects                   
00004fa3  ping_init                     
00005043  ping_read                     
20001048  position                      
000022f9  pow                           
000022f9  powl                          
00001f4d  removeObjects                 
20001054  right_cal                     
2000101c  rising_time                   
00001a1b  runScan                       
000059c5  scalbn                        
000059c5  scalbnl                       
00005077  send_pulse                    
00004361  servo_init                    
000043fd  servo_move_clock_cycles       
00004465  servo_move_degrees            
00001d8d  sizeObjects                   
00006691  sprintf                       
000054d5  sqrt                          
000054d5  sqrtl                         
0000691d  srand                         
20001020  state                         
000069f3  strchr                        
000069db  strcmp                        
00006a09  strcpy                        
00006a1d  strlen                        
2000104c  switch_direction              
00003401  tan                           
00003401  tanl                          
00006a63  time                          
00004c1b  timer_getMicros               
00004bc3  timer_getMillis               
00004afd  timer_init                    
00004b9f  timer_pause                   
00004bb1  timer_resume                  
00004b75  timer_stop                    
00004c75  timer_waitMicros              
00004ca7  timer_waitMillis              
00003909  turn_clockwise                
0000398b  turn_counterclockwise         
00004619  uart_init                     
0000472f  uart_interrupt_init           
000046eb  uart_receive                  
000046cf  uart_sendChar                 
0000470b  uart_sendStr                  
000066d1  vsnprintf                     
00006a31  wcslen                        


GLOBAL SYMBOLS: SORTED BY Symbol Address 

address   name                          
-------   ----                          
00000000  __TI_static_base__            
00000000  g_pfnVectors                  
0000026d  oi_alloc                      
00000279  oi_free                       
00000289  oi_init_noupdate              
000002b1  oi_init                       
000002c7  oi_close                      
000002d9  oi_update                     
0000032b  oi_parsePacket                
00000400  __SYSMEM_SIZE                 
00000800  __STACK_SIZE                  
0000084b  oi_setLeds                    
0000088f  oi_setWheels                  
00000915  oi_loadSong                   
0000096b  oi_play_song                  
0000097f  go_charge                     
0000098d  oi_uartInit                   
00000a15  oi_uartSendChar               
00000a31  oi_uartReceive                
00000a59  oi_uartSendStr                
00000a77  oi_uartSendBuff               
00000aa9  oi_checkFirmware              
00000b51  oi_shutoff_init               
00000bc3  GPIOF_Handler                 
00000db1  oi_setMotorCalibration        
00000ded  oi_getMotorCalibrationLeft    
00000e01  oi_getMotorCalibrationRight   
00000e8d  __TI_printfi                  
000018db  _nop                          
000018dd  main                          
00001a1b  runScan                       
00001b01  determineObjects              
00001cbd  pingObjects                   
00001d8d  sizeObjects                   
00001e75  objectsInit                   
00001f4d  removeObjects                 
00002011  displayObjects                
000021b5  giveDirection                 
000022f9  pow                           
000022f9  powl                          
00002cc9  __kernel_rem_pio2             
00003401  tan                           
00003401  tanl                          
00003909  turn_clockwise                
0000398b  turn_counterclockwise         
000039fd  move_backwards                
00003a65  move_forward                  
00003b39  bump                          
00003ba1  cliff                         
00003c4f  helpSend                      
00003d1d  lcd_reverseNibble             
00003d59  lcd_init                      
00003e19  lcd_putc                      
00003e51  lcd_puts                      
00003e6f  lcd_sendCommand               
00003ead  lcd_sendNibble                
00003ef1  lcd_gotoLine                  
00003f19  lcd_setCursorPos              
00003f57  lcd_printf                    
00004045  __kernel_tan                  
00004361  servo_init                    
000043fd  servo_move_clock_cycles       
00004465  servo_move_degrees            
000044d7  button_init                   
00004503  button_getButton              
00004579  calibrateServo                
00004619  uart_init                     
000046cf  uart_sendChar                 
000046eb  uart_receive                  
0000470b  uart_sendStr                  
0000472f  uart_interrupt_init           
0000477f  UART1_Handler                 
00004afd  timer_init                    
00004b75  timer_stop                    
00004b9f  timer_pause                   
00004bb1  timer_resume                  
00004bc3  timer_getMillis               
00004c1b  timer_getMicros               
00004c75  timer_waitMicros              
00004ca7  timer_waitMillis              
00004d45  ADC_init                      
00004dc7  ADC_read                      
00004df5  IR_SCAN                       
00004e57  ADC_calibrate                 
00004f55  TIMER3B_Handler               
00004fa3  ping_init                     
00005043  ping_read                     
00005077  send_pulse                    
0000531d  __aeabi_dsub                  
00005327  __aeabi_dadd                  
000054d3  __aeabi_idiv0                 
000054d3  __aeabi_ldiv0                 
000054d5  sqrt                          
000054d5  sqrtl                         
00005769  __aeabi_ddiv                  
000059c5  ldexp                         
000059c5  ldexpl                        
000059c5  scalbn                        
000059c5  scalbnl                       
00005ad5  aligned_alloc                 
00005ad5  memalign                      
00005bd5  __aeabi_dmul                  
00005cd1  floor                         
00005cd1  floorl                        
00005dc9  free                          
00005f5f  __aeabi_memcpy                
00005f5f  __aeabi_memcpy4               
00005f5f  __aeabi_memcpy8               
00005f5f  memcpy                        
00005ffb  __aeabi_uldivmod              
00006091  __aeabi_cdcmpeq               
00006091  __aeabi_cdcmple               
00006117  __aeabi_cdrcmple              
0000619d  __aeabi_memclr                
0000619d  __aeabi_memclr4               
0000619d  __aeabi_memclr8               
0000619f  __aeabi_memset                
0000619f  __aeabi_memset4               
0000619f  __aeabi_memset8               
000061a5  memset                        
000062f7  __aeabi_d2f                   
00006365  __TI_decompress_lzss          
000063cd  frexp                         
000063cd  frexpl                        
00006487  __TI_ltoa                     
0000652d  atoi                          
00006579  HOSTtime                      
000065c1  __aeabi_d2iz                  
00006609  __TI_auto_init_nobinit_nopinit
0000664d  __aeabi_d2uiz                 
00006691  sprintf                       
000066d1  vsnprintf                     
00006751  __TI_writemsg                 
0000677f  C$$IO$$                       
00006789  calloc                        
000067c1  __aeabi_f2d                   
000067f9  IntRegister                   
0000682d  __TI_readmsg                  
00006861  _c_int00_noargs               
000068c5  __aeabi_i2d                   
0000691d  srand                         
0000695d  memccpy                       
00006979  copysign                      
00006979  copysignl                     
000069c3  oi_parseInt                   
000069db  strcmp                        
000069f3  strchr                        
00006a09  strcpy                        
00006a1d  strlen                        
00006a31  wcslen                        
00006a43  IntMasterEnable               
00006a53  lcd_clear                     
00006a63  __time32                      
00006a63  time                          
00006a71  __TI_decompress_none          
00006a7f  CPUcpsie                      
00006a8b  __TI_zero_init                
00006a97  ResetISR                      
00006aad  __aeabi_errno_addr            
00006ab5  malloc                        
00006abd  _system_pre_init              
00006ac1  C$$EXIT                       
00006ac1  abort                         
00006c20  _ctypes_                      
00006e18  ERROR                         
00006e6c  __TI_Handler_Table_Base       
00006e78  __TI_Handler_Table_Limit      
00006e88  __TI_CINIT_Base               
00006ea0  __TI_CINIT_Limit              
20000000  __start___llvm_prf_cnts       
20000000  __stop___llvm_prf_cnts        
20000000  g_pfnRAMVectors               
20000270  __stack                       
20000470  __STACK_TOP                   
20000a70  __STACK_END                   
20000a70  _sys_memory                   
20000e70  __CIOBUF_                     
20000ffc  parmbuf                       
20001004  _timeout_ticks                
20001008  denom                         
2000100c  difference                    
20001010  falling_time                  
20001014  match_subtract                
20001018  overflow                      
2000101c  rising_time                   
20001020  state                         
20001024  motor_cal_factor_L            
20001028  motor_cal_factor_R            
20001044  degrees                       
20001048  position                      
2000104c  switch_direction              
20001050  base_1_millisecond            
20001054  right_cal                     
20001058  left_cal                      
2000105d  _running                      
20001060  doSomething                   
20001064  botSizeCm                     
20001068  continuing                    
2000106c  facing                        
20001070  _lock                         
20001074  _unlock                       
20001080  errno                         
ffffffff  __TI_pprof_out_hndl           
ffffffff  __TI_prof_data_size           
ffffffff  __TI_prof_data_start          
ffffffff  __binit__                     
ffffffff  __c_args__                    
ffffffff  binit                         
UNDEFED   __mpu_init                    
UNDEFED   _system_post_cinit            

[210 symbols]
