<?xml version="1.0" encoding="ISO-8859-1" ?>
<link_info>
   <banner>TI ARM Linker PC v20.2.7.LTS</banner>
   <copyright>Copyright (c) 1996-2018 Texas Instruments Incorporated</copyright>
   <link_time>0x6756615b</link_time>
   <link_errors>0x0</link_errors>
   <output_file>finalproject.out</output_file>
   <entry_point>
      <name>_c_int00_noargs</name>
      <address>0x6cb5</address>
   </entry_point>
   <input_file_list>
      <input_file id="fl-2">
         <path>.\</path>
         <kind>object</kind>
         <file>Timer.obj</file>
         <name>Timer.obj</name>
      </input_file>
      <input_file id="fl-3">
         <path>.\</path>
         <kind>object</kind>
         <file>adc.obj</file>
         <name>adc.obj</name>
      </input_file>
      <input_file id="fl-4">
         <path>.\</path>
         <kind>object</kind>
         <file>lcd.obj</file>
         <name>lcd.obj</name>
      </input_file>
      <input_file id="fl-5">
         <path>.\</path>
         <kind>object</kind>
         <file>main.obj</file>
         <name>main.obj</name>
      </input_file>
      <input_file id="fl-6">
         <path>.\</path>
         <kind>object</kind>
         <file>movement.obj</file>
         <name>movement.obj</name>
      </input_file>
      <input_file id="fl-7">
         <path>.\</path>
         <kind>object</kind>
         <file>open_interface.obj</file>
         <name>open_interface.obj</name>
      </input_file>
      <input_file id="fl-8">
         <path>.\</path>
         <kind>object</kind>
         <file>ping.obj</file>
         <name>ping.obj</name>
      </input_file>
      <input_file id="fl-9">
         <path>.\</path>
         <kind>object</kind>
         <file>servo.obj</file>
         <name>servo.obj</name>
      </input_file>
      <input_file id="fl-a">
         <path>.\</path>
         <kind>object</kind>
         <file>tm4c123gh6pm_startup_ccs.obj</file>
         <name>tm4c123gh6pm_startup_ccs.obj</name>
      </input_file>
      <input_file id="fl-b">
         <path>.\</path>
         <kind>object</kind>
         <file>uart_extra_help.obj</file>
         <name>uart_extra_help.obj</name>
      </input_file>
      <input_file id="fl-10">
         <kind>object</kind>
         <file>&lt;internal&gt;</file>
         <name>&lt;internal&gt;</name>
      </input_file>
      <input_file id="fl-c6">
         <path>C:\ti\ccs1271\ccs\tools\compiler\ti-cgt-arm_20.2.7.LTS\lib\</path>
         <kind>archive</kind>
         <file>rtsv7M4_T_le_v4SPD16_eabi.lib</file>
         <name>e_pow.c.obj</name>
      </input_file>
      <input_file id="fl-c7">
         <path>C:\ti\ccs1271\ccs\tools\compiler\ti-cgt-arm_20.2.7.LTS\lib\</path>
         <kind>archive</kind>
         <file>rtsv7M4_T_le_v4SPD16_eabi.lib</file>
         <name>e_sqrt.c.obj</name>
      </input_file>
      <input_file id="fl-c8">
         <path>C:\ti\ccs1271\ccs\tools\compiler\ti-cgt-arm_20.2.7.LTS\lib\</path>
         <kind>archive</kind>
         <file>rtsv7M4_T_le_v4SPD16_eabi.lib</file>
         <name>s_cos.c.obj</name>
      </input_file>
      <input_file id="fl-c9">
         <path>C:\ti\ccs1271\ccs\tools\compiler\ti-cgt-arm_20.2.7.LTS\lib\</path>
         <kind>archive</kind>
         <file>rtsv7M4_T_le_v4SPD16_eabi.lib</file>
         <name>s_floor.c.obj</name>
      </input_file>
      <input_file id="fl-ca">
         <path>C:\ti\ccs1271\ccs\tools\compiler\ti-cgt-arm_20.2.7.LTS\lib\</path>
         <kind>archive</kind>
         <file>rtsv7M4_T_le_v4SPD16_eabi.lib</file>
         <name>s_scalbn.c.obj</name>
      </input_file>
      <input_file id="fl-cb">
         <path>C:\ti\ccs1271\ccs\tools\compiler\ti-cgt-arm_20.2.7.LTS\lib\</path>
         <kind>archive</kind>
         <file>rtsv7M4_T_le_v4SPD16_eabi.lib</file>
         <name>s_tan.c.obj</name>
      </input_file>
      <input_file id="fl-cc">
         <path>C:\ti\ccs1271\ccs\tools\compiler\ti-cgt-arm_20.2.7.LTS\lib\</path>
         <kind>archive</kind>
         <file>rtsv7M4_T_le_v4SPD16_eabi.lib</file>
         <name>sprintf.c.obj</name>
      </input_file>
      <input_file id="fl-cd">
         <path>C:\ti\ccs1271\ccs\tools\compiler\ti-cgt-arm_20.2.7.LTS\lib\</path>
         <kind>archive</kind>
         <file>rtsv7M4_T_le_v4SPD16_eabi.lib</file>
         <name>vsnprintf.c.obj</name>
      </input_file>
      <input_file id="fl-ce">
         <path>C:\ti\ccs1271\ccs\tools\compiler\ti-cgt-arm_20.2.7.LTS\lib\</path>
         <kind>archive</kind>
         <file>rtsv7M4_T_le_v4SPD16_eabi.lib</file>
         <name>fd_add_t2.asm.obj</name>
      </input_file>
      <input_file id="fl-cf">
         <path>C:\ti\ccs1271\ccs\tools\compiler\ti-cgt-arm_20.2.7.LTS\lib\</path>
         <kind>archive</kind>
         <file>rtsv7M4_T_le_v4SPD16_eabi.lib</file>
         <name>fd_cmp_t2.asm.obj</name>
      </input_file>
      <input_file id="fl-d0">
         <path>C:\ti\ccs1271\ccs\tools\compiler\ti-cgt-arm_20.2.7.LTS\lib\</path>
         <kind>archive</kind>
         <file>rtsv7M4_T_le_v4SPD16_eabi.lib</file>
         <name>fd_div_t2.asm.obj</name>
      </input_file>
      <input_file id="fl-d1">
         <path>C:\ti\ccs1271\ccs\tools\compiler\ti-cgt-arm_20.2.7.LTS\lib\</path>
         <kind>archive</kind>
         <file>rtsv7M4_T_le_v4SPD16_eabi.lib</file>
         <name>fd_mul_t2.asm.obj</name>
      </input_file>
      <input_file id="fl-d2">
         <path>C:\ti\ccs1271\ccs\tools\compiler\ti-cgt-arm_20.2.7.LTS\lib\</path>
         <kind>archive</kind>
         <file>rtsv7M4_T_le_v4SPD16_eabi.lib</file>
         <name>fd_toi_t2.asm.obj</name>
      </input_file>
      <input_file id="fl-d3">
         <path>C:\ti\ccs1271\ccs\tools\compiler\ti-cgt-arm_20.2.7.LTS\lib\</path>
         <kind>archive</kind>
         <file>rtsv7M4_T_le_v4SPD16_eabi.lib</file>
         <name>fd_tos_t2.asm.obj</name>
      </input_file>
      <input_file id="fl-d4">
         <path>C:\ti\ccs1271\ccs\tools\compiler\ti-cgt-arm_20.2.7.LTS\lib\</path>
         <kind>archive</kind>
         <file>rtsv7M4_T_le_v4SPD16_eabi.lib</file>
         <name>fd_tou_t2.asm.obj</name>
      </input_file>
      <input_file id="fl-d5">
         <path>C:\ti\ccs1271\ccs\tools\compiler\ti-cgt-arm_20.2.7.LTS\lib\</path>
         <kind>archive</kind>
         <file>rtsv7M4_T_le_v4SPD16_eabi.lib</file>
         <name>fs_tod_t2.asm.obj</name>
      </input_file>
      <input_file id="fl-d6">
         <path>C:\ti\ccs1271\ccs\tools\compiler\ti-cgt-arm_20.2.7.LTS\lib\</path>
         <kind>archive</kind>
         <file>rtsv7M4_T_le_v4SPD16_eabi.lib</file>
         <name>i_tofd_t2.asm.obj</name>
      </input_file>
      <input_file id="fl-d7">
         <path>C:\ti\ccs1271\ccs\tools\compiler\ti-cgt-arm_20.2.7.LTS\lib\</path>
         <kind>archive</kind>
         <file>rtsv7M4_T_le_v4SPD16_eabi.lib</file>
         <name>memcpy_t2.asm.obj</name>
      </input_file>
      <input_file id="fl-d8">
         <path>C:\ti\ccs1271\ccs\tools\compiler\ti-cgt-arm_20.2.7.LTS\lib\</path>
         <kind>archive</kind>
         <file>rtsv7M4_T_le_v4SPD16_eabi.lib</file>
         <name>copy_zero_init.c.obj</name>
      </input_file>
      <input_file id="fl-d9">
         <path>C:\ti\ccs1271\ccs\tools\compiler\ti-cgt-arm_20.2.7.LTS\lib\</path>
         <kind>archive</kind>
         <file>rtsv7M4_T_le_v4SPD16_eabi.lib</file>
         <name>copy_decompress_none.c.obj</name>
      </input_file>
      <input_file id="fl-da">
         <path>C:\ti\ccs1271\ccs\tools\compiler\ti-cgt-arm_20.2.7.LTS\lib\</path>
         <kind>archive</kind>
         <file>rtsv7M4_T_le_v4SPD16_eabi.lib</file>
         <name>copy_decompress_lzss.c.obj</name>
      </input_file>
      <input_file id="fl-db">
         <path>C:\ti\ccs1271\ccs\tools\compiler\ti-cgt-arm_20.2.7.LTS\lib\</path>
         <kind>archive</kind>
         <file>rtsv7M4_T_le_v4SPD16_eabi.lib</file>
         <name>memory.c.obj</name>
      </input_file>
      <input_file id="fl-dc">
         <path>C:\ti\ccs1271\ccs\tools\compiler\ti-cgt-arm_20.2.7.LTS\lib\</path>
         <kind>archive</kind>
         <file>rtsv7M4_T_le_v4SPD16_eabi.lib</file>
         <name>strcmp.c.obj</name>
      </input_file>
      <input_file id="fl-dd">
         <path>C:\ti\ccs1271\ccs\tools\compiler\ti-cgt-arm_20.2.7.LTS\lib\</path>
         <kind>archive</kind>
         <file>rtsv7M4_T_le_v4SPD16_eabi.lib</file>
         <name>strcpy.c.obj</name>
      </input_file>
      <input_file id="fl-de">
         <path>C:\ti\ccs1271\ccs\tools\compiler\ti-cgt-arm_20.2.7.LTS\lib\</path>
         <kind>archive</kind>
         <file>rtsv7M4_T_le_v4SPD16_eabi.lib</file>
         <name>strlen.c.obj</name>
      </input_file>
      <input_file id="fl-df">
         <path>C:\ti\ccs1271\ccs\tools\compiler\ti-cgt-arm_20.2.7.LTS\lib\</path>
         <kind>archive</kind>
         <file>rtsv7M4_T_le_v4SPD16_eabi.lib</file>
         <name>k_rem_pio2.c.obj</name>
      </input_file>
      <input_file id="fl-e0">
         <path>C:\ti\ccs1271\ccs\tools\compiler\ti-cgt-arm_20.2.7.LTS\lib\</path>
         <kind>archive</kind>
         <file>rtsv7M4_T_le_v4SPD16_eabi.lib</file>
         <name>boot_cortex_m.c.obj</name>
      </input_file>
      <input_file id="fl-e1">
         <path>C:\ti\ccs1271\ccs\tools\compiler\ti-cgt-arm_20.2.7.LTS\lib\</path>
         <kind>archive</kind>
         <file>rtsv7M4_T_le_v4SPD16_eabi.lib</file>
         <name>errno.c.obj</name>
      </input_file>
      <input_file id="fl-e2">
         <path>C:\ti\ccs1271\ccs\tools\compiler\ti-cgt-arm_20.2.7.LTS\lib\</path>
         <kind>archive</kind>
         <file>rtsv7M4_T_le_v4SPD16_eabi.lib</file>
         <name>s_copysign.c.obj</name>
      </input_file>
      <input_file id="fl-e3">
         <path>C:\ti\ccs1271\ccs\tools\compiler\ti-cgt-arm_20.2.7.LTS\lib\</path>
         <kind>archive</kind>
         <file>rtsv7M4_T_le_v4SPD16_eabi.lib</file>
         <name>k_cos.c.obj</name>
      </input_file>
      <input_file id="fl-e4">
         <path>C:\ti\ccs1271\ccs\tools\compiler\ti-cgt-arm_20.2.7.LTS\lib\</path>
         <kind>archive</kind>
         <file>rtsv7M4_T_le_v4SPD16_eabi.lib</file>
         <name>k_sin.c.obj</name>
      </input_file>
      <input_file id="fl-e5">
         <path>C:\ti\ccs1271\ccs\tools\compiler\ti-cgt-arm_20.2.7.LTS\lib\</path>
         <kind>archive</kind>
         <file>rtsv7M4_T_le_v4SPD16_eabi.lib</file>
         <name>k_tan.c.obj</name>
      </input_file>
      <input_file id="fl-e6">
         <path>C:\ti\ccs1271\ccs\tools\compiler\ti-cgt-arm_20.2.7.LTS\lib\</path>
         <kind>archive</kind>
         <file>rtsv7M4_T_le_v4SPD16_eabi.lib</file>
         <name>_printfi.c.obj</name>
      </input_file>
      <input_file id="fl-e7">
         <path>C:\ti\ccs1271\ccs\tools\compiler\ti-cgt-arm_20.2.7.LTS\lib\</path>
         <kind>archive</kind>
         <file>rtsv7M4_T_le_v4SPD16_eabi.lib</file>
         <name>memset_t2.asm.obj</name>
      </input_file>
      <input_file id="fl-e8">
         <path>C:\ti\ccs1271\ccs\tools\compiler\ti-cgt-arm_20.2.7.LTS\lib\</path>
         <kind>archive</kind>
         <file>rtsv7M4_T_le_v4SPD16_eabi.lib</file>
         <name>ull_div_t2.asm.obj</name>
      </input_file>
      <input_file id="fl-e9">
         <path>C:\ti\ccs1271\ccs\tools\compiler\ti-cgt-arm_20.2.7.LTS\lib\</path>
         <kind>archive</kind>
         <file>rtsv7M4_T_le_v4SPD16_eabi.lib</file>
         <name>autoinit.c.obj</name>
      </input_file>
      <input_file id="fl-ea">
         <path>C:\ti\ccs1271\ccs\tools\compiler\ti-cgt-arm_20.2.7.LTS\lib\</path>
         <kind>archive</kind>
         <file>rtsv7M4_T_le_v4SPD16_eabi.lib</file>
         <name>pre_init.c.obj</name>
      </input_file>
      <input_file id="fl-eb">
         <path>C:\ti\ccs1271\ccs\tools\compiler\ti-cgt-arm_20.2.7.LTS\lib\</path>
         <kind>archive</kind>
         <file>rtsv7M4_T_le_v4SPD16_eabi.lib</file>
         <name>cpy_tbl.c.obj</name>
      </input_file>
      <input_file id="fl-ec">
         <path>C:\ti\ccs1271\ccs\tools\compiler\ti-cgt-arm_20.2.7.LTS\lib\</path>
         <kind>archive</kind>
         <file>rtsv7M4_T_le_v4SPD16_eabi.lib</file>
         <name>exit.c.obj</name>
      </input_file>
      <input_file id="fl-ed">
         <path>C:\ti\ccs1271\ccs\tools\compiler\ti-cgt-arm_20.2.7.LTS\lib\</path>
         <kind>archive</kind>
         <file>rtsv7M4_T_le_v4SPD16_eabi.lib</file>
         <name>_lock.c.obj</name>
      </input_file>
      <input_file id="fl-ee">
         <path>C:\ti\ccs1271\ccs\tools\compiler\ti-cgt-arm_20.2.7.LTS\lib\</path>
         <kind>archive</kind>
         <file>rtsv7M4_T_le_v4SPD16_eabi.lib</file>
         <name>_ltoa.c.obj</name>
      </input_file>
      <input_file id="fl-ef">
         <path>C:\ti\ccs1271\ccs\tools\compiler\ti-cgt-arm_20.2.7.LTS\lib\</path>
         <kind>archive</kind>
         <file>rtsv7M4_T_le_v4SPD16_eabi.lib</file>
         <name>args_main.c.obj</name>
      </input_file>
      <input_file id="fl-f0">
         <path>C:\ti\ccs1271\ccs\tools\compiler\ti-cgt-arm_20.2.7.LTS\lib\</path>
         <kind>archive</kind>
         <file>rtsv7M4_T_le_v4SPD16_eabi.lib</file>
         <name>atoi.c.obj</name>
      </input_file>
      <input_file id="fl-f1">
         <path>C:\ti\ccs1271\ccs\tools\compiler\ti-cgt-arm_20.2.7.LTS\lib\</path>
         <kind>archive</kind>
         <file>rtsv7M4_T_le_v4SPD16_eabi.lib</file>
         <name>ctype.c.obj</name>
      </input_file>
      <input_file id="fl-f2">
         <path>C:\ti\ccs1271\ccs\tools\compiler\ti-cgt-arm_20.2.7.LTS\lib\</path>
         <kind>archive</kind>
         <file>rtsv7M4_T_le_v4SPD16_eabi.lib</file>
         <name>memccpy.c.obj</name>
      </input_file>
      <input_file id="fl-f3">
         <path>C:\ti\ccs1271\ccs\tools\compiler\ti-cgt-arm_20.2.7.LTS\lib\</path>
         <kind>archive</kind>
         <file>rtsv7M4_T_le_v4SPD16_eabi.lib</file>
         <name>strchr.c.obj</name>
      </input_file>
      <input_file id="fl-f4">
         <path>C:\ti\ccs1271\ccs\tools\compiler\ti-cgt-arm_20.2.7.LTS\lib\</path>
         <kind>archive</kind>
         <file>rtsv7M4_T_le_v4SPD16_eabi.lib</file>
         <name>wcslen.c.obj</name>
      </input_file>
      <input_file id="fl-f5">
         <path>C:\ti\ccs1271\ccs\tools\compiler\ti-cgt-arm_20.2.7.LTS\lib\</path>
         <kind>archive</kind>
         <file>rtsv7M4_T_le_v4SPD16_eabi.lib</file>
         <name>s_frexp.c.obj</name>
      </input_file>
      <input_file id="fl-f6">
         <path>C:\ti\ccs1271\ccs\tools\compiler\ti-cgt-arm_20.2.7.LTS\lib\</path>
         <kind>archive</kind>
         <file>rtsv7M4_T_le_v4SPD16_eabi.lib</file>
         <name>div0.asm.obj</name>
      </input_file>
      <input_file id="fl-f7">
         <path>C:\ti\TivaWare_C_Series-2.2.0.295\driverlib\ccs\Debug\</path>
         <kind>archive</kind>
         <file>driverlib.lib</file>
         <name>interrupt.obj</name>
      </input_file>
      <input_file id="fl-f8">
         <path>C:\ti\TivaWare_C_Series-2.2.0.295\driverlib\ccs\Debug\</path>
         <kind>archive</kind>
         <file>driverlib.lib</file>
         <name>cpu.obj</name>
      </input_file>
   </input_file_list>
   <object_component_list>
      <object_component id="oc-12">
         <name>.intvecs</name>
         <load_address>0x0</load_address>
         <run_address>0x0</run_address>
         <size>0x26c</size>
         <input_file_ref idref="fl-a"/>
      </object_component>
      <object_component id="oc-d7">
         <name>.text</name>
         <load_address>0x26c</load_address>
         <run_address>0x26c</run_address>
         <size>0xc20</size>
         <input_file_ref idref="fl-7"/>
      </object_component>
      <object_component id="oc-224">
         <name>.text:__TI_printfi</name>
         <load_address>0xe8c</load_address>
         <run_address>0xe8c</run_address>
         <size>0xa4e</size>
         <input_file_ref idref="fl-e6"/>
      </object_component>
      <object_component id="oc-384">
         <name>.text:_nop</name>
         <load_address>0x18da</load_address>
         <run_address>0x18da</run_address>
         <size>0x2</size>
         <input_file_ref idref="fl-ed"/>
      </object_component>
      <object_component id="oc-1e8">
         <name>.text:pow</name>
         <load_address>0x18dc</load_address>
         <run_address>0x18dc</run_address>
         <size>0x9d0</size>
         <input_file_ref idref="fl-c6"/>
      </object_component>
      <object_component id="oc-a2">
         <name>.text</name>
         <load_address>0x22ac</load_address>
         <run_address>0x22ac</run_address>
         <size>0x81c</size>
         <input_file_ref idref="fl-5"/>
      </object_component>
      <object_component id="oc-23d">
         <name>.text:__kernel_rem_pio2</name>
         <load_address>0x2ac8</load_address>
         <run_address>0x2ac8</run_address>
         <size>0x738</size>
         <input_file_ref idref="fl-df"/>
      </object_component>
      <object_component id="oc-134">
         <name>.text:cos</name>
         <load_address>0x3200</load_address>
         <run_address>0x3200</run_address>
         <size>0x5dc</size>
         <input_file_ref idref="fl-c8"/>
      </object_component>
      <object_component id="oc-11f">
         <name>.text:tan</name>
         <load_address>0x37dc</load_address>
         <run_address>0x37dc</run_address>
         <size>0x508</size>
         <input_file_ref idref="fl-cb"/>
      </object_component>
      <object_component id="oc-dd">
         <name>.text</name>
         <load_address>0x3ce4</load_address>
         <run_address>0x3ce4</run_address>
         <size>0x328</size>
         <input_file_ref idref="fl-4"/>
      </object_component>
      <object_component id="oc-243">
         <name>.text:__kernel_tan</name>
         <load_address>0x400c</load_address>
         <run_address>0x400c</run_address>
         <size>0x31c</size>
         <input_file_ref idref="fl-e5"/>
      </object_component>
      <object_component id="oc-fb">
         <name>.text</name>
         <load_address>0x4328</load_address>
         <run_address>0x4328</run_address>
         <size>0x2c8</size>
         <input_file_ref idref="fl-6"/>
      </object_component>
      <object_component id="oc-ef">
         <name>.text</name>
         <load_address>0x45f0</load_address>
         <run_address>0x45f0</run_address>
         <size>0x2b8</size>
         <input_file_ref idref="fl-9"/>
      </object_component>
      <object_component id="oc-33e">
         <name>.text:_pconv_a</name>
         <load_address>0x48a8</load_address>
         <run_address>0x48a8</run_address>
         <size>0x270</size>
         <input_file_ref idref="fl-e6"/>
      </object_component>
      <object_component id="oc-101">
         <name>.text</name>
         <load_address>0x4b18</load_address>
         <run_address>0x4b18</run_address>
         <size>0x248</size>
         <input_file_ref idref="fl-2"/>
      </object_component>
      <object_component id="oc-e9">
         <name>.text</name>
         <load_address>0x4d60</load_address>
         <run_address>0x4d60</run_address>
         <size>0x210</size>
         <input_file_ref idref="fl-3"/>
      </object_component>
      <object_component id="oc-e3">
         <name>.text</name>
         <load_address>0x4f70</load_address>
         <run_address>0x4f70</run_address>
         <size>0x208</size>
         <input_file_ref idref="fl-b"/>
      </object_component>
      <object_component id="oc-f5">
         <name>.text</name>
         <load_address>0x5178</load_address>
         <run_address>0x5178</run_address>
         <size>0x1f8</size>
         <input_file_ref idref="fl-8"/>
      </object_component>
      <object_component id="oc-32c">
         <name>.text:_pconv_g</name>
         <load_address>0x5370</load_address>
         <run_address>0x5370</run_address>
         <size>0x1d0</size>
         <input_file_ref idref="fl-e6"/>
      </object_component>
      <object_component id="oc-1ad">
         <name>.text</name>
         <load_address>0x5540</load_address>
         <run_address>0x5540</run_address>
         <size>0x1b6</size>
         <input_file_ref idref="fl-ce"/>
      </object_component>
      <object_component id="oc-45d">
         <name>.text</name>
         <load_address>0x56f6</load_address>
         <run_address>0x56f6</run_address>
         <size>0x2</size>
         <input_file_ref idref="fl-f6"/>
      </object_component>
      <object_component id="oc-25f">
         <name>.text:__kernel_sin</name>
         <load_address>0x56f8</load_address>
         <run_address>0x56f8</run_address>
         <size>0x174</size>
         <input_file_ref idref="fl-e4"/>
      </object_component>
      <object_component id="oc-259">
         <name>.text:__kernel_cos</name>
         <load_address>0x586c</load_address>
         <run_address>0x586c</run_address>
         <size>0x170</size>
         <input_file_ref idref="fl-e3"/>
      </object_component>
      <object_component id="oc-2f3">
         <name>.text:sqrt</name>
         <load_address>0x59dc</load_address>
         <run_address>0x59dc</run_address>
         <size>0x158</size>
         <input_file_ref idref="fl-c7"/>
      </object_component>
      <object_component id="oc-338">
         <name>.text:_pconv_e</name>
         <load_address>0x5b34</load_address>
         <run_address>0x5b34</run_address>
         <size>0x13c</size>
         <input_file_ref idref="fl-e6"/>
      </object_component>
      <object_component id="oc-11a">
         <name>.text</name>
         <load_address>0x5c70</load_address>
         <run_address>0x5c70</run_address>
         <size>0x136</size>
         <input_file_ref idref="fl-d0"/>
      </object_component>
      <object_component id="oc-3f6">
         <name>.text:fcvt</name>
         <load_address>0x5da8</load_address>
         <run_address>0x5da8</run_address>
         <size>0x124</size>
         <input_file_ref idref="fl-e6"/>
      </object_component>
      <object_component id="oc-2fc">
         <name>.text:scalbn</name>
         <load_address>0x5ecc</load_address>
         <run_address>0x5ecc</run_address>
         <size>0x110</size>
         <input_file_ref idref="fl-ca"/>
      </object_component>
      <object_component id="oc-3a3">
         <name>.text:aligned_alloc</name>
         <load_address>0x5fdc</load_address>
         <run_address>0x5fdc</run_address>
         <size>0x100</size>
         <input_file_ref idref="fl-db"/>
      </object_component>
      <object_component id="oc-115">
         <name>.text</name>
         <load_address>0x60dc</load_address>
         <run_address>0x60dc</run_address>
         <size>0xfc</size>
         <input_file_ref idref="fl-d1"/>
      </object_component>
      <object_component id="oc-1d5">
         <name>.text:floor</name>
         <load_address>0x61d8</load_address>
         <run_address>0x61d8</run_address>
         <size>0xf8</size>
         <input_file_ref idref="fl-c9"/>
      </object_component>
      <object_component id="oc-18b">
         <name>.text:free</name>
         <load_address>0x62d0</load_address>
         <run_address>0x62d0</run_address>
         <size>0xe4</size>
         <input_file_ref idref="fl-db"/>
      </object_component>
      <object_component id="oc-326">
         <name>.text:_ltostr</name>
         <load_address>0x63b4</load_address>
         <run_address>0x63b4</run_address>
         <size>0xb1</size>
         <input_file_ref idref="fl-e6"/>
      </object_component>
      <object_component id="oc-3e">
         <name>.text</name>
         <load_address>0x6466</load_address>
         <run_address>0x6466</run_address>
         <size>0x9c</size>
         <input_file_ref idref="fl-d7"/>
      </object_component>
      <object_component id="oc-3dd">
         <name>.text</name>
         <load_address>0x6502</load_address>
         <run_address>0x6502</run_address>
         <size>0x96</size>
         <input_file_ref idref="fl-e8"/>
      </object_component>
      <object_component id="oc-12f">
         <name>.text:__aeabi_cdcmple</name>
         <load_address>0x6598</load_address>
         <run_address>0x6598</run_address>
         <size>0x86</size>
         <input_file_ref idref="fl-cf"/>
      </object_component>
      <object_component id="oc-200">
         <name>.text:__aeabi_cdrcmple</name>
         <load_address>0x661e</load_address>
         <run_address>0x661e</run_address>
         <size>0x86</size>
         <input_file_ref idref="fl-cf"/>
      </object_component>
      <object_component id="oc-96">
         <name>.text</name>
         <load_address>0x66a4</load_address>
         <run_address>0x66a4</run_address>
         <size>0x7a</size>
         <input_file_ref idref="fl-e7"/>
      </object_component>
      <object_component id="oc-44a">
         <name>.text:split</name>
         <load_address>0x6720</load_address>
         <run_address>0x6720</run_address>
         <size>0x70</size>
         <input_file_ref idref="fl-db"/>
      </object_component>
      <object_component id="oc-3ef">
         <name>.text:_mcpy</name>
         <load_address>0x6790</load_address>
         <run_address>0x6790</run_address>
         <size>0x6e</size>
         <input_file_ref idref="fl-e6"/>
      </object_component>
      <object_component id="oc-125">
         <name>.text</name>
         <load_address>0x67fe</load_address>
         <run_address>0x67fe</run_address>
         <size>0x6e</size>
         <input_file_ref idref="fl-d3"/>
      </object_component>
      <object_component id="oc-15">
         <name>.text:decompress:lzss:__TI_decompress_lzss</name>
         <load_address>0x686c</load_address>
         <run_address>0x686c</run_address>
         <size>0x68</size>
         <input_file_ref idref="fl-da"/>
      </object_component>
      <object_component id="oc-404">
         <name>.text:frexp</name>
         <load_address>0x68d4</load_address>
         <run_address>0x68d4</run_address>
         <size>0x64</size>
         <input_file_ref idref="fl-f5"/>
      </object_component>
      <object_component id="oc-332">
         <name>.text:_pconv_f</name>
         <load_address>0x6938</load_address>
         <run_address>0x6938</run_address>
         <size>0x56</size>
         <input_file_ref idref="fl-e6"/>
      </object_component>
      <object_component id="oc-3e3">
         <name>.text:__TI_ltoa</name>
         <load_address>0x698e</load_address>
         <run_address>0x698e</run_address>
         <size>0x54</size>
         <input_file_ref idref="fl-ee"/>
      </object_component>
      <object_component id="oc-3e9">
         <name>.text:_ecpy</name>
         <load_address>0x69e2</load_address>
         <run_address>0x69e2</run_address>
         <size>0x52</size>
         <input_file_ref idref="fl-e6"/>
      </object_component>
      <object_component id="oc-320">
         <name>.text:atoi</name>
         <load_address>0x6a34</load_address>
         <run_address>0x6a34</run_address>
         <size>0x4c</size>
         <input_file_ref idref="fl-f0"/>
      </object_component>
      <object_component id="oc-1db">
         <name>.text</name>
         <load_address>0x6a80</load_address>
         <run_address>0x6a80</run_address>
         <size>0x48</size>
         <input_file_ref idref="fl-d2"/>
      </object_component>
      <object_component id="oc-151">
         <name>.text:__TI_auto_init_nobinit_nopinit:__TI_auto_init_nobinit_nopinit</name>
         <load_address>0x6ac8</load_address>
         <run_address>0x6ac8</run_address>
         <size>0x44</size>
         <input_file_ref idref="fl-e9"/>
      </object_component>
      <object_component id="oc-1e0">
         <name>.text</name>
         <load_address>0x6b0c</load_address>
         <run_address>0x6b0c</run_address>
         <size>0x44</size>
         <input_file_ref idref="fl-d4"/>
      </object_component>
      <object_component id="oc-107">
         <name>.text:sprintf</name>
         <load_address>0x6b50</load_address>
         <run_address>0x6b50</run_address>
         <size>0x40</size>
         <input_file_ref idref="fl-cc"/>
      </object_component>
      <object_component id="oc-1bf">
         <name>.text:vsnprintf</name>
         <load_address>0x6b90</load_address>
         <run_address>0x6b90</run_address>
         <size>0x40</size>
         <input_file_ref idref="fl-cd"/>
      </object_component>
      <object_component id="oc-3fc">
         <name>.text:_fcpy</name>
         <load_address>0x6bd0</load_address>
         <run_address>0x6bd0</run_address>
         <size>0x3e</size>
         <input_file_ref idref="fl-e6"/>
      </object_component>
      <object_component id="oc-185">
         <name>.text:calloc</name>
         <load_address>0x6c10</load_address>
         <run_address>0x6c10</run_address>
         <size>0x38</size>
         <input_file_ref idref="fl-db"/>
      </object_component>
      <object_component id="oc-12a">
         <name>.text</name>
         <load_address>0x6c48</load_address>
         <run_address>0x6c48</run_address>
         <size>0x38</size>
         <input_file_ref idref="fl-d5"/>
      </object_component>
      <object_component id="oc-19e">
         <name>.text:IntRegister</name>
         <load_address>0x6c80</load_address>
         <run_address>0x6c80</run_address>
         <size>0x34</size>
         <input_file_ref idref="fl-f7"/>
      </object_component>
      <object_component id="oc-5c">
         <name>.text:_c_int00_noargs:_c_int00_noargs</name>
         <load_address>0x6cb4</load_address>
         <run_address>0x6cb4</run_address>
         <size>0x34</size>
         <input_file_ref idref="fl-e0"/>
      </object_component>
      <object_component id="oc-2d1">
         <name>.text:_outs</name>
         <load_address>0x6ce8</load_address>
         <run_address>0x6ce8</run_address>
         <size>0x30</size>
         <input_file_ref idref="fl-cd"/>
      </object_component>
      <object_component id="oc-110">
         <name>.text</name>
         <load_address>0x6d18</load_address>
         <run_address>0x6d18</run_address>
         <size>0x2e</size>
         <input_file_ref idref="fl-d6"/>
      </object_component>
      <object_component id="oc-2ab">
         <name>.text:free_list_insert</name>
         <load_address>0x6d48</load_address>
         <run_address>0x6d48</run_address>
         <size>0x28</size>
         <input_file_ref idref="fl-db"/>
      </object_component>
      <object_component id="oc-4a">
         <name>.text:decompress:ZI:__TI_zero_init_nomemset:__TI_zero_init_nomemset</name>
         <load_address>0x6d70</load_address>
         <run_address>0x6d70</run_address>
         <size>0x1c</size>
         <input_file_ref idref="fl-d8"/>
      </object_component>
      <object_component id="oc-2a5">
         <name>.text:free_list_remove</name>
         <load_address>0x6d8c</load_address>
         <run_address>0x6d8c</run_address>
         <size>0x1c</size>
         <input_file_ref idref="fl-db"/>
      </object_component>
      <object_component id="oc-344">
         <name>.text:memccpy</name>
         <load_address>0x6da8</load_address>
         <run_address>0x6da8</run_address>
         <size>0x1c</size>
         <input_file_ref idref="fl-f2"/>
      </object_component>
      <object_component id="oc-3cc">
         <name>.text:copysign</name>
         <load_address>0x6dc4</load_address>
         <run_address>0x6dc4</run_address>
         <size>0x1a</size>
         <input_file_ref idref="fl-e2"/>
      </object_component>
      <object_component id="oc-2d7">
         <name>.text:_outc</name>
         <load_address>0x6dde</load_address>
         <run_address>0x6dde</run_address>
         <size>0x18</size>
         <input_file_ref idref="fl-cd"/>
      </object_component>
      <object_component id="oc-22a">
         <name>.text:_outs</name>
         <load_address>0x6df6</load_address>
         <run_address>0x6df6</run_address>
         <size>0x18</size>
         <input_file_ref idref="fl-cc"/>
      </object_component>
      <object_component id="oc-191">
         <name>.text:oi_parseInt</name>
         <load_address>0x6e0e</load_address>
         <run_address>0x6e0e</run_address>
         <size>0x18</size>
         <input_file_ref idref="fl-7"/>
      </object_component>
      <object_component id="oc-198">
         <name>.text:strcmp</name>
         <load_address>0x6e26</load_address>
         <run_address>0x6e26</run_address>
         <size>0x18</size>
         <input_file_ref idref="fl-dc"/>
      </object_component>
      <object_component id="oc-40a">
         <name>.text:strchr</name>
         <load_address>0x6e3e</load_address>
         <run_address>0x6e3e</run_address>
         <size>0x16</size>
         <input_file_ref idref="fl-f3"/>
      </object_component>
      <object_component id="oc-1c5">
         <name>.text:strcpy</name>
         <load_address>0x6e54</load_address>
         <run_address>0x6e54</run_address>
         <size>0x14</size>
         <input_file_ref idref="fl-dd"/>
      </object_component>
      <object_component id="oc-205">
         <name>.text:strlen</name>
         <load_address>0x6e68</load_address>
         <run_address>0x6e68</run_address>
         <size>0x14</size>
         <input_file_ref idref="fl-de"/>
      </object_component>
      <object_component id="oc-34a">
         <name>.text:wcslen</name>
         <load_address>0x6e7c</load_address>
         <run_address>0x6e7c</run_address>
         <size>0x12</size>
         <input_file_ref idref="fl-f4"/>
      </object_component>
      <object_component id="oc-1a4">
         <name>.text:IntMasterEnable</name>
         <load_address>0x6e8e</load_address>
         <run_address>0x6e8e</run_address>
         <size>0x10</size>
         <input_file_ref idref="fl-f7"/>
      </object_component>
      <object_component id="oc-1b8">
         <name>.text:lcd_clear</name>
         <load_address>0x6e9e</load_address>
         <run_address>0x6e9e</run_address>
         <size>0x10</size>
         <input_file_ref idref="fl-4"/>
      </object_component>
      <object_component id="oc-1b">
         <name>.text:decompress:none:__TI_decompress_none</name>
         <load_address>0x6eae</load_address>
         <run_address>0x6eae</run_address>
         <size>0xe</size>
         <input_file_ref idref="fl-d9"/>
      </object_component>
      <object_component id="oc-2be">
         <name>.text:CPUcpsie</name>
         <load_address>0x6ebc</load_address>
         <run_address>0x6ebc</run_address>
         <size>0xc</size>
         <input_file_ref idref="fl-f8"/>
      </object_component>
      <object_component id="oc-2a">
         <name>.text</name>
         <load_address>0x6ec8</load_address>
         <run_address>0x6ec8</run_address>
         <size>0xc</size>
         <input_file_ref idref="fl-a"/>
      </object_component>
      <object_component id="oc-230">
         <name>.text:_outc</name>
         <load_address>0x6ed4</load_address>
         <run_address>0x6ed4</run_address>
         <size>0xa</size>
         <input_file_ref idref="fl-cc"/>
      </object_component>
      <object_component id="oc-249">
         <name>.text:__aeabi_errno_addr</name>
         <load_address>0x6ee0</load_address>
         <run_address>0x6ee0</run_address>
         <size>0x8</size>
         <input_file_ref idref="fl-e1"/>
      </object_component>
      <object_component id="oc-29e">
         <name>.text:malloc</name>
         <load_address>0x6ee8</load_address>
         <run_address>0x6ee8</run_address>
         <size>0x8</size>
         <input_file_ref idref="fl-db"/>
      </object_component>
      <object_component id="oc-9c">
         <name>.text:_system_pre_init</name>
         <load_address>0x6ef0</load_address>
         <run_address>0x6ef0</run_address>
         <size>0x4</size>
         <input_file_ref idref="fl-ea"/>
      </object_component>
      <object_component id="oc-145">
         <name>.text:abort:abort</name>
         <load_address>0x6ef4</load_address>
         <run_address>0x6ef4</run_address>
         <size>0x4</size>
         <input_file_ref idref="fl-ec"/>
      </object_component>
      <object_component id="oc-360">
         <name>.const:$O1$$</name>
         <load_address>0x6ef8</load_address>
         <run_address>0x6ef8</run_address>
         <size>0x158</size>
         <input_file_ref idref="fl-df"/>
      </object_component>
      <object_component id="oc-3d8">
         <name>.const:.string:_ctypes_</name>
         <load_address>0x7050</load_address>
         <run_address>0x7050</run_address>
         <size>0x101</size>
         <input_file_ref idref="fl-f1"/>
      </object_component>
      <object_component id="oc-20e">
         <name>.const:.string:$P$T0$1</name>
         <load_address>0x7151</load_address>
         <run_address>0x7151</run_address>
         <size>0x5</size>
         <input_file_ref idref="fl-6"/>
      </object_component>
      <object_component id="oc-36b">
         <name>.const:xxx</name>
         <load_address>0x7158</load_address>
         <run_address>0x7158</run_address>
         <size>0x80</size>
         <input_file_ref idref="fl-e5"/>
      </object_component>
      <object_component id="oc-2f9">
         <name>.const:$O1$$</name>
         <load_address>0x71d8</load_address>
         <run_address>0x71d8</run_address>
         <size>0x30</size>
         <input_file_ref idref="fl-c6"/>
      </object_component>
      <object_component id="oc-10d">
         <name>.const:.string:$P$T0$1</name>
         <load_address>0x7208</load_address>
         <run_address>0x7208</run_address>
         <size>0x1b</size>
         <input_file_ref idref="fl-5"/>
      </object_component>
      <object_component id="oc-1b2">
         <name>.const:.string:$P$T0$3</name>
         <load_address>0x7223</load_address>
         <run_address>0x7223</run_address>
         <size>0xf</size>
         <input_file_ref idref="fl-7"/>
      </object_component>
      <object_component id="oc-211">
         <name>.const:.string:$P$T1$2</name>
         <load_address>0x7232</load_address>
         <run_address>0x7232</run_address>
         <size>0x4</size>
         <input_file_ref idref="fl-6"/>
      </object_component>
      <object_component id="oc-20b">
         <name>.const</name>
         <load_address>0x7238</load_address>
         <run_address>0x7238</run_address>
         <size>0x8</size>
         <input_file_ref idref="fl-6"/>
      </object_component>
      <object_component id="oc-214">
         <name>.const:.string:$P$T2$3</name>
         <load_address>0x7240</load_address>
         <run_address>0x7240</run_address>
         <size>0x4</size>
         <input_file_ref idref="fl-6"/>
      </object_component>
      <object_component id="oc-217">
         <name>.const:.string:$P$T3$4</name>
         <load_address>0x7244</load_address>
         <run_address>0x7244</run_address>
         <size>0x4</size>
         <input_file_ref idref="fl-6"/>
      </object_component>
      <object_component id="oc-21a">
         <name>.const:.string:$P$T4$5</name>
         <load_address>0x7248</load_address>
         <run_address>0x7248</run_address>
         <size>0x4</size>
         <input_file_ref idref="fl-6"/>
      </object_component>
      <object_component id="oc-1cb">
         <name>.const:.string:lineAddress$1</name>
         <load_address>0x724c</load_address>
         <run_address>0x724c</run_address>
         <size>0x4</size>
         <input_file_ref idref="fl-4"/>
      </object_component>
      <object_component id="oc-1cc">
         <name>.const:.string:lineAddresses$2</name>
         <load_address>0x7250</load_address>
         <run_address>0x7250</run_address>
         <size>0x4</size>
         <input_file_ref idref="fl-4"/>
      </object_component>
      <object_component id="oc-4b1">
         <name>.cinit..data.load</name>
         <load_address>0x7258</load_address>
         <run_address>0x7258</run_address>
         <size>0x34</size>
      </object_component>
      <object_component id="oc-4ae">
         <name>__TI_handler_table</name>
         <load_address>0x728c</load_address>
         <run_address>0x728c</run_address>
         <size>0xc</size>
      </object_component>
      <object_component id="oc-4b2">
         <name>.cinit..bss.load</name>
         <load_address>0x7298</load_address>
         <run_address>0x7298</run_address>
         <size>0x8</size>
      </object_component>
      <object_component id="oc-4b0">
         <name>.cinit..vtable.load</name>
         <load_address>0x72a0</load_address>
         <run_address>0x72a0</run_address>
         <size>0x8</size>
      </object_component>
      <object_component id="oc-4af">
         <name>__TI_cinit_table</name>
         <load_address>0x72a8</load_address>
         <run_address>0x72a8</run_address>
         <size>0x18</size>
      </object_component>
      <object_component id="oc-2b4">
         <name>.vtable</name>
         <uninitialized>true</uninitialized>
         <run_address>0x20000000</run_address>
         <size>0x26c</size>
         <input_file_ref idref="fl-f7"/>
      </object_component>
      <object_component id="oc-21f">
         <name>.data</name>
         <load_address>0x20000f35</load_address>
         <run_address>0x20000f35</run_address>
         <size>0x1</size>
         <input_file_ref idref="fl-2"/>
      </object_component>
      <object_component id="oc-13a">
         <name>.data</name>
         <load_address>0x20000f48</load_address>
         <run_address>0x20000f48</run_address>
         <size>0x8</size>
         <input_file_ref idref="fl-5"/>
      </object_component>
      <object_component id="oc-1aa">
         <name>.data</name>
         <load_address>0x20000efc</load_address>
         <run_address>0x20000efc</run_address>
         <size>0x20</size>
         <input_file_ref idref="fl-7"/>
      </object_component>
      <object_component id="oc-1f3">
         <name>.data</name>
         <load_address>0x20000f1c</load_address>
         <run_address>0x20000f1c</run_address>
         <size>0x19</size>
         <input_file_ref idref="fl-9"/>
      </object_component>
      <object_component id="oc-3aa">
         <name>.data:$O1$$</name>
         <load_address>0x20000f40</load_address>
         <run_address>0x20000f40</run_address>
         <size>0x8</size>
         <input_file_ref idref="fl-db"/>
      </object_component>
      <object_component id="oc-370">
         <name>.data</name>
         <load_address>0x20000f50</load_address>
         <run_address>0x20000f50</run_address>
         <size>0x4</size>
         <input_file_ref idref="fl-e1"/>
      </object_component>
      <object_component id="oc-282">
         <name>.data:$O1$$</name>
         <load_address>0x20000f38</load_address>
         <run_address>0x20000f38</run_address>
         <size>0x8</size>
         <input_file_ref idref="fl-ed"/>
      </object_component>
      <object_component id="oc-1cd">
         <name>.bss:lastbuffer$3</name>
         <uninitialized>true</uninitialized>
         <run_address>0x20000e70</run_address>
         <size>0x54</size>
         <input_file_ref idref="fl-4"/>
      </object_component>
      <object_component id="oc-1b5">
         <name>.bss:firmware$2</name>
         <uninitialized>true</uninitialized>
         <run_address>0x20000ec4</run_address>
         <size>0x18</size>
         <input_file_ref idref="fl-7"/>
      </object_component>
      <object_component id="oc-222">
         <name>.common:_timeout_ticks</name>
         <uninitialized>true</uninitialized>
         <run_address>0x20000edc</run_address>
         <size>0x4</size>
      </object_component>
      <object_component id="oc-1f9">
         <name>.common:state</name>
         <uninitialized>true</uninitialized>
         <run_address>0x20000ef8</run_address>
         <size>0x1</size>
      </object_component>
      <object_component id="oc-1fc">
         <name>.common:rising_time</name>
         <uninitialized>true</uninitialized>
         <run_address>0x20000ef4</run_address>
         <size>0x4</size>
      </object_component>
      <object_component id="oc-1fd">
         <name>.common:falling_time</name>
         <uninitialized>true</uninitialized>
         <run_address>0x20000ee8</run_address>
         <size>0x4</size>
      </object_component>
      <object_component id="oc-1fe">
         <name>.common:overflow</name>
         <uninitialized>true</uninitialized>
         <run_address>0x20000ef0</run_address>
         <size>0x4</size>
      </object_component>
      <object_component id="oc-1f0">
         <name>.common:match_subtract</name>
         <uninitialized>true</uninitialized>
         <run_address>0x20000eec</run_address>
         <size>0x4</size>
      </object_component>
      <object_component id="oc-1f6">
         <name>.common:difference</name>
         <uninitialized>true</uninitialized>
         <run_address>0x20000ee4</run_address>
         <size>0x4</size>
      </object_component>
      <object_component id="oc-1f7">
         <name>.common:denom</name>
         <uninitialized>true</uninitialized>
         <run_address>0x20000ee0</run_address>
         <size>0x4</size>
      </object_component>
      <object_component id="oc-24">
         <name>.sysmem</name>
         <uninitialized>true</uninitialized>
         <run_address>0x20000a70</run_address>
         <size>0x10</size>
         <input_file_ref idref="fl-db"/>
      </object_component>
      <object_component id="oc-4b5">
         <name>.sysmem</name>
         <uninitialized>true</uninitialized>
         <run_address>0x20000a70</run_address>
         <size>0x0</size>
      </object_component>
      <object_component id="oc-27">
         <name>.stack</name>
         <uninitialized>true</uninitialized>
         <run_address>0x20000270</run_address>
         <size>0x4</size>
         <input_file_ref idref="fl-e0"/>
      </object_component>
      <object_component id="oc-4b4">
         <name>.stack</name>
         <uninitialized>true</uninitialized>
         <run_address>0x20000270</run_address>
         <size>0x0</size>
      </object_component>
      <object_component id="oc-c5">
         <name>.debug_info</name>
         <load_address>0x0</load_address>
         <run_address>0x0</run_address>
         <size>0x2b0</size>
         <input_file_ref idref="fl-2"/>
      </object_component>
      <object_component id="oc-220">
         <name>.debug_info</name>
         <load_address>0x2b0</load_address>
         <run_address>0x2b0</run_address>
         <size>0xbe</size>
         <input_file_ref idref="fl-2"/>
      </object_component>
      <object_component id="oc-105">
         <name>.debug_info</name>
         <load_address>0x36e</load_address>
         <run_address>0x36e</run_address>
         <size>0x506</size>
         <input_file_ref idref="fl-2"/>
      </object_component>
      <object_component id="oc-77">
         <name>.debug_info</name>
         <load_address>0x874</load_address>
         <run_address>0x874</run_address>
         <size>0x26b</size>
         <input_file_ref idref="fl-2"/>
      </object_component>
      <object_component id="oc-39">
         <name>.debug_info</name>
         <load_address>0xadf</load_address>
         <run_address>0xadf</run_address>
         <size>0x84</size>
         <input_file_ref idref="fl-2"/>
      </object_component>
      <object_component id="oc-c0">
         <name>.debug_info</name>
         <load_address>0xb63</load_address>
         <run_address>0xb63</run_address>
         <size>0x2a4</size>
         <input_file_ref idref="fl-2"/>
      </object_component>
      <object_component id="oc-7c">
         <name>.debug_info</name>
         <load_address>0xe07</load_address>
         <run_address>0xe07</run_address>
         <size>0xbb</size>
         <input_file_ref idref="fl-2"/>
      </object_component>
      <object_component id="oc-1ef">
         <name>.debug_info</name>
         <load_address>0xec2</load_address>
         <run_address>0xec2</run_address>
         <size>0x31e</size>
         <input_file_ref idref="fl-3"/>
      </object_component>
      <object_component id="oc-eb">
         <name>.debug_info</name>
         <load_address>0x11e0</load_address>
         <run_address>0x11e0</run_address>
         <size>0x30c</size>
         <input_file_ref idref="fl-3"/>
      </object_component>
      <object_component id="oc-2cc">
         <name>.debug_info</name>
         <load_address>0x14ec</load_address>
         <run_address>0x14ec</run_address>
         <size>0xcc</size>
         <input_file_ref idref="fl-3"/>
      </object_component>
      <object_component id="oc-1d0">
         <name>.debug_info</name>
         <load_address>0x15b8</load_address>
         <run_address>0x15b8</run_address>
         <size>0x2c</size>
         <input_file_ref idref="fl-3"/>
      </object_component>
      <object_component id="oc-1cf">
         <name>.debug_info</name>
         <load_address>0x15e4</load_address>
         <run_address>0x15e4</run_address>
         <size>0x37e</size>
         <input_file_ref idref="fl-4"/>
      </object_component>
      <object_component id="oc-1b9">
         <name>.debug_info</name>
         <load_address>0x1962</load_address>
         <run_address>0x1962</run_address>
         <size>0x113</size>
         <input_file_ref idref="fl-4"/>
      </object_component>
      <object_component id="oc-de">
         <name>.debug_info</name>
         <load_address>0x1a75</load_address>
         <run_address>0x1a75</run_address>
         <size>0x89f</size>
         <input_file_ref idref="fl-4"/>
      </object_component>
      <object_component id="oc-274">
         <name>.debug_info</name>
         <load_address>0x2314</load_address>
         <run_address>0x2314</run_address>
         <size>0x35</size>
         <input_file_ref idref="fl-4"/>
      </object_component>
      <object_component id="oc-143">
         <name>.debug_info</name>
         <load_address>0x2349</load_address>
         <run_address>0x2349</run_address>
         <size>0x715</size>
         <input_file_ref idref="fl-5"/>
      </object_component>
      <object_component id="oc-13b">
         <name>.debug_info</name>
         <load_address>0x2a5e</load_address>
         <run_address>0x2a5e</run_address>
         <size>0xe6</size>
         <input_file_ref idref="fl-5"/>
      </object_component>
      <object_component id="oc-10e">
         <name>.debug_info</name>
         <load_address>0x2b44</load_address>
         <run_address>0x2b44</run_address>
         <size>0xba</size>
         <input_file_ref idref="fl-5"/>
      </object_component>
      <object_component id="oc-a5">
         <name>.debug_info</name>
         <load_address>0x2bfe</load_address>
         <run_address>0x2bfe</run_address>
         <size>0xc45</size>
         <input_file_ref idref="fl-5"/>
      </object_component>
      <object_component id="oc-26b">
         <name>.debug_info</name>
         <load_address>0x3843</load_address>
         <run_address>0x3843</run_address>
         <size>0x44</size>
         <input_file_ref idref="fl-5"/>
      </object_component>
      <object_component id="oc-26f">
         <name>.debug_info</name>
         <load_address>0x3887</load_address>
         <run_address>0x3887</run_address>
         <size>0x5aa</size>
         <input_file_ref idref="fl-5"/>
      </object_component>
      <object_component id="oc-13e">
         <name>.debug_info</name>
         <load_address>0x3e31</load_address>
         <run_address>0x3e31</run_address>
         <size>0x8b</size>
         <input_file_ref idref="fl-5"/>
      </object_component>
      <object_component id="oc-279">
         <name>.debug_info</name>
         <load_address>0x3ebc</load_address>
         <run_address>0x3ebc</run_address>
         <size>0x140</size>
         <input_file_ref idref="fl-5"/>
      </object_component>
      <object_component id="oc-21e">
         <name>.debug_info</name>
         <load_address>0x3ffc</load_address>
         <run_address>0x3ffc</run_address>
         <size>0x3d3</size>
         <input_file_ref idref="fl-6"/>
      </object_component>
      <object_component id="oc-20c">
         <name>.debug_info</name>
         <load_address>0x43cf</load_address>
         <run_address>0x43cf</run_address>
         <size>0xbb</size>
         <input_file_ref idref="fl-6"/>
      </object_component>
      <object_component id="oc-20f">
         <name>.debug_info</name>
         <load_address>0x448a</load_address>
         <run_address>0x448a</run_address>
         <size>0xbe</size>
         <input_file_ref idref="fl-6"/>
      </object_component>
      <object_component id="oc-212">
         <name>.debug_info</name>
         <load_address>0x4548</load_address>
         <run_address>0x4548</run_address>
         <size>0xbe</size>
         <input_file_ref idref="fl-6"/>
      </object_component>
      <object_component id="oc-215">
         <name>.debug_info</name>
         <load_address>0x4606</load_address>
         <run_address>0x4606</run_address>
         <size>0xbe</size>
         <input_file_ref idref="fl-6"/>
      </object_component>
      <object_component id="oc-218">
         <name>.debug_info</name>
         <load_address>0x46c4</load_address>
         <run_address>0x46c4</run_address>
         <size>0xbe</size>
         <input_file_ref idref="fl-6"/>
      </object_component>
      <object_component id="oc-21b">
         <name>.debug_info</name>
         <load_address>0x4782</load_address>
         <run_address>0x4782</run_address>
         <size>0xbe</size>
         <input_file_ref idref="fl-6"/>
      </object_component>
      <object_component id="oc-fc">
         <name>.debug_info</name>
         <load_address>0x4840</load_address>
         <run_address>0x4840</run_address>
         <size>0x927</size>
         <input_file_ref idref="fl-6"/>
      </object_component>
      <object_component id="oc-1b7">
         <name>.debug_info</name>
         <load_address>0x5167</load_address>
         <run_address>0x5167</run_address>
         <size>0x3fb</size>
         <input_file_ref idref="fl-7"/>
      </object_component>
      <object_component id="oc-1ab">
         <name>.debug_info</name>
         <load_address>0x5562</load_address>
         <run_address>0x5562</run_address>
         <size>0x110</size>
         <input_file_ref idref="fl-7"/>
      </object_component>
      <object_component id="oc-1b3">
         <name>.debug_info</name>
         <load_address>0x5672</load_address>
         <run_address>0x5672</run_address>
         <size>0xc5</size>
         <input_file_ref idref="fl-7"/>
      </object_component>
      <object_component id="oc-192">
         <name>.debug_info</name>
         <load_address>0x5737</load_address>
         <run_address>0x5737</run_address>
         <size>0x13d</size>
         <input_file_ref idref="fl-7"/>
      </object_component>
      <object_component id="oc-d8">
         <name>.debug_info</name>
         <load_address>0x5874</load_address>
         <run_address>0x5874</run_address>
         <size>0x1987</size>
         <input_file_ref idref="fl-7"/>
      </object_component>
      <object_component id="oc-1fa">
         <name>.debug_info</name>
         <load_address>0x71fb</load_address>
         <run_address>0x71fb</run_address>
         <size>0x374</size>
         <input_file_ref idref="fl-8"/>
      </object_component>
      <object_component id="oc-f8">
         <name>.debug_info</name>
         <load_address>0x756f</load_address>
         <run_address>0x756f</run_address>
         <size>0x244</size>
         <input_file_ref idref="fl-8"/>
      </object_component>
      <object_component id="oc-1f1">
         <name>.debug_info</name>
         <load_address>0x77b3</load_address>
         <run_address>0x77b3</run_address>
         <size>0x326</size>
         <input_file_ref idref="fl-9"/>
      </object_component>
      <object_component id="oc-1f4">
         <name>.debug_info</name>
         <load_address>0x7ad9</load_address>
         <run_address>0x7ad9</run_address>
         <size>0x187</size>
         <input_file_ref idref="fl-9"/>
      </object_component>
      <object_component id="oc-f1">
         <name>.debug_info</name>
         <load_address>0x7c60</load_address>
         <run_address>0x7c60</run_address>
         <size>0x41f</size>
         <input_file_ref idref="fl-9"/>
      </object_component>
      <object_component id="oc-32">
         <name>.debug_info</name>
         <load_address>0x807f</load_address>
         <run_address>0x807f</run_address>
         <size>0x29a</size>
         <input_file_ref idref="fl-a"/>
      </object_component>
      <object_component id="oc-13">
         <name>.debug_info</name>
         <load_address>0x8319</load_address>
         <run_address>0x8319</run_address>
         <size>0xd9</size>
         <input_file_ref idref="fl-a"/>
      </object_component>
      <object_component id="oc-2b">
         <name>.debug_info</name>
         <load_address>0x83f2</load_address>
         <run_address>0x83f2</run_address>
         <size>0x255</size>
         <input_file_ref idref="fl-a"/>
      </object_component>
      <object_component id="oc-1e6">
         <name>.debug_info</name>
         <load_address>0x8647</load_address>
         <run_address>0x8647</run_address>
         <size>0x35f</size>
         <input_file_ref idref="fl-b"/>
      </object_component>
      <object_component id="oc-e4">
         <name>.debug_info</name>
         <load_address>0x89a6</load_address>
         <run_address>0x89a6</run_address>
         <size>0x48a</size>
         <input_file_ref idref="fl-b"/>
      </object_component>
      <object_component id="oc-303">
         <name>.debug_info</name>
         <load_address>0x8e30</load_address>
         <run_address>0x8e30</run_address>
         <size>0x35e</size>
         <input_file_ref idref="fl-c6"/>
      </object_component>
      <object_component id="oc-2fa">
         <name>.debug_info</name>
         <load_address>0x918e</load_address>
         <run_address>0x918e</run_address>
         <size>0x128</size>
         <input_file_ref idref="fl-c6"/>
      </object_component>
      <object_component id="oc-1e9">
         <name>.debug_info</name>
         <load_address>0x92b6</load_address>
         <run_address>0x92b6</run_address>
         <size>0xbf2</size>
         <input_file_ref idref="fl-c6"/>
      </object_component>
      <object_component id="oc-377">
         <name>.debug_info</name>
         <load_address>0x9ea8</load_address>
         <run_address>0x9ea8</run_address>
         <size>0x46</size>
         <input_file_ref idref="fl-c6"/>
      </object_component>
      <object_component id="oc-251">
         <name>.debug_info</name>
         <load_address>0x9eee</load_address>
         <run_address>0x9eee</run_address>
         <size>0x39</size>
         <input_file_ref idref="fl-c6"/>
      </object_component>
      <object_component id="oc-3c9">
         <name>.debug_info</name>
         <load_address>0x9f27</load_address>
         <run_address>0x9f27</run_address>
         <size>0x2c5</size>
         <input_file_ref idref="fl-c7"/>
      </object_component>
      <object_component id="oc-2f4">
         <name>.debug_info</name>
         <load_address>0xa1ec</load_address>
         <run_address>0xa1ec</run_address>
         <size>0x24e</size>
         <input_file_ref idref="fl-c7"/>
      </object_component>
      <object_component id="oc-266">
         <name>.debug_info</name>
         <load_address>0xa43a</load_address>
         <run_address>0xa43a</run_address>
         <size>0x361</size>
         <input_file_ref idref="fl-c8"/>
      </object_component>
      <object_component id="oc-135">
         <name>.debug_info</name>
         <load_address>0xa79b</load_address>
         <run_address>0xa79b</run_address>
         <size>0x79b</size>
         <input_file_ref idref="fl-c8"/>
      </object_component>
      <object_component id="oc-2ee">
         <name>.debug_info</name>
         <load_address>0xaf36</load_address>
         <run_address>0xaf36</run_address>
         <size>0x28a</size>
         <input_file_ref idref="fl-c9"/>
      </object_component>
      <object_component id="oc-1d6">
         <name>.debug_info</name>
         <load_address>0xb1c0</load_address>
         <run_address>0xb1c0</run_address>
         <size>0x22a</size>
         <input_file_ref idref="fl-c9"/>
      </object_component>
      <object_component id="oc-3d3">
         <name>.debug_info</name>
         <load_address>0xb3ea</load_address>
         <run_address>0xb3ea</run_address>
         <size>0x2f8</size>
         <input_file_ref idref="fl-ca"/>
      </object_component>
      <object_component id="oc-2fd">
         <name>.debug_info</name>
         <load_address>0xb6e2</load_address>
         <run_address>0xb6e2</run_address>
         <size>0x225</size>
         <input_file_ref idref="fl-ca"/>
      </object_component>
      <object_component id="oc-42a">
         <name>.debug_info</name>
         <load_address>0xb907</load_address>
         <run_address>0xb907</run_address>
         <size>0x39</size>
         <input_file_ref idref="fl-ca"/>
      </object_component>
      <object_component id="oc-366">
         <name>.debug_info</name>
         <load_address>0xb940</load_address>
         <run_address>0xb940</run_address>
         <size>0x2c</size>
         <input_file_ref idref="fl-ca"/>
      </object_component>
      <object_component id="oc-250">
         <name>.debug_info</name>
         <load_address>0xb96c</load_address>
         <run_address>0xb96c</run_address>
         <size>0x36a</size>
         <input_file_ref idref="fl-cb"/>
      </object_component>
      <object_component id="oc-121">
         <name>.debug_info</name>
         <load_address>0xbcd6</load_address>
         <run_address>0xbcd6</run_address>
         <size>0x5d4</size>
         <input_file_ref idref="fl-cb"/>
      </object_component>
      <object_component id="oc-237">
         <name>.debug_info</name>
         <load_address>0xc2aa</load_address>
         <run_address>0xc2aa</run_address>
         <size>0x333</size>
         <input_file_ref idref="fl-cc"/>
      </object_component>
      <object_component id="oc-109">
         <name>.debug_info</name>
         <load_address>0xc5dd</load_address>
         <run_address>0xc5dd</run_address>
         <size>0x1d1</size>
         <input_file_ref idref="fl-cc"/>
      </object_component>
      <object_component id="oc-22c">
         <name>.debug_info</name>
         <load_address>0xc7ae</load_address>
         <run_address>0xc7ae</run_address>
         <size>0x18d</size>
         <input_file_ref idref="fl-cc"/>
      </object_component>
      <object_component id="oc-232">
         <name>.debug_info</name>
         <load_address>0xc93b</load_address>
         <run_address>0xc93b</run_address>
         <size>0x16d</size>
         <input_file_ref idref="fl-cc"/>
      </object_component>
      <object_component id="oc-2df">
         <name>.debug_info</name>
         <load_address>0xcaa8</load_address>
         <run_address>0xcaa8</run_address>
         <size>0x2c</size>
         <input_file_ref idref="fl-cc"/>
      </object_component>
      <object_component id="oc-2de">
         <name>.debug_info</name>
         <load_address>0xcad4</load_address>
         <run_address>0xcad4</run_address>
         <size>0x340</size>
         <input_file_ref idref="fl-cd"/>
      </object_component>
      <object_component id="oc-1c0">
         <name>.debug_info</name>
         <load_address>0xce14</load_address>
         <run_address>0xce14</run_address>
         <size>0x208</size>
         <input_file_ref idref="fl-cd"/>
      </object_component>
      <object_component id="oc-2d2">
         <name>.debug_info</name>
         <load_address>0xd01c</load_address>
         <run_address>0xd01c</run_address>
         <size>0x1c6</size>
         <input_file_ref idref="fl-cd"/>
      </object_component>
      <object_component id="oc-2d8">
         <name>.debug_info</name>
         <load_address>0xd1e2</load_address>
         <run_address>0xd1e2</run_address>
         <size>0x179</size>
         <input_file_ref idref="fl-cd"/>
      </object_component>
      <object_component id="oc-2e4">
         <name>.debug_info</name>
         <load_address>0xd35b</load_address>
         <run_address>0xd35b</run_address>
         <size>0x69</size>
         <input_file_ref idref="fl-cd"/>
      </object_component>
      <object_component id="oc-1ae">
         <name>.debug_info</name>
         <load_address>0xd3c4</load_address>
         <run_address>0xd3c4</run_address>
         <size>0x14c</size>
         <input_file_ref idref="fl-ce"/>
      </object_component>
      <object_component id="oc-131">
         <name>.debug_info</name>
         <load_address>0xd510</load_address>
         <run_address>0xd510</run_address>
         <size>0x128</size>
         <input_file_ref idref="fl-cf"/>
      </object_component>
      <object_component id="oc-203">
         <name>.debug_info</name>
         <load_address>0xd638</load_address>
         <run_address>0xd638</run_address>
         <size>0x12a</size>
         <input_file_ref idref="fl-cf"/>
      </object_component>
      <object_component id="oc-11b">
         <name>.debug_info</name>
         <load_address>0xd762</load_address>
         <run_address>0xd762</run_address>
         <size>0x13a</size>
         <input_file_ref idref="fl-d0"/>
      </object_component>
      <object_component id="oc-116">
         <name>.debug_info</name>
         <load_address>0xd89c</load_address>
         <run_address>0xd89c</run_address>
         <size>0x13a</size>
         <input_file_ref idref="fl-d1"/>
      </object_component>
      <object_component id="oc-1dd">
         <name>.debug_info</name>
         <load_address>0xd9d6</load_address>
         <run_address>0xd9d6</run_address>
         <size>0x12e</size>
         <input_file_ref idref="fl-d2"/>
      </object_component>
      <object_component id="oc-126">
         <name>.debug_info</name>
         <load_address>0xdb04</load_address>
         <run_address>0xdb04</run_address>
         <size>0x13e</size>
         <input_file_ref idref="fl-d3"/>
      </object_component>
      <object_component id="oc-1e2">
         <name>.debug_info</name>
         <load_address>0xdc42</load_address>
         <run_address>0xdc42</run_address>
         <size>0x139</size>
         <input_file_ref idref="fl-d4"/>
      </object_component>
      <object_component id="oc-12b">
         <name>.debug_info</name>
         <load_address>0xdd7b</load_address>
         <run_address>0xdd7b</run_address>
         <size>0x12c</size>
         <input_file_ref idref="fl-d5"/>
      </object_component>
      <object_component id="oc-112">
         <name>.debug_info</name>
         <load_address>0xdea7</load_address>
         <run_address>0xdea7</run_address>
         <size>0x12c</size>
         <input_file_ref idref="fl-d6"/>
      </object_component>
      <object_component id="oc-40">
         <name>.debug_info</name>
         <load_address>0xdfd3</load_address>
         <run_address>0xdfd3</run_address>
         <size>0x119</size>
         <input_file_ref idref="fl-d7"/>
      </object_component>
      <object_component id="oc-95">
         <name>.debug_info</name>
         <load_address>0xe0ec</load_address>
         <run_address>0xe0ec</run_address>
         <size>0x2d4</size>
         <input_file_ref idref="fl-d8"/>
      </object_component>
      <object_component id="oc-4b">
         <name>.debug_info</name>
         <load_address>0xe3c0</load_address>
         <run_address>0xe3c0</run_address>
         <size>0x1d2</size>
         <input_file_ref idref="fl-d8"/>
      </object_component>
      <object_component id="oc-90">
         <name>.debug_info</name>
         <load_address>0xe592</load_address>
         <run_address>0xe592</run_address>
         <size>0x46</size>
         <input_file_ref idref="fl-d8"/>
      </object_component>
      <object_component id="oc-ce">
         <name>.debug_info</name>
         <load_address>0xe5d8</load_address>
         <run_address>0xe5d8</run_address>
         <size>0x2c</size>
         <input_file_ref idref="fl-d8"/>
      </object_component>
      <object_component id="oc-49">
         <name>.debug_info</name>
         <load_address>0xe604</load_address>
         <run_address>0xe604</run_address>
         <size>0x2a8</size>
         <input_file_ref idref="fl-d9"/>
      </object_component>
      <object_component id="oc-1f">
         <name>.debug_info</name>
         <load_address>0xe8ac</load_address>
         <run_address>0xe8ac</run_address>
         <size>0x1ea</size>
         <input_file_ref idref="fl-d9"/>
      </object_component>
      <object_component id="oc-44">
         <name>.debug_info</name>
         <load_address>0xea96</load_address>
         <run_address>0xea96</run_address>
         <size>0x46</size>
         <input_file_ref idref="fl-d9"/>
      </object_component>
      <object_component id="oc-88">
         <name>.debug_info</name>
         <load_address>0xeadc</load_address>
         <run_address>0xeadc</run_address>
         <size>0x2c</size>
         <input_file_ref idref="fl-d9"/>
      </object_component>
      <object_component id="oc-86">
         <name>.debug_info</name>
         <load_address>0xeb08</load_address>
         <run_address>0xeb08</run_address>
         <size>0x29e</size>
         <input_file_ref idref="fl-da"/>
      </object_component>
      <object_component id="oc-18">
         <name>.debug_info</name>
         <load_address>0xeda6</load_address>
         <run_address>0xeda6</run_address>
         <size>0x250</size>
         <input_file_ref idref="fl-da"/>
      </object_component>
      <object_component id="oc-34">
         <name>.debug_info</name>
         <load_address>0xeff6</load_address>
         <run_address>0xeff6</run_address>
         <size>0x60</size>
         <input_file_ref idref="fl-da"/>
      </object_component>
      <object_component id="oc-c7">
         <name>.debug_info</name>
         <load_address>0xf056</load_address>
         <run_address>0xf056</run_address>
         <size>0x46</size>
         <input_file_ref idref="fl-da"/>
      </object_component>
      <object_component id="oc-81">
         <name>.debug_info</name>
         <load_address>0xf09c</load_address>
         <run_address>0xf09c</run_address>
         <size>0x39</size>
         <input_file_ref idref="fl-da"/>
      </object_component>
      <object_component id="oc-70">
         <name>.debug_info</name>
         <load_address>0xf0d5</load_address>
         <run_address>0xf0d5</run_address>
         <size>0x3b2</size>
         <input_file_ref idref="fl-db"/>
      </object_component>
      <object_component id="oc-25">
         <name>.debug_info</name>
         <load_address>0xf487</load_address>
         <run_address>0xf487</run_address>
         <size>0x10c</size>
         <input_file_ref idref="fl-db"/>
      </object_component>
      <object_component id="oc-3ab">
         <name>.debug_info</name>
         <load_address>0xf593</load_address>
         <run_address>0xf593</run_address>
         <size>0x13f</size>
         <input_file_ref idref="fl-db"/>
      </object_component>
      <object_component id="oc-29f">
         <name>.debug_info</name>
         <load_address>0xf6d2</load_address>
         <run_address>0xf6d2</run_address>
         <size>0x168</size>
         <input_file_ref idref="fl-db"/>
      </object_component>
      <object_component id="oc-2a6">
         <name>.debug_info</name>
         <load_address>0xf83a</load_address>
         <run_address>0xf83a</run_address>
         <size>0x18e</size>
         <input_file_ref idref="fl-db"/>
      </object_component>
      <object_component id="oc-2ac">
         <name>.debug_info</name>
         <load_address>0xf9c8</load_address>
         <run_address>0xf9c8</run_address>
         <size>0x19f</size>
         <input_file_ref idref="fl-db"/>
      </object_component>
      <object_component id="oc-18c">
         <name>.debug_info</name>
         <load_address>0xfb67</load_address>
         <run_address>0xfb67</run_address>
         <size>0x203</size>
         <input_file_ref idref="fl-db"/>
      </object_component>
      <object_component id="oc-44b">
         <name>.debug_info</name>
         <load_address>0xfd6a</load_address>
         <run_address>0xfd6a</run_address>
         <size>0x1db</size>
         <input_file_ref idref="fl-db"/>
      </object_component>
      <object_component id="oc-186">
         <name>.debug_info</name>
         <load_address>0xff45</load_address>
         <run_address>0xff45</run_address>
         <size>0x1a5</size>
         <input_file_ref idref="fl-db"/>
      </object_component>
      <object_component id="oc-3a4">
         <name>.debug_info</name>
         <load_address>0x100ea</load_address>
         <run_address>0x100ea</run_address>
         <size>0x299</size>
         <input_file_ref idref="fl-db"/>
      </object_component>
      <object_component id="oc-bb">
         <name>.debug_info</name>
         <load_address>0x10383</load_address>
         <run_address>0x10383</run_address>
         <size>0xb2</size>
         <input_file_ref idref="fl-db"/>
      </object_component>
      <object_component id="oc-b6">
         <name>.debug_info</name>
         <load_address>0x10435</load_address>
         <run_address>0x10435</run_address>
         <size>0x2c</size>
         <input_file_ref idref="fl-db"/>
      </object_component>
      <object_component id="oc-2b3">
         <name>.debug_info</name>
         <load_address>0x10461</load_address>
         <run_address>0x10461</run_address>
         <size>0x28a</size>
         <input_file_ref idref="fl-dc"/>
      </object_component>
      <object_component id="oc-19b">
         <name>.debug_info</name>
         <load_address>0x106eb</load_address>
         <run_address>0x106eb</run_address>
         <size>0x273</size>
         <input_file_ref idref="fl-dc"/>
      </object_component>
      <object_component id="oc-2ea">
         <name>.debug_info</name>
         <load_address>0x1095e</load_address>
         <run_address>0x1095e</run_address>
         <size>0x2a4</size>
         <input_file_ref idref="fl-dd"/>
      </object_component>
      <object_component id="oc-1c8">
         <name>.debug_info</name>
         <load_address>0x10c02</load_address>
         <run_address>0x10c02</run_address>
         <size>0x24d</size>
         <input_file_ref idref="fl-dd"/>
      </object_component>
      <object_component id="oc-30f">
         <name>.debug_info</name>
         <load_address>0x10e4f</load_address>
         <run_address>0x10e4f</run_address>
         <size>0x28f</size>
         <input_file_ref idref="fl-de"/>
      </object_component>
      <object_component id="oc-206">
         <name>.debug_info</name>
         <load_address>0x110de</load_address>
         <run_address>0x110de</run_address>
         <size>0x245</size>
         <input_file_ref idref="fl-de"/>
      </object_component>
      <object_component id="oc-364">
         <name>.debug_info</name>
         <load_address>0x11323</load_address>
         <run_address>0x11323</run_address>
         <size>0x3aa</size>
         <input_file_ref idref="fl-df"/>
      </object_component>
      <object_component id="oc-361">
         <name>.debug_info</name>
         <load_address>0x116cd</load_address>
         <run_address>0x116cd</run_address>
         <size>0x13a</size>
         <input_file_ref idref="fl-df"/>
      </object_component>
      <object_component id="oc-23e">
         <name>.debug_info</name>
         <load_address>0x11807</load_address>
         <run_address>0x11807</run_address>
         <size>0x72f</size>
         <input_file_ref idref="fl-df"/>
      </object_component>
      <object_component id="oc-28">
         <name>.debug_info</name>
         <load_address>0x11f36</load_address>
         <run_address>0x11f36</run_address>
         <size>0x10b</size>
         <input_file_ref idref="fl-e0"/>
      </object_component>
      <object_component id="oc-5e">
         <name>.debug_info</name>
         <load_address>0x12041</load_address>
         <run_address>0x12041</run_address>
         <size>0x1a9</size>
         <input_file_ref idref="fl-e0"/>
      </object_component>
      <object_component id="oc-374">
         <name>.debug_info</name>
         <load_address>0x121ea</load_address>
         <run_address>0x121ea</run_address>
         <size>0x289</size>
         <input_file_ref idref="fl-e1"/>
      </object_component>
      <object_component id="oc-371">
         <name>.debug_info</name>
         <load_address>0x12473</load_address>
         <run_address>0x12473</run_address>
         <size>0x10e</size>
         <input_file_ref idref="fl-e1"/>
      </object_component>
      <object_component id="oc-24c">
         <name>.debug_info</name>
         <load_address>0x12581</load_address>
         <run_address>0x12581</run_address>
         <size>0x14e</size>
         <input_file_ref idref="fl-e1"/>
      </object_component>
      <object_component id="oc-3d0">
         <name>.debug_info</name>
         <load_address>0x126cf</load_address>
         <run_address>0x126cf</run_address>
         <size>0x161</size>
         <input_file_ref idref="fl-e2"/>
      </object_component>
      <object_component id="oc-37d">
         <name>.debug_info</name>
         <load_address>0x12830</load_address>
         <run_address>0x12830</run_address>
         <size>0x288</size>
         <input_file_ref idref="fl-e3"/>
      </object_component>
      <object_component id="oc-25c">
         <name>.debug_info</name>
         <load_address>0x12ab8</load_address>
         <run_address>0x12ab8</run_address>
         <size>0x327</size>
         <input_file_ref idref="fl-e3"/>
      </object_component>
      <object_component id="oc-37f">
         <name>.debug_info</name>
         <load_address>0x12ddf</load_address>
         <run_address>0x12ddf</run_address>
         <size>0x28d</size>
         <input_file_ref idref="fl-e4"/>
      </object_component>
      <object_component id="oc-260">
         <name>.debug_info</name>
         <load_address>0x1306c</load_address>
         <run_address>0x1306c</run_address>
         <size>0x380</size>
         <input_file_ref idref="fl-e4"/>
      </object_component>
      <object_component id="oc-36f">
         <name>.debug_info</name>
         <load_address>0x133ec</load_address>
         <run_address>0x133ec</run_address>
         <size>0x29b</size>
         <input_file_ref idref="fl-e5"/>
      </object_component>
      <object_component id="oc-36c">
         <name>.debug_info</name>
         <load_address>0x13687</load_address>
         <run_address>0x13687</run_address>
         <size>0xfa</size>
         <input_file_ref idref="fl-e5"/>
      </object_component>
      <object_component id="oc-245">
         <name>.debug_info</name>
         <load_address>0x13781</load_address>
         <run_address>0x13781</run_address>
         <size>0x5d3</size>
         <input_file_ref idref="fl-e5"/>
      </object_component>
      <object_component id="oc-351">
         <name>.debug_info</name>
         <load_address>0x13d54</load_address>
         <run_address>0x13d54</run_address>
         <size>0x590</size>
         <input_file_ref idref="fl-e6"/>
      </object_component>
      <object_component id="oc-327">
         <name>.debug_info</name>
         <load_address>0x142e4</load_address>
         <run_address>0x142e4</run_address>
         <size>0x21e</size>
         <input_file_ref idref="fl-e6"/>
      </object_component>
      <object_component id="oc-3ea">
         <name>.debug_info</name>
         <load_address>0x14502</load_address>
         <run_address>0x14502</run_address>
         <size>0x1b3</size>
[...]
         <value>0xdb1</value>
         <object_component_ref idref="oc-d7"/>
      </symbol>
      <symbol id="sm-2b5">
         <name>oi_uartSendStr</name>
         <value>0xa59</value>
         <object_component_ref idref="oc-d7"/>
      </symbol>
      <symbol id="sm-2b6">
         <name>oi_close</name>
         <value>0x2c7</value>
         <object_component_ref idref="oc-d7"/>
      </symbol>
      <symbol id="sm-2b7">
         <name>oi_uartSendBuff</name>
         <value>0xa77</value>
         <object_component_ref idref="oc-d7"/>
      </symbol>
      <symbol id="sm-2b8">
         <name>oi_checkFirmware</name>
         <value>0xaa9</value>
         <object_component_ref idref="oc-d7"/>
      </symbol>
      <symbol id="sm-2b9">
         <name>oi_init_noupdate</name>
         <value>0x289</value>
         <object_component_ref idref="oc-d7"/>
      </symbol>
      <symbol id="sm-2ba">
         <name>oi_uartSendChar</name>
         <value>0xa15</value>
         <object_component_ref idref="oc-d7"/>
      </symbol>
      <symbol id="sm-2bb">
         <name>oi_alloc</name>
         <value>0x26d</value>
         <object_component_ref idref="oc-d7"/>
      </symbol>
      <symbol id="sm-2bc">
         <name>oi_getMotorCalibrationLeft</name>
         <value>0xded</value>
         <object_component_ref idref="oc-d7"/>
      </symbol>
      <symbol id="sm-2bd">
         <name>oi_loadSong</name>
         <value>0x915</value>
         <object_component_ref idref="oc-d7"/>
      </symbol>
      <symbol id="sm-2be">
         <name>oi_play_song</name>
         <value>0x96b</value>
         <object_component_ref idref="oc-d7"/>
      </symbol>
      <symbol id="sm-2bf">
         <name>oi_parsePacket</name>
         <value>0x32b</value>
         <object_component_ref idref="oc-d7"/>
      </symbol>
      <symbol id="sm-2c0">
         <name>oi_setLeds</name>
         <value>0x84b</value>
         <object_component_ref idref="oc-d7"/>
      </symbol>
      <symbol id="sm-2c1">
         <name>oi_init</name>
         <value>0x2b1</value>
         <object_component_ref idref="oc-d7"/>
      </symbol>
      <symbol id="sm-2c2">
         <name>oi_update</name>
         <value>0x2d9</value>
         <object_component_ref idref="oc-d7"/>
      </symbol>
      <symbol id="sm-2c3">
         <name>oi_uartInit</name>
         <value>0x98d</value>
         <object_component_ref idref="oc-d7"/>
      </symbol>
      <symbol id="sm-2ef">
         <name>ping_read</name>
         <value>0x5267</value>
         <object_component_ref idref="oc-f5"/>
      </symbol>
      <symbol id="sm-2f0">
         <name>send_pulse</name>
         <value>0x529b</value>
         <object_component_ref idref="oc-f5"/>
      </symbol>
      <symbol id="sm-2f1">
         <name>TIMER3B_Handler</name>
         <value>0x5179</value>
         <object_component_ref idref="oc-f5"/>
      </symbol>
      <symbol id="sm-2f2">
         <name>ping_init</name>
         <value>0x51c7</value>
         <object_component_ref idref="oc-f5"/>
      </symbol>
      <symbol id="sm-338">
         <name>match_subtract</name>
         <value>0x20000eec</value>
      </symbol>
      <symbol id="sm-339">
         <name>difference</name>
         <value>0x20000ee4</value>
      </symbol>
      <symbol id="sm-33a">
         <name>denom</name>
         <value>0x20000ee0</value>
      </symbol>
      <symbol id="sm-33b">
         <name>servo_init</name>
         <value>0x45f1</value>
         <object_component_ref idref="oc-ef"/>
      </symbol>
      <symbol id="sm-33c">
         <name>servo_move_degrees</name>
         <value>0x46f5</value>
         <object_component_ref idref="oc-ef"/>
      </symbol>
      <symbol id="sm-33d">
         <name>base_1_millisecond</name>
         <value>0x20000f28</value>
         <object_component_ref idref="oc-1f3"/>
      </symbol>
      <symbol id="sm-33e">
         <name>left_cal</name>
         <value>0x20000f30</value>
         <object_component_ref idref="oc-1f3"/>
      </symbol>
      <symbol id="sm-33f">
         <name>servo_move_clock_cycles</name>
         <value>0x468d</value>
         <object_component_ref idref="oc-ef"/>
      </symbol>
      <symbol id="sm-340">
         <name>button_getButton</name>
         <value>0x4793</value>
         <object_component_ref idref="oc-ef"/>
      </symbol>
      <symbol id="sm-341">
         <name>button_init</name>
         <value>0x4767</value>
         <object_component_ref idref="oc-ef"/>
      </symbol>
      <symbol id="sm-342">
         <name>degrees</name>
         <value>0x20000f1c</value>
         <object_component_ref idref="oc-1f3"/>
      </symbol>
      <symbol id="sm-343">
         <name>calibrateServo</name>
         <value>0x4809</value>
         <object_component_ref idref="oc-ef"/>
      </symbol>
      <symbol id="sm-344">
         <name>position</name>
         <value>0x20000f20</value>
         <object_component_ref idref="oc-1f3"/>
      </symbol>
      <symbol id="sm-345">
         <name>right_cal</name>
         <value>0x20000f2c</value>
         <object_component_ref idref="oc-1f3"/>
      </symbol>
      <symbol id="sm-346">
         <name>switch_direction</name>
         <value>0x20000f24</value>
         <object_component_ref idref="oc-1f3"/>
      </symbol>
      <symbol id="sm-362">
         <name>ResetISR</name>
         <value>0x6ec9</value>
         <object_component_ref idref="oc-2a"/>
      </symbol>
      <symbol id="sm-363">
         <name>g_pfnVectors</name>
         <value>0x0</value>
         <object_component_ref idref="oc-12"/>
      </symbol>
      <symbol id="sm-395">
         <name>UART1_Handler</name>
         <value>0x50d7</value>
         <object_component_ref idref="oc-e3"/>
      </symbol>
      <symbol id="sm-396">
         <name>uart_sendChar</name>
         <value>0x5027</value>
         <object_component_ref idref="oc-e3"/>
      </symbol>
      <symbol id="sm-397">
         <name>uart_interrupt_init</name>
         <value>0x5087</value>
         <object_component_ref idref="oc-e3"/>
      </symbol>
      <symbol id="sm-398">
         <name>uart_init</name>
         <value>0x4f71</value>
         <object_component_ref idref="oc-e3"/>
      </symbol>
      <symbol id="sm-399">
         <name>uart_receive</name>
         <value>0x5043</value>
         <object_component_ref idref="oc-e3"/>
      </symbol>
      <symbol id="sm-39a">
         <name>uart_sendStr</name>
         <value>0x5063</value>
         <object_component_ref idref="oc-e3"/>
      </symbol>
      <symbol id="sm-430">
         <name>pow</name>
         <value>0x18dd</value>
         <object_component_ref idref="oc-1e8"/>
      </symbol>
      <symbol id="sm-431">
         <name>powl</name>
         <value>0x18dd</value>
         <object_component_ref idref="oc-1e8"/>
      </symbol>
      <symbol id="sm-453">
         <name>sqrtl</name>
         <value>0x59dd</value>
         <object_component_ref idref="oc-2f3"/>
      </symbol>
      <symbol id="sm-454">
         <name>sqrt</name>
         <value>0x59dd</value>
         <object_component_ref idref="oc-2f3"/>
      </symbol>
      <symbol id="sm-4a5">
         <name>cosl</name>
         <value>0x3201</value>
         <object_component_ref idref="oc-134"/>
      </symbol>
      <symbol id="sm-4a6">
         <name>cos</name>
         <value>0x3201</value>
         <object_component_ref idref="oc-134"/>
      </symbol>
      <symbol id="sm-4c3">
         <name>floorl</name>
         <value>0x61d9</value>
         <object_component_ref idref="oc-1d5"/>
      </symbol>
      <symbol id="sm-4c4">
         <name>floor</name>
         <value>0x61d9</value>
         <object_component_ref idref="oc-1d5"/>
      </symbol>
      <symbol id="sm-4eb">
         <name>scalbn</name>
         <value>0x5ecd</value>
         <object_component_ref idref="oc-2fc"/>
      </symbol>
      <symbol id="sm-4ec">
         <name>scalbnl</name>
         <value>0x5ecd</value>
         <object_component_ref idref="oc-2fc"/>
      </symbol>
      <symbol id="sm-4ed">
         <name>ldexpl</name>
         <value>0x5ecd</value>
         <object_component_ref idref="oc-2fc"/>
      </symbol>
      <symbol id="sm-4ee">
         <name>ldexp</name>
         <value>0x5ecd</value>
         <object_component_ref idref="oc-2fc"/>
      </symbol>
      <symbol id="sm-53f">
         <name>tanl</name>
         <value>0x37dd</value>
         <object_component_ref idref="oc-11f"/>
      </symbol>
      <symbol id="sm-540">
         <name>tan</name>
         <value>0x37dd</value>
         <object_component_ref idref="oc-11f"/>
      </symbol>
      <symbol id="sm-567">
         <name>sprintf</name>
         <value>0x6b51</value>
         <object_component_ref idref="oc-107"/>
      </symbol>
      <symbol id="sm-591">
         <name>vsnprintf</name>
         <value>0x6b91</value>
         <object_component_ref idref="oc-1bf"/>
      </symbol>
      <symbol id="sm-5a8">
         <name>__aeabi_dsub</name>
         <value>0x5541</value>
         <object_component_ref idref="oc-1ad"/>
      </symbol>
      <symbol id="sm-5a9">
         <name>__aeabi_dadd</name>
         <value>0x554b</value>
         <object_component_ref idref="oc-1ad"/>
      </symbol>
      <symbol id="sm-5cb">
         <name>__aeabi_cdcmpeq</name>
         <value>0x6599</value>
         <object_component_ref idref="oc-12f"/>
      </symbol>
      <symbol id="sm-5cc">
         <name>__aeabi_cdcmple</name>
         <value>0x6599</value>
         <object_component_ref idref="oc-12f"/>
      </symbol>
      <symbol id="sm-5cd">
         <name>__aeabi_cdrcmple</name>
         <value>0x661f</value>
         <object_component_ref idref="oc-200"/>
      </symbol>
      <symbol id="sm-5e1">
         <name>__aeabi_ddiv</name>
         <value>0x5c71</value>
         <object_component_ref idref="oc-11a"/>
      </symbol>
      <symbol id="sm-5ec">
         <name>__aeabi_dmul</name>
         <value>0x60dd</value>
         <object_component_ref idref="oc-115"/>
      </symbol>
      <symbol id="sm-5f6">
         <name>__aeabi_d2iz</name>
         <value>0x6a81</value>
         <object_component_ref idref="oc-1db"/>
      </symbol>
      <symbol id="sm-602">
         <name>__aeabi_d2f</name>
         <value>0x67ff</value>
         <object_component_ref idref="oc-125"/>
      </symbol>
      <symbol id="sm-60c">
         <name>__aeabi_d2uiz</name>
         <value>0x6b0d</value>
         <object_component_ref idref="oc-1e0"/>
      </symbol>
      <symbol id="sm-617">
         <name>__aeabi_f2d</name>
         <value>0x6c49</value>
         <object_component_ref idref="oc-12a"/>
      </symbol>
      <symbol id="sm-621">
         <name>__aeabi_i2d</name>
         <value>0x6d19</value>
         <object_component_ref idref="oc-110"/>
      </symbol>
      <symbol id="sm-63c">
         <name>memcpy</name>
         <value>0x6467</value>
         <object_component_ref idref="oc-3e"/>
      </symbol>
      <symbol id="sm-63d">
         <name>__aeabi_memcpy</name>
         <value>0x6467</value>
         <object_component_ref idref="oc-3e"/>
      </symbol>
      <symbol id="sm-63e">
         <name>__aeabi_memcpy8</name>
         <value>0x6467</value>
         <object_component_ref idref="oc-3e"/>
      </symbol>
      <symbol id="sm-63f">
         <name>__aeabi_memcpy4</name>
         <value>0x6467</value>
         <object_component_ref idref="oc-3e"/>
      </symbol>
      <symbol id="sm-658">
         <name>__TI_zero_init_nomemset</name>
         <value>0x6d71</value>
         <object_component_ref idref="oc-4a"/>
      </symbol>
      <symbol id="sm-66f">
         <name>__TI_decompress_none</name>
         <value>0x6eaf</value>
         <object_component_ref idref="oc-1b"/>
      </symbol>
      <symbol id="sm-692">
         <name>__TI_decompress_lzss</name>
         <value>0x686d</value>
         <object_component_ref idref="oc-15"/>
      </symbol>
      <symbol id="sm-727">
         <name>_sys_memory</name>
         <value>0x20000a70</value>
         <object_component_ref idref="oc-24"/>
      </symbol>
      <symbol id="sm-728">
         <name>free</name>
         <value>0x62d1</value>
         <object_component_ref idref="oc-18b"/>
      </symbol>
      <symbol id="sm-729">
         <name>memalign</name>
         <value>0x5fdd</value>
         <object_component_ref idref="oc-3a3"/>
      </symbol>
      <symbol id="sm-72a">
         <name>calloc</name>
         <value>0x6c11</value>
         <object_component_ref idref="oc-185"/>
      </symbol>
      <symbol id="sm-72b">
         <name>malloc</name>
         <value>0x6ee9</value>
         <object_component_ref idref="oc-29e"/>
      </symbol>
      <symbol id="sm-72c">
         <name>aligned_alloc</name>
         <value>0x5fdd</value>
         <object_component_ref idref="oc-3a3"/>
      </symbol>
      <symbol id="sm-73b">
         <name>strcmp</name>
         <value>0x6e27</value>
         <object_component_ref idref="oc-198"/>
      </symbol>
      <symbol id="sm-749">
         <name>strcpy</name>
         <value>0x6e55</value>
         <object_component_ref idref="oc-1c5"/>
      </symbol>
      <symbol id="sm-757">
         <name>strlen</name>
         <value>0x6e69</value>
         <object_component_ref idref="oc-205"/>
      </symbol>
      <symbol id="sm-7bd">
         <name>__kernel_rem_pio2</name>
         <value>0x2ac9</value>
         <object_component_ref idref="oc-23d"/>
      </symbol>
      <symbol id="sm-7d0">
         <name>__stack</name>
         <value>0x20000270</value>
         <object_component_ref idref="oc-27"/>
      </symbol>
      <symbol id="sm-7d1">
         <name>_c_int00_noargs</name>
         <value>0x6cb5</value>
         <object_component_ref idref="oc-5c"/>
      </symbol>
      <symbol id="sm-7e7">
         <name>__aeabi_errno_addr</name>
         <value>0x6ee1</value>
         <object_component_ref idref="oc-249"/>
      </symbol>
      <symbol id="sm-7e8">
         <name>errno</name>
         <value>0x20000f50</value>
         <object_component_ref idref="oc-370"/>
      </symbol>
      <symbol id="sm-7f2">
         <name>copysign</name>
         <value>0x6dc5</value>
         <object_component_ref idref="oc-3cc"/>
      </symbol>
      <symbol id="sm-7f3">
         <name>copysignl</name>
         <value>0x6dc5</value>
         <object_component_ref idref="oc-3cc"/>
      </symbol>
      <symbol id="sm-809">
         <name>__kernel_cos</name>
         <value>0x586d</value>
         <object_component_ref idref="oc-259"/>
      </symbol>
      <symbol id="sm-820">
         <name>__kernel_sin</name>
         <value>0x56f9</value>
         <object_component_ref idref="oc-25f"/>
      </symbol>
      <symbol id="sm-83f">
         <name>__kernel_tan</name>
         <value>0x400d</value>
         <object_component_ref idref="oc-243"/>
      </symbol>
      <symbol id="sm-9a4">
         <name>__TI_printfi</name>
         <value>0xe8d</value>
         <object_component_ref idref="oc-224"/>
      </symbol>
      <symbol id="sm-9b3">
         <name>__aeabi_memset</name>
         <value>0x66a7</value>
         <object_component_ref idref="oc-96"/>
      </symbol>
      <symbol id="sm-9b4">
         <name>memset</name>
         <value>0x66ad</value>
         <object_component_ref idref="oc-96"/>
      </symbol>
      <symbol id="sm-9b5">
         <name>__aeabi_memset8</name>
         <value>0x66a7</value>
         <object_component_ref idref="oc-96"/>
      </symbol>
      <symbol id="sm-9b6">
         <name>__aeabi_memset4</name>
         <value>0x66a7</value>
         <object_component_ref idref="oc-96"/>
      </symbol>
      <symbol id="sm-9b7">
         <name>__aeabi_memclr8</name>
         <value>0x66a5</value>
         <object_component_ref idref="oc-96"/>
      </symbol>
      <symbol id="sm-9b8">
         <name>__aeabi_memclr4</name>
         <value>0x66a5</value>
         <object_component_ref idref="oc-96"/>
      </symbol>
      <symbol id="sm-9b9">
         <name>__aeabi_memclr</name>
         <value>0x66a5</value>
         <object_component_ref idref="oc-96"/>
      </symbol>
      <symbol id="sm-9c6">
         <name>__aeabi_uldivmod</name>
         <value>0x6503</value>
         <object_component_ref idref="oc-3dd"/>
      </symbol>
      <symbol id="sm-9ee">
         <name>__TI_auto_init_nobinit_nopinit</name>
         <value>0x6ac9</value>
         <object_component_ref idref="oc-151"/>
      </symbol>
      <symbol id="sm-9f8">
         <name>_system_pre_init</name>
         <value>0x6ef1</value>
         <object_component_ref idref="oc-9c"/>
      </symbol>
      <symbol id="sm-a04">
         <name>C$$EXIT</name>
         <value>0x6ef5</value>
         <object_component_ref idref="oc-145"/>
      </symbol>
      <symbol id="sm-a05">
         <name>abort</name>
         <value>0x6ef5</value>
         <object_component_ref idref="oc-145"/>
      </symbol>
      <symbol id="sm-a1a">
         <name>_nop</name>
         <value>0x18db</value>
         <object_component_ref idref="oc-384"/>
      </symbol>
      <symbol id="sm-a1b">
         <name>_lock</name>
         <value>0x20000f38</value>
         <object_component_ref idref="oc-282"/>
      </symbol>
      <symbol id="sm-a1c">
         <name>_unlock</name>
         <value>0x20000f3c</value>
         <object_component_ref idref="oc-282"/>
      </symbol>
      <symbol id="sm-a2b">
         <name>__TI_ltoa</name>
         <value>0x698f</value>
         <object_component_ref idref="oc-3e3"/>
      </symbol>
      <symbol id="sm-a42">
         <name>atoi</name>
         <value>0x6a35</value>
         <object_component_ref idref="oc-320"/>
      </symbol>
      <symbol id="sm-a4d">
         <name>_ctypes_</name>
         <value>0x7050</value>
         <object_component_ref idref="oc-3d8"/>
      </symbol>
      <symbol id="sm-a5d">
         <name>memccpy</name>
         <value>0x6da9</value>
         <object_component_ref idref="oc-344"/>
      </symbol>
      <symbol id="sm-a6d">
         <name>strchr</name>
         <value>0x6e3f</value>
         <object_component_ref idref="oc-40a"/>
      </symbol>
      <symbol id="sm-a86">
         <name>wcslen</name>
         <value>0x6e7d</value>
         <object_component_ref idref="oc-34a"/>
      </symbol>
      <symbol id="sm-a9c">
         <name>frexpl</name>
         <value>0x68d5</value>
         <object_component_ref idref="oc-404"/>
      </symbol>
      <symbol id="sm-a9d">
         <name>frexp</name>
         <value>0x68d5</value>
         <object_component_ref idref="oc-404"/>
      </symbol>
      <symbol id="sm-aa7">
         <name>__aeabi_idiv0</name>
         <value>0x56f7</value>
         <object_component_ref idref="oc-45d"/>
      </symbol>
      <symbol id="sm-aa8">
         <name>__aeabi_ldiv0</name>
         <value>0x56f7</value>
         <object_component_ref idref="oc-45d"/>
      </symbol>
      <symbol id="sm-ad7">
         <name>IntRegister</name>
         <value>0x6c81</value>
         <object_component_ref idref="oc-19e"/>
      </symbol>
      <symbol id="sm-ad8">
         <name>g_pfnRAMVectors</name>
         <value>0x20000000</value>
         <object_component_ref idref="oc-2b4"/>
      </symbol>
      <symbol id="sm-ad9">
         <name>IntMasterEnable</name>
         <value>0x6e8f</value>
         <object_component_ref idref="oc-1a4"/>
      </symbol>
      <symbol id="sm-ae3">
         <name>CPUcpsie</name>
         <value>0x6ebd</value>
         <object_component_ref idref="oc-2be"/>
      </symbol>
      <symbol id="sm-ae4">
         <name>__TI_static_base__</name>
         <value>0x0</value>
      </symbol>
      <symbol id="sm-ae7">
         <name>__mpu_init</name>
         <value>0x0</value>
      </symbol>
      <symbol id="sm-ae8">
         <name>_system_post_cinit</name>
         <value>0x0</value>
      </symbol>
   </symbol_table>
   <title>Link successful</title>
</link_info>
