<?xml version="1.0" encoding="ISO-8859-1" ?>
<link_info>
   <banner>TI ARM Linker PC v20.2.7.LTS</banner>
   <copyright>Copyright (c) 1996-2018 Texas Instruments Incorporated</copyright>
   <link_time>0x6750abbb</link_time>
   <link_errors>0x0</link_errors>
   <output_file>finalproject.out</output_file>
   <entry_point>
      <name>_c_int00_noargs</name>
      <address>0x45f9</address>
   </entry_point>
   <input_file_list>
      <input_file id="fl-2">
         <path>.\</path>
         <kind>object</kind>
         <file>Timer.obj</file>
         <name>Timer.obj</name>
      </input_file>
      <input_file id="fl-3">
         <path>.\</path>
         <kind>object</kind>
         <file>adc.obj</file>
         <name>adc.obj</name>
      </input_file>
      <input_file id="fl-4">
         <path>.\</path>
         <kind>object</kind>
         <file>lcd.obj</file>
         <name>lcd.obj</name>
      </input_file>
      <input_file id="fl-5">
         <path>.\</path>
         <kind>object</kind>
         <file>main.obj</file>
         <name>main.obj</name>
      </input_file>
      <input_file id="fl-6">
         <path>.\</path>
         <kind>object</kind>
         <file>movement.obj</file>
         <name>movement.obj</name>
      </input_file>
      <input_file id="fl-7">
         <path>.\</path>
         <kind>object</kind>
         <file>open_interface.obj</file>
         <name>open_interface.obj</name>
      </input_file>
      <input_file id="fl-8">
         <path>.\</path>
         <kind>object</kind>
         <file>ping.obj</file>
         <name>ping.obj</name>
      </input_file>
      <input_file id="fl-9">
         <path>.\</path>
         <kind>object</kind>
         <file>servo.obj</file>
         <name>servo.obj</name>
      </input_file>
      <input_file id="fl-a">
         <path>.\</path>
         <kind>object</kind>
         <file>tm4c123gh6pm_startup_ccs.obj</file>
         <name>tm4c123gh6pm_startup_ccs.obj</name>
      </input_file>
      <input_file id="fl-b">
         <path>.\</path>
         <kind>object</kind>
         <file>uart_extra_help.obj</file>
         <name>uart_extra_help.obj</name>
      </input_file>
      <input_file id="fl-10">
         <kind>object</kind>
         <file>&lt;internal&gt;</file>
         <name>&lt;internal&gt;</name>
      </input_file>
      <input_file id="fl-c6">
         <path>C:\ti\ccs1271\ccs\tools\compiler\ti-cgt-arm_20.2.7.LTS\lib\</path>
         <kind>archive</kind>
         <file>rtsv7M4_T_le_v4SPD16_eabi.lib</file>
         <name>e_pow.c.obj</name>
      </input_file>
      <input_file id="fl-c7">
         <path>C:\ti\ccs1271\ccs\tools\compiler\ti-cgt-arm_20.2.7.LTS\lib\</path>
         <kind>archive</kind>
         <file>rtsv7M4_T_le_v4SPD16_eabi.lib</file>
         <name>e_sqrt.c.obj</name>
      </input_file>
      <input_file id="fl-c8">
         <path>C:\ti\ccs1271\ccs\tools\compiler\ti-cgt-arm_20.2.7.LTS\lib\</path>
         <kind>archive</kind>
         <file>rtsv7M4_T_le_v4SPD16_eabi.lib</file>
         <name>s_scalbn.c.obj</name>
      </input_file>
      <input_file id="fl-c9">
         <path>C:\ti\ccs1271\ccs\tools\compiler\ti-cgt-arm_20.2.7.LTS\lib\</path>
         <kind>archive</kind>
         <file>rtsv7M4_T_le_v4SPD16_eabi.lib</file>
         <name>vsnprintf.c.obj</name>
      </input_file>
      <input_file id="fl-ca">
         <path>C:\ti\ccs1271\ccs\tools\compiler\ti-cgt-arm_20.2.7.LTS\lib\</path>
         <kind>archive</kind>
         <file>rtsv7M4_T_le_v4SPD16_eabi.lib</file>
         <name>fd_add_t2.asm.obj</name>
      </input_file>
      <input_file id="fl-cb">
         <path>C:\ti\ccs1271\ccs\tools\compiler\ti-cgt-arm_20.2.7.LTS\lib\</path>
         <kind>archive</kind>
         <file>rtsv7M4_T_le_v4SPD16_eabi.lib</file>
         <name>fd_cmp_t2.asm.obj</name>
      </input_file>
      <input_file id="fl-cc">
         <path>C:\ti\ccs1271\ccs\tools\compiler\ti-cgt-arm_20.2.7.LTS\lib\</path>
         <kind>archive</kind>
         <file>rtsv7M4_T_le_v4SPD16_eabi.lib</file>
         <name>fd_div_t2.asm.obj</name>
      </input_file>
      <input_file id="fl-cd">
         <path>C:\ti\ccs1271\ccs\tools\compiler\ti-cgt-arm_20.2.7.LTS\lib\</path>
         <kind>archive</kind>
         <file>rtsv7M4_T_le_v4SPD16_eabi.lib</file>
         <name>fd_mul_t2.asm.obj</name>
      </input_file>
      <input_file id="fl-ce">
         <path>C:\ti\ccs1271\ccs\tools\compiler\ti-cgt-arm_20.2.7.LTS\lib\</path>
         <kind>archive</kind>
         <file>rtsv7M4_T_le_v4SPD16_eabi.lib</file>
         <name>fd_tos_t2.asm.obj</name>
      </input_file>
      <input_file id="fl-cf">
         <path>C:\ti\ccs1271\ccs\tools\compiler\ti-cgt-arm_20.2.7.LTS\lib\</path>
         <kind>archive</kind>
         <file>rtsv7M4_T_le_v4SPD16_eabi.lib</file>
         <name>fs_tod_t2.asm.obj</name>
      </input_file>
      <input_file id="fl-d0">
         <path>C:\ti\ccs1271\ccs\tools\compiler\ti-cgt-arm_20.2.7.LTS\lib\</path>
         <kind>archive</kind>
         <file>rtsv7M4_T_le_v4SPD16_eabi.lib</file>
         <name>i_tofd_t2.asm.obj</name>
      </input_file>
      <input_file id="fl-d1">
         <path>C:\ti\ccs1271\ccs\tools\compiler\ti-cgt-arm_20.2.7.LTS\lib\</path>
         <kind>archive</kind>
         <file>rtsv7M4_T_le_v4SPD16_eabi.lib</file>
         <name>memcpy_t2.asm.obj</name>
      </input_file>
      <input_file id="fl-d2">
         <path>C:\ti\ccs1271\ccs\tools\compiler\ti-cgt-arm_20.2.7.LTS\lib\</path>
         <kind>archive</kind>
         <file>rtsv7M4_T_le_v4SPD16_eabi.lib</file>
         <name>copy_zero_init.c.obj</name>
      </input_file>
      <input_file id="fl-d3">
         <path>C:\ti\ccs1271\ccs\tools\compiler\ti-cgt-arm_20.2.7.LTS\lib\</path>
         <kind>archive</kind>
         <file>rtsv7M4_T_le_v4SPD16_eabi.lib</file>
         <name>copy_decompress_none.c.obj</name>
      </input_file>
      <input_file id="fl-d4">
         <path>C:\ti\ccs1271\ccs\tools\compiler\ti-cgt-arm_20.2.7.LTS\lib\</path>
         <kind>archive</kind>
         <file>rtsv7M4_T_le_v4SPD16_eabi.lib</file>
         <name>copy_decompress_lzss.c.obj</name>
      </input_file>
      <input_file id="fl-d5">
         <path>C:\ti\ccs1271\ccs\tools\compiler\ti-cgt-arm_20.2.7.LTS\lib\</path>
         <kind>archive</kind>
         <file>rtsv7M4_T_le_v4SPD16_eabi.lib</file>
         <name>memory.c.obj</name>
      </input_file>
      <input_file id="fl-d6">
         <path>C:\ti\ccs1271\ccs\tools\compiler\ti-cgt-arm_20.2.7.LTS\lib\</path>
         <kind>archive</kind>
         <file>rtsv7M4_T_le_v4SPD16_eabi.lib</file>
         <name>strcmp.c.obj</name>
      </input_file>
      <input_file id="fl-d7">
         <path>C:\ti\ccs1271\ccs\tools\compiler\ti-cgt-arm_20.2.7.LTS\lib\</path>
         <kind>archive</kind>
         <file>rtsv7M4_T_le_v4SPD16_eabi.lib</file>
         <name>strcpy.c.obj</name>
      </input_file>
      <input_file id="fl-d8">
         <path>C:\ti\ccs1271\ccs\tools\compiler\ti-cgt-arm_20.2.7.LTS\lib\</path>
         <kind>archive</kind>
         <file>rtsv7M4_T_le_v4SPD16_eabi.lib</file>
         <name>strlen.c.obj</name>
      </input_file>
      <input_file id="fl-d9">
         <path>C:\ti\ccs1271\ccs\tools\compiler\ti-cgt-arm_20.2.7.LTS\lib\</path>
         <kind>archive</kind>
         <file>rtsv7M4_T_le_v4SPD16_eabi.lib</file>
         <name>boot_cortex_m.c.obj</name>
      </input_file>
      <input_file id="fl-da">
         <path>C:\ti\ccs1271\ccs\tools\compiler\ti-cgt-arm_20.2.7.LTS\lib\</path>
         <kind>archive</kind>
         <file>rtsv7M4_T_le_v4SPD16_eabi.lib</file>
         <name>errno.c.obj</name>
      </input_file>
      <input_file id="fl-db">
         <path>C:\ti\ccs1271\ccs\tools\compiler\ti-cgt-arm_20.2.7.LTS\lib\</path>
         <kind>archive</kind>
         <file>rtsv7M4_T_le_v4SPD16_eabi.lib</file>
         <name>s_copysign.c.obj</name>
      </input_file>
      <input_file id="fl-dc">
         <path>C:\ti\ccs1271\ccs\tools\compiler\ti-cgt-arm_20.2.7.LTS\lib\</path>
         <kind>archive</kind>
         <file>rtsv7M4_T_le_v4SPD16_eabi.lib</file>
         <name>_printfi.c.obj</name>
      </input_file>
      <input_file id="fl-dd">
         <path>C:\ti\ccs1271\ccs\tools\compiler\ti-cgt-arm_20.2.7.LTS\lib\</path>
         <kind>archive</kind>
         <file>rtsv7M4_T_le_v4SPD16_eabi.lib</file>
         <name>fd_toi_t2.asm.obj</name>
      </input_file>
      <input_file id="fl-de">
         <path>C:\ti\ccs1271\ccs\tools\compiler\ti-cgt-arm_20.2.7.LTS\lib\</path>
         <kind>archive</kind>
         <file>rtsv7M4_T_le_v4SPD16_eabi.lib</file>
         <name>memset_t2.asm.obj</name>
      </input_file>
      <input_file id="fl-df">
         <path>C:\ti\ccs1271\ccs\tools\compiler\ti-cgt-arm_20.2.7.LTS\lib\</path>
         <kind>archive</kind>
         <file>rtsv7M4_T_le_v4SPD16_eabi.lib</file>
         <name>ull_div_t2.asm.obj</name>
      </input_file>
      <input_file id="fl-e0">
         <path>C:\ti\ccs1271\ccs\tools\compiler\ti-cgt-arm_20.2.7.LTS\lib\</path>
         <kind>archive</kind>
         <file>rtsv7M4_T_le_v4SPD16_eabi.lib</file>
         <name>autoinit.c.obj</name>
      </input_file>
      <input_file id="fl-e1">
         <path>C:\ti\ccs1271\ccs\tools\compiler\ti-cgt-arm_20.2.7.LTS\lib\</path>
         <kind>archive</kind>
         <file>rtsv7M4_T_le_v4SPD16_eabi.lib</file>
         <name>pre_init.c.obj</name>
      </input_file>
      <input_file id="fl-e2">
         <path>C:\ti\ccs1271\ccs\tools\compiler\ti-cgt-arm_20.2.7.LTS\lib\</path>
         <kind>archive</kind>
         <file>rtsv7M4_T_le_v4SPD16_eabi.lib</file>
         <name>cpy_tbl.c.obj</name>
      </input_file>
      <input_file id="fl-e3">
         <path>C:\ti\ccs1271\ccs\tools\compiler\ti-cgt-arm_20.2.7.LTS\lib\</path>
         <kind>archive</kind>
         <file>rtsv7M4_T_le_v4SPD16_eabi.lib</file>
         <name>exit.c.obj</name>
      </input_file>
      <input_file id="fl-e4">
         <path>C:\ti\ccs1271\ccs\tools\compiler\ti-cgt-arm_20.2.7.LTS\lib\</path>
         <kind>archive</kind>
         <file>rtsv7M4_T_le_v4SPD16_eabi.lib</file>
         <name>_lock.c.obj</name>
      </input_file>
      <input_file id="fl-e5">
         <path>C:\ti\ccs1271\ccs\tools\compiler\ti-cgt-arm_20.2.7.LTS\lib\</path>
         <kind>archive</kind>
         <file>rtsv7M4_T_le_v4SPD16_eabi.lib</file>
         <name>_ltoa.c.obj</name>
      </input_file>
      <input_file id="fl-e6">
         <path>C:\ti\ccs1271\ccs\tools\compiler\ti-cgt-arm_20.2.7.LTS\lib\</path>
         <kind>archive</kind>
         <file>rtsv7M4_T_le_v4SPD16_eabi.lib</file>
         <name>args_main.c.obj</name>
      </input_file>
      <input_file id="fl-e7">
         <path>C:\ti\ccs1271\ccs\tools\compiler\ti-cgt-arm_20.2.7.LTS\lib\</path>
         <kind>archive</kind>
         <file>rtsv7M4_T_le_v4SPD16_eabi.lib</file>
         <name>atoi.c.obj</name>
      </input_file>
      <input_file id="fl-e8">
         <path>C:\ti\ccs1271\ccs\tools\compiler\ti-cgt-arm_20.2.7.LTS\lib\</path>
         <kind>archive</kind>
         <file>rtsv7M4_T_le_v4SPD16_eabi.lib</file>
         <name>ctype.c.obj</name>
      </input_file>
      <input_file id="fl-e9">
         <path>C:\ti\ccs1271\ccs\tools\compiler\ti-cgt-arm_20.2.7.LTS\lib\</path>
         <kind>archive</kind>
         <file>rtsv7M4_T_le_v4SPD16_eabi.lib</file>
         <name>memccpy.c.obj</name>
      </input_file>
      <input_file id="fl-ea">
         <path>C:\ti\ccs1271\ccs\tools\compiler\ti-cgt-arm_20.2.7.LTS\lib\</path>
         <kind>archive</kind>
         <file>rtsv7M4_T_le_v4SPD16_eabi.lib</file>
         <name>strchr.c.obj</name>
      </input_file>
      <input_file id="fl-eb">
         <path>C:\ti\ccs1271\ccs\tools\compiler\ti-cgt-arm_20.2.7.LTS\lib\</path>
         <kind>archive</kind>
         <file>rtsv7M4_T_le_v4SPD16_eabi.lib</file>
         <name>wcslen.c.obj</name>
      </input_file>
      <input_file id="fl-ec">
         <path>C:\ti\ccs1271\ccs\tools\compiler\ti-cgt-arm_20.2.7.LTS\lib\</path>
         <kind>archive</kind>
         <file>rtsv7M4_T_le_v4SPD16_eabi.lib</file>
         <name>s_frexp.c.obj</name>
      </input_file>
      <input_file id="fl-ed">
         <path>C:\ti\ccs1271\ccs\tools\compiler\ti-cgt-arm_20.2.7.LTS\lib\</path>
         <kind>archive</kind>
         <file>rtsv7M4_T_le_v4SPD16_eabi.lib</file>
         <name>div0.asm.obj</name>
      </input_file>
      <input_file id="fl-ee">
         <path>C:\ti\TivaWare_C_Series-2.2.0.295\driverlib\ccs\Debug\</path>
         <kind>archive</kind>
         <file>driverlib.lib</file>
         <name>interrupt.obj</name>
      </input_file>
      <input_file id="fl-ef">
         <path>C:\ti\TivaWare_C_Series-2.2.0.295\driverlib\ccs\Debug\</path>
         <kind>archive</kind>
         <file>driverlib.lib</file>
         <name>cpu.obj</name>
      </input_file>
   </input_file_list>
   <object_component_list>
      <object_component id="oc-12">
         <name>.intvecs</name>
         <load_address>0x0</load_address>
         <run_address>0x0</run_address>
         <size>0x26c</size>
         <input_file_ref idref="fl-a"/>
      </object_component>
      <object_component id="oc-d7">
         <name>.text</name>
         <load_address>0x26c</load_address>
         <run_address>0x26c</run_address>
         <size>0xc20</size>
         <input_file_ref idref="fl-7"/>
      </object_component>
      <object_component id="oc-22f">
         <name>.text:__TI_printfi</name>
         <load_address>0xe8c</load_address>
         <run_address>0xe8c</run_address>
         <size>0xa4e</size>
         <input_file_ref idref="fl-dc"/>
      </object_component>
      <object_component id="oc-286">
         <name>.text:_nop</name>
         <load_address>0x18da</load_address>
         <run_address>0x18da</run_address>
         <size>0x2</size>
         <input_file_ref idref="fl-e4"/>
      </object_component>
      <object_component id="oc-1c2">
         <name>.text:pow</name>
         <load_address>0x18dc</load_address>
         <run_address>0x18dc</run_address>
         <size>0x9d0</size>
         <input_file_ref idref="fl-c6"/>
      </object_component>
      <object_component id="oc-e3">
         <name>.text</name>
         <load_address>0x22ac</load_address>
         <run_address>0x22ac</run_address>
         <size>0x328</size>
         <input_file_ref idref="fl-4"/>
      </object_component>
      <object_component id="oc-e9">
         <name>.text</name>
         <load_address>0x25d4</load_address>
         <run_address>0x25d4</run_address>
         <size>0x2b8</size>
         <input_file_ref idref="fl-9"/>
      </object_component>
      <object_component id="oc-2e6">
         <name>.text:_pconv_a</name>
         <load_address>0x288c</load_address>
         <run_address>0x288c</run_address>
         <size>0x270</size>
         <input_file_ref idref="fl-dc"/>
      </object_component>
      <object_component id="oc-dd">
         <name>.text</name>
         <load_address>0x2afc</load_address>
         <run_address>0x2afc</run_address>
         <size>0x248</size>
         <input_file_ref idref="fl-2"/>
      </object_component>
      <object_component id="oc-ef">
         <name>.text</name>
         <load_address>0x2d44</load_address>
         <run_address>0x2d44</run_address>
         <size>0x210</size>
         <input_file_ref idref="fl-8"/>
      </object_component>
      <object_component id="oc-2d4">
         <name>.text:_pconv_g</name>
         <load_address>0x2f54</load_address>
         <run_address>0x2f54</run_address>
         <size>0x1d0</size>
         <input_file_ref idref="fl-dc"/>
      </object_component>
      <object_component id="oc-174">
         <name>.text</name>
         <load_address>0x3124</load_address>
         <run_address>0x3124</run_address>
         <size>0x1b6</size>
         <input_file_ref idref="fl-ca"/>
      </object_component>
      <object_component id="oc-3ac">
         <name>.text</name>
         <load_address>0x32da</load_address>
         <run_address>0x32da</run_address>
         <size>0x2</size>
         <input_file_ref idref="fl-ed"/>
      </object_component>
      <object_component id="oc-f5">
         <name>.text</name>
         <load_address>0x32dc</load_address>
         <run_address>0x32dc</run_address>
         <size>0x168</size>
         <input_file_ref idref="fl-3"/>
      </object_component>
      <object_component id="oc-25d">
         <name>.text:sqrt</name>
         <load_address>0x3444</load_address>
         <run_address>0x3444</run_address>
         <size>0x158</size>
         <input_file_ref idref="fl-c7"/>
      </object_component>
      <object_component id="oc-2e0">
         <name>.text:_pconv_e</name>
         <load_address>0x359c</load_address>
         <run_address>0x359c</run_address>
         <size>0x13c</size>
         <input_file_ref idref="fl-dc"/>
      </object_component>
      <object_component id="oc-16a">
         <name>.text</name>
         <load_address>0x36d8</load_address>
         <run_address>0x36d8</run_address>
         <size>0x136</size>
         <input_file_ref idref="fl-cc"/>
      </object_component>
      <object_component id="oc-366">
         <name>.text:fcvt</name>
         <load_address>0x3810</load_address>
         <run_address>0x3810</run_address>
         <size>0x124</size>
         <input_file_ref idref="fl-dc"/>
      </object_component>
      <object_component id="oc-276">
         <name>.text:scalbn</name>
         <load_address>0x3934</load_address>
         <run_address>0x3934</run_address>
         <size>0x110</size>
         <input_file_ref idref="fl-c8"/>
      </object_component>
      <object_component id="oc-2a5">
         <name>.text:aligned_alloc</name>
         <load_address>0x3a44</load_address>
         <run_address>0x3a44</run_address>
         <size>0x100</size>
         <input_file_ref idref="fl-d5"/>
      </object_component>
      <object_component id="oc-165">
         <name>.text</name>
         <load_address>0x3b44</load_address>
         <run_address>0x3b44</run_address>
         <size>0xfc</size>
         <input_file_ref idref="fl-cd"/>
      </object_component>
      <object_component id="oc-143">
         <name>.text:free</name>
         <load_address>0x3c40</load_address>
         <run_address>0x3c40</run_address>
         <size>0xe4</size>
         <input_file_ref idref="fl-d5"/>
      </object_component>
      <object_component id="oc-2ce">
         <name>.text:_ltostr</name>
         <load_address>0x3d24</load_address>
         <run_address>0x3d24</run_address>
         <size>0xb1</size>
         <input_file_ref idref="fl-dc"/>
      </object_component>
      <object_component id="oc-3e">
         <name>.text</name>
         <load_address>0x3dd6</load_address>
         <run_address>0x3dd6</run_address>
         <size>0x9c</size>
         <input_file_ref idref="fl-d1"/>
      </object_component>
      <object_component id="oc-348">
         <name>.text</name>
         <load_address>0x3e72</load_address>
         <run_address>0x3e72</run_address>
         <size>0x96</size>
         <input_file_ref idref="fl-df"/>
      </object_component>
      <object_component id="oc-26c">
         <name>.text:__aeabi_cdcmple</name>
         <load_address>0x3f08</load_address>
         <run_address>0x3f08</run_address>
         <size>0x86</size>
         <input_file_ref idref="fl-cb"/>
      </object_component>
      <object_component id="oc-271">
         <name>.text:__aeabi_cdrcmple</name>
         <load_address>0x3f8e</load_address>
         <run_address>0x3f8e</run_address>
         <size>0x86</size>
         <input_file_ref idref="fl-cb"/>
      </object_component>
      <object_component id="oc-96">
         <name>.text</name>
         <load_address>0x4014</load_address>
         <run_address>0x4014</run_address>
         <size>0x7a</size>
         <input_file_ref idref="fl-de"/>
      </object_component>
      <object_component id="oc-338">
         <name>.text:split</name>
         <load_address>0x4090</load_address>
         <run_address>0x4090</run_address>
         <size>0x70</size>
         <input_file_ref idref="fl-d5"/>
      </object_component>
      <object_component id="oc-35f">
         <name>.text:_mcpy</name>
         <load_address>0x4100</load_address>
         <run_address>0x4100</run_address>
         <size>0x6e</size>
         <input_file_ref idref="fl-dc"/>
      </object_component>
      <object_component id="oc-17c">
         <name>.text</name>
         <load_address>0x416e</load_address>
         <run_address>0x416e</run_address>
         <size>0x6e</size>
         <input_file_ref idref="fl-ce"/>
      </object_component>
      <object_component id="oc-15">
         <name>.text:decompress:lzss:__TI_decompress_lzss</name>
         <load_address>0x41dc</load_address>
         <run_address>0x41dc</run_address>
         <size>0x68</size>
         <input_file_ref idref="fl-d4"/>
      </object_component>
      <object_component id="oc-374">
         <name>.text:frexp</name>
         <load_address>0x4244</load_address>
         <run_address>0x4244</run_address>
         <size>0x64</size>
         <input_file_ref idref="fl-ec"/>
      </object_component>
      <object_component id="oc-2da">
         <name>.text:_pconv_f</name>
         <load_address>0x42a8</load_address>
         <run_address>0x42a8</run_address>
         <size>0x56</size>
         <input_file_ref idref="fl-dc"/>
      </object_component>
      <object_component id="oc-a2">
         <name>.text</name>
         <load_address>0x42fe</load_address>
         <run_address>0x42fe</run_address>
         <size>0x56</size>
         <input_file_ref idref="fl-5"/>
      </object_component>
      <object_component id="oc-353">
         <name>.text:__TI_ltoa</name>
         <load_address>0x4354</load_address>
         <run_address>0x4354</run_address>
         <size>0x54</size>
         <input_file_ref idref="fl-e5"/>
      </object_component>
      <object_component id="oc-359">
         <name>.text:_ecpy</name>
         <load_address>0x43a8</load_address>
         <run_address>0x43a8</run_address>
         <size>0x52</size>
         <input_file_ref idref="fl-dc"/>
      </object_component>
      <object_component id="oc-2c8">
         <name>.text:atoi</name>
         <load_address>0x43fc</load_address>
         <run_address>0x43fc</run_address>
         <size>0x4c</size>
         <input_file_ref idref="fl-e7"/>
      </object_component>
      <object_component id="oc-34e">
         <name>.text</name>
         <load_address>0x4448</load_address>
         <run_address>0x4448</run_address>
         <size>0x48</size>
         <input_file_ref idref="fl-dd"/>
      </object_component>
      <object_component id="oc-109">
         <name>.text:__TI_auto_init_nobinit_nopinit:__TI_auto_init_nobinit_nopinit</name>
         <load_address>0x4490</load_address>
         <run_address>0x4490</run_address>
         <size>0x44</size>
         <input_file_ref idref="fl-e0"/>
      </object_component>
      <object_component id="oc-19a">
         <name>.text:vsnprintf</name>
         <load_address>0x44d4</load_address>
         <run_address>0x44d4</run_address>
         <size>0x40</size>
         <input_file_ref idref="fl-c9"/>
      </object_component>
      <object_component id="oc-36c">
         <name>.text:_fcpy</name>
         <load_address>0x4514</load_address>
         <run_address>0x4514</run_address>
         <size>0x3e</size>
         <input_file_ref idref="fl-dc"/>
      </object_component>
      <object_component id="oc-13d">
         <name>.text:calloc</name>
         <load_address>0x4554</load_address>
         <run_address>0x4554</run_address>
         <size>0x38</size>
         <input_file_ref idref="fl-d5"/>
      </object_component>
      <object_component id="oc-181">
         <name>.text</name>
         <load_address>0x458c</load_address>
         <run_address>0x458c</run_address>
         <size>0x38</size>
         <input_file_ref idref="fl-cf"/>
      </object_component>
      <object_component id="oc-156">
         <name>.text:IntRegister</name>
         <load_address>0x45c4</load_address>
         <run_address>0x45c4</run_address>
         <size>0x34</size>
         <input_file_ref idref="fl-ee"/>
      </object_component>
      <object_component id="oc-5c">
         <name>.text:_c_int00_noargs:_c_int00_noargs</name>
         <load_address>0x45f8</load_address>
         <run_address>0x45f8</run_address>
         <size>0x34</size>
         <input_file_ref idref="fl-d9"/>
      </object_component>
      <object_component id="oc-235">
         <name>.text:_outs</name>
         <load_address>0x462c</load_address>
         <run_address>0x462c</run_address>
         <size>0x30</size>
         <input_file_ref idref="fl-c9"/>
      </object_component>
      <object_component id="oc-16f">
         <name>.text</name>
         <load_address>0x465c</load_address>
         <run_address>0x465c</run_address>
         <size>0x2e</size>
         <input_file_ref idref="fl-d0"/>
      </object_component>
      <object_component id="oc-202">
         <name>.text:free_list_insert</name>
         <load_address>0x468c</load_address>
         <run_address>0x468c</run_address>
         <size>0x28</size>
         <input_file_ref idref="fl-d5"/>
      </object_component>
      <object_component id="oc-4a">
         <name>.text:decompress:ZI:__TI_zero_init_nomemset:__TI_zero_init_nomemset</name>
         <load_address>0x46b4</load_address>
         <run_address>0x46b4</run_address>
         <size>0x1c</size>
         <input_file_ref idref="fl-d2"/>
      </object_component>
      <object_component id="oc-1fc">
         <name>.text:free_list_remove</name>
         <load_address>0x46d0</load_address>
         <run_address>0x46d0</run_address>
         <size>0x1c</size>
         <input_file_ref idref="fl-d5"/>
      </object_component>
      <object_component id="oc-2ec">
         <name>.text:memccpy</name>
         <load_address>0x46ec</load_address>
         <run_address>0x46ec</run_address>
         <size>0x1c</size>
         <input_file_ref idref="fl-e9"/>
      </object_component>
      <object_component id="oc-315">
         <name>.text:copysign</name>
         <load_address>0x4708</load_address>
         <run_address>0x4708</run_address>
         <size>0x1a</size>
         <input_file_ref idref="fl-db"/>
      </object_component>
      <object_component id="oc-23b">
         <name>.text:_outc</name>
         <load_address>0x4722</load_address>
         <run_address>0x4722</run_address>
         <size>0x18</size>
         <input_file_ref idref="fl-c9"/>
      </object_component>
      <object_component id="oc-149">
         <name>.text:oi_parseInt</name>
         <load_address>0x473a</load_address>
         <run_address>0x473a</run_address>
         <size>0x18</size>
         <input_file_ref idref="fl-7"/>
      </object_component>
      <object_component id="oc-150">
         <name>.text:strcmp</name>
         <load_address>0x4752</load_address>
         <run_address>0x4752</run_address>
         <size>0x18</size>
         <input_file_ref idref="fl-d6"/>
      </object_component>
      <object_component id="oc-37a">
         <name>.text:strchr</name>
         <load_address>0x476a</load_address>
         <run_address>0x476a</run_address>
         <size>0x16</size>
         <input_file_ref idref="fl-ea"/>
      </object_component>
      <object_component id="oc-1a0">
         <name>.text:strcpy</name>
         <load_address>0x4780</load_address>
         <run_address>0x4780</run_address>
         <size>0x14</size>
         <input_file_ref idref="fl-d7"/>
      </object_component>
      <object_component id="oc-2c2">
         <name>.text:strlen</name>
         <load_address>0x4794</load_address>
         <run_address>0x4794</run_address>
         <size>0x14</size>
         <input_file_ref idref="fl-d8"/>
      </object_component>
      <object_component id="oc-2f2">
         <name>.text:wcslen</name>
         <load_address>0x47a8</load_address>
         <run_address>0x47a8</run_address>
         <size>0x12</size>
         <input_file_ref idref="fl-eb"/>
      </object_component>
      <object_component id="oc-15c">
         <name>.text:IntMasterEnable</name>
         <load_address>0x47ba</load_address>
         <run_address>0x47ba</run_address>
         <size>0x10</size>
         <input_file_ref idref="fl-ee"/>
      </object_component>
      <object_component id="oc-193">
         <name>.text:lcd_clear</name>
         <load_address>0x47ca</load_address>
         <run_address>0x47ca</run_address>
         <size>0x10</size>
         <input_file_ref idref="fl-4"/>
      </object_component>
      <object_component id="oc-1b">
         <name>.text:decompress:none:__TI_decompress_none</name>
         <load_address>0x47da</load_address>
         <run_address>0x47da</run_address>
         <size>0xe</size>
         <input_file_ref idref="fl-d3"/>
      </object_component>
      <object_component id="oc-215">
         <name>.text:CPUcpsie</name>
         <load_address>0x47e8</load_address>
         <run_address>0x47e8</run_address>
         <size>0xc</size>
         <input_file_ref idref="fl-ef"/>
      </object_component>
      <object_component id="oc-2a">
         <name>.text</name>
         <load_address>0x47f4</load_address>
         <run_address>0x47f4</run_address>
         <size>0xc</size>
         <input_file_ref idref="fl-a"/>
      </object_component>
      <object_component id="oc-263">
         <name>.text:__aeabi_errno_addr</name>
         <load_address>0x4800</load_address>
         <run_address>0x4800</run_address>
         <size>0x8</size>
         <input_file_ref idref="fl-da"/>
      </object_component>
      <object_component id="oc-1f5">
         <name>.text:malloc</name>
         <load_address>0x4808</load_address>
         <run_address>0x4808</run_address>
         <size>0x8</size>
         <input_file_ref idref="fl-d5"/>
      </object_component>
      <object_component id="oc-9c">
         <name>.text:_system_pre_init</name>
         <load_address>0x4810</load_address>
         <run_address>0x4810</run_address>
         <size>0x4</size>
         <input_file_ref idref="fl-e1"/>
      </object_component>
      <object_component id="oc-fd">
         <name>.text:abort:abort</name>
         <load_address>0x4814</load_address>
         <run_address>0x4814</run_address>
         <size>0x4</size>
         <input_file_ref idref="fl-e3"/>
      </object_component>
      <object_component id="oc-343">
         <name>.const:.string:_ctypes_</name>
         <load_address>0x4818</load_address>
         <run_address>0x4818</run_address>
         <size>0x101</size>
         <input_file_ref idref="fl-e8"/>
      </object_component>
      <object_component id="oc-1a6">
         <name>.const:.string:lineAddress$1</name>
         <load_address>0x4919</load_address>
         <run_address>0x4919</run_address>
         <size>0x4</size>
         <input_file_ref idref="fl-4"/>
      </object_component>
      <object_component id="oc-269">
         <name>.const:$O1$$</name>
         <load_address>0x4920</load_address>
         <run_address>0x4920</run_address>
         <size>0x30</size>
         <input_file_ref idref="fl-c6"/>
      </object_component>
      <object_component id="oc-179">
         <name>.const:.string:$P$T0$3</name>
         <load_address>0x4950</load_address>
         <run_address>0x4950</run_address>
         <size>0xf</size>
         <input_file_ref idref="fl-7"/>
      </object_component>
      <object_component id="oc-1a7">
         <name>.const:.string:lineAddresses$2</name>
         <load_address>0x495f</load_address>
         <run_address>0x495f</run_address>
         <size>0x4</size>
         <input_file_ref idref="fl-4"/>
      </object_component>
      <object_component id="oc-400">
         <name>.cinit..data.load</name>
         <load_address>0x4968</load_address>
         <run_address>0x4968</run_address>
         <size>0x31</size>
      </object_component>
      <object_component id="oc-3fd">
         <name>__TI_handler_table</name>
         <load_address>0x499c</load_address>
         <run_address>0x499c</run_address>
         <size>0xc</size>
      </object_component>
      <object_component id="oc-401">
         <name>.cinit..bss.load</name>
         <load_address>0x49a8</load_address>
         <run_address>0x49a8</run_address>
         <size>0x8</size>
      </object_component>
      <object_component id="oc-3ff">
         <name>.cinit..vtable.load</name>
         <load_address>0x49b0</load_address>
         <run_address>0x49b0</run_address>
         <size>0x8</size>
      </object_component>
      <object_component id="oc-3fe">
         <name>__TI_cinit_table</name>
         <load_address>0x49b8</load_address>
         <run_address>0x49b8</run_address>
         <size>0x18</size>
      </object_component>
      <object_component id="oc-20b">
         <name>.vtable</name>
         <uninitialized>true</uninitialized>
         <run_address>0x20000000</run_address>
         <size>0x26c</size>
         <input_file_ref idref="fl-ee"/>
      </object_component>
      <object_component id="oc-18e">
         <name>.data</name>
         <load_address>0x20000f31</load_address>
         <run_address>0x20000f31</run_address>
         <size>0x1</size>
         <input_file_ref idref="fl-2"/>
      </object_component>
      <object_component id="oc-162">
         <name>.data</name>
         <load_address>0x20000ef8</load_address>
         <run_address>0x20000ef8</run_address>
         <size>0x20</size>
         <input_file_ref idref="fl-7"/>
      </object_component>
      <object_component id="oc-1bc">
         <name>.data</name>
         <load_address>0x20000f44</load_address>
         <run_address>0x20000f44</run_address>
         <size>0x4</size>
         <input_file_ref idref="fl-8"/>
      </object_component>
      <object_component id="oc-1b3">
         <name>.data</name>
         <load_address>0x20000f18</load_address>
         <run_address>0x20000f18</run_address>
         <size>0x19</size>
         <input_file_ref idref="fl-9"/>
      </object_component>
      <object_component id="oc-2ac">
         <name>.data:$O1$$</name>
         <load_address>0x20000f3c</load_address>
         <run_address>0x20000f3c</run_address>
         <size>0x8</size>
         <input_file_ref idref="fl-d5"/>
      </object_component>
      <object_component id="oc-30c">
         <name>.data</name>
         <load_address>0x20000f48</load_address>
         <run_address>0x20000f48</run_address>
         <size>0x4</size>
         <input_file_ref idref="fl-da"/>
      </object_component>
      <object_component id="oc-1d9">
         <name>.data:$O1$$</name>
         <load_address>0x20000f34</load_address>
         <run_address>0x20000f34</run_address>
         <size>0x8</size>
         <input_file_ref idref="fl-e4"/>
      </object_component>
      <object_component id="oc-1a8">
         <name>.bss:lastbuffer$3</name>
         <uninitialized>true</uninitialized>
         <run_address>0x20000e70</run_address>
         <size>0x54</size>
         <input_file_ref idref="fl-4"/>
      </object_component>
      <object_component id="oc-186">
         <name>.bss:firmware$2</name>
         <uninitialized>true</uninitialized>
         <run_address>0x20000ec4</run_address>
         <size>0x18</size>
         <input_file_ref idref="fl-7"/>
      </object_component>
      <object_component id="oc-191">
         <name>.common:_timeout_ticks</name>
         <uninitialized>true</uninitialized>
         <run_address>0x20000edc</run_address>
         <size>0x4</size>
      </object_component>
      <object_component id="oc-1bf">
         <name>.common:rising_time</name>
         <uninitialized>true</uninitialized>
         <run_address>0x20000ef4</run_address>
         <size>0x4</size>
      </object_component>
      <object_component id="oc-1c0">
         <name>.common:falling_time</name>
         <uninitialized>true</uninitialized>
         <run_address>0x20000ee8</run_address>
         <size>0x4</size>
      </object_component>
      <object_component id="oc-1b9">
         <name>.common:overflowCount</name>
         <uninitialized>true</uninitialized>
         <run_address>0x20000ef0</run_address>
         <size>0x4</size>
      </object_component>
      <object_component id="oc-1b0">
         <name>.common:match_subtract</name>
         <uninitialized>true</uninitialized>
         <run_address>0x20000eec</run_address>
         <size>0x4</size>
      </object_component>
      <object_component id="oc-1b6">
         <name>.common:difference</name>
         <uninitialized>true</uninitialized>
         <run_address>0x20000ee4</run_address>
         <size>0x4</size>
      </object_component>
      <object_component id="oc-1b7">
         <name>.common:denom</name>
         <uninitialized>true</uninitialized>
         <run_address>0x20000ee0</run_address>
         <size>0x4</size>
      </object_component>
      <object_component id="oc-24">
         <name>.sysmem</name>
         <uninitialized>true</uninitialized>
         <run_address>0x20000a70</run_address>
         <size>0x10</size>
         <input_file_ref idref="fl-d5"/>
      </object_component>
      <object_component id="oc-404">
         <name>.sysmem</name>
         <uninitialized>true</uninitialized>
         <run_address>0x20000a70</run_address>
         <size>0x0</size>
      </object_component>
      <object_component id="oc-27">
         <name>.stack</name>
         <uninitialized>true</uninitialized>
         <run_address>0x20000270</run_address>
         <size>0x4</size>
         <input_file_ref idref="fl-d9"/>
      </object_component>
      <object_component id="oc-403">
         <name>.stack</name>
         <uninitialized>true</uninitialized>
         <run_address>0x20000270</run_address>
         <size>0x0</size>
      </object_component>
      <object_component id="oc-c5">
         <name>.debug_info</name>
         <load_address>0x0</load_address>
         <run_address>0x0</run_address>
         <size>0x2b0</size>
         <input_file_ref idref="fl-2"/>
      </object_component>
      <object_component id="oc-18f">
         <name>.debug_info</name>
         <load_address>0x2b0</load_address>
         <run_address>0x2b0</run_address>
         <size>0xbe</size>
         <input_file_ref idref="fl-2"/>
      </object_component>
      <object_component id="oc-de">
         <name>.debug_info</name>
         <load_address>0x36e</load_address>
         <run_address>0x36e</run_address>
         <size>0x506</size>
         <input_file_ref idref="fl-2"/>
      </object_component>
      <object_component id="oc-77">
         <name>.debug_info</name>
         <load_address>0x874</load_address>
         <run_address>0x874</run_address>
         <size>0x26b</size>
         <input_file_ref idref="fl-2"/>
      </object_component>
      <object_component id="oc-39">
         <name>.debug_info</name>
         <load_address>0xadf</load_address>
         <run_address>0xadf</run_address>
         <size>0x84</size>
         <input_file_ref idref="fl-2"/>
      </object_component>
      <object_component id="oc-c0">
         <name>.debug_info</name>
         <load_address>0xb63</load_address>
         <run_address>0xb63</run_address>
         <size>0x2a4</size>
         <input_file_ref idref="fl-2"/>
      </object_component>
      <object_component id="oc-7c">
         <name>.debug_info</name>
         <load_address>0xe07</load_address>
         <run_address>0xe07</run_address>
         <size>0xbb</size>
         <input_file_ref idref="fl-2"/>
      </object_component>
      <object_component id="oc-f6">
         <name>.debug_info</name>
         <load_address>0xec2</load_address>
         <run_address>0xec2</run_address>
         <size>0x29a</size>
         <input_file_ref idref="fl-3"/>
      </object_component>
      <object_component id="oc-1aa">
         <name>.debug_info</name>
         <load_address>0x115c</load_address>
         <run_address>0x115c</run_address>
         <size>0x37e</size>
         <input_file_ref idref="fl-4"/>
      </object_component>
      <object_component id="oc-195">
         <name>.debug_info</name>
         <load_address>0x14da</load_address>
         <run_address>0x14da</run_address>
         <size>0x113</size>
         <input_file_ref idref="fl-4"/>
      </object_component>
      <object_component id="oc-e4">
         <name>.debug_info</name>
         <load_address>0x15ed</load_address>
         <run_address>0x15ed</run_address>
         <size>0x89f</size>
         <input_file_ref idref="fl-4"/>
      </object_component>
      <object_component id="oc-228">
         <name>.debug_info</name>
         <load_address>0x1e8c</load_address>
         <run_address>0x1e8c</run_address>
         <size>0xcc</size>
         <input_file_ref idref="fl-4"/>
      </object_component>
      <object_component id="oc-1ab">
         <name>.debug_info</name>
         <load_address>0x1f58</load_address>
         <run_address>0x1f58</run_address>
         <size>0x2c</size>
         <input_file_ref idref="fl-4"/>
      </object_component>
      <object_component id="oc-1d0">
         <name>.debug_info</name>
         <load_address>0x1f84</load_address>
         <run_address>0x1f84</run_address>
         <size>0x35</size>
         <input_file_ref idref="fl-4"/>
      </object_component>
      <object_component id="oc-fc">
         <name>.debug_info</name>
         <load_address>0x1fb9</load_address>
         <run_address>0x1fb9</run_address>
         <size>0x3cc</size>
         <input_file_ref idref="fl-5"/>
      </object_component>
      <object_component id="oc-a4">
         <name>.debug_info</name>
         <load_address>0x2385</load_address>
         <run_address>0x2385</run_address>
         <size>0x1d7</size>
         <input_file_ref idref="fl-5"/>
      </object_component>
      <object_component id="oc-1cb">
         <name>.debug_info</name>
         <load_address>0x255c</load_address>
         <run_address>0x255c</run_address>
         <size>0x5aa</size>
         <input_file_ref idref="fl-5"/>
      </object_component>
      <object_component id="oc-188">
         <name>.debug_info</name>
         <load_address>0x2b06</load_address>
         <run_address>0x2b06</run_address>
         <size>0x3fb</size>
         <input_file_ref idref="fl-7"/>
      </object_component>
      <object_component id="oc-163">
         <name>.debug_info</name>
         <load_address>0x2f01</load_address>
         <run_address>0x2f01</run_address>
         <size>0x110</size>
         <input_file_ref idref="fl-7"/>
      </object_component>
      <object_component id="oc-17a">
         <name>.debug_info</name>
         <load_address>0x3011</load_address>
         <run_address>0x3011</run_address>
         <size>0xc5</size>
         <input_file_ref idref="fl-7"/>
      </object_component>
      <object_component id="oc-14a">
         <name>.debug_info</name>
         <load_address>0x30d6</load_address>
         <run_address>0x30d6</run_address>
         <size>0x13d</size>
         <input_file_ref idref="fl-7"/>
      </object_component>
      <object_component id="oc-d8">
         <name>.debug_info</name>
         <load_address>0x3213</load_address>
         <run_address>0x3213</run_address>
         <size>0x1987</size>
         <input_file_ref idref="fl-7"/>
      </object_component>
      <object_component id="oc-189">
         <name>.debug_info</name>
         <load_address>0x4b9a</load_address>
         <run_address>0x4b9a</run_address>
         <size>0x8b</size>
         <input_file_ref idref="fl-7"/>
      </object_component>
      <object_component id="oc-1ba">
         <name>.debug_info</name>
         <load_address>0x4c25</load_address>
         <run_address>0x4c25</run_address>
         <size>0x34f</size>
         <input_file_ref idref="fl-8"/>
      </object_component>
      <object_component id="oc-1bd">
         <name>.debug_info</name>
         <load_address>0x4f74</load_address>
         <run_address>0x4f74</run_address>
         <size>0xb7</size>
         <input_file_ref idref="fl-8"/>
      </object_component>
      <object_component id="oc-f0">
         <name>.debug_info</name>
         <load_address>0x502b</load_address>
         <run_address>0x502b</run_address>
         <size>0x222</size>
         <input_file_ref idref="fl-8"/>
      </object_component>
      <object_component id="oc-257">
         <name>.debug_info</name>
         <load_address>0x524d</load_address>
         <run_address>0x524d</run_address>
         <size>0x44</size>
         <input_file_ref idref="fl-8"/>
      </object_component>
      <object_component id="oc-1b1">
         <name>.debug_info</name>
         <load_address>0x5291</load_address>
         <run_address>0x5291</run_address>
         <size>0x326</size>
         <input_file_ref idref="fl-9"/>
      </object_component>
      <object_component id="oc-1b4">
         <name>.debug_info</name>
         <load_address>0x55b7</load_address>
         <run_address>0x55b7</run_address>
         <size>0x187</size>
         <input_file_ref idref="fl-9"/>
      </object_component>
      <object_component id="oc-ec">
         <name>.debug_info</name>
         <load_address>0x573e</load_address>
         <run_address>0x573e</run_address>
         <size>0x41f</size>
         <input_file_ref idref="fl-9"/>
      </object_component>
      <object_component id="oc-32">
         <name>.debug_info</name>
         <load_address>0x5b5d</load_address>
         <run_address>0x5b5d</run_address>
         <size>0x29a</size>
         <input_file_ref idref="fl-a"/>
      </object_component>
      <object_component id="oc-13">
         <name>.debug_info</name>
         <load_address>0x5df7</load_address>
         <run_address>0x5df7</run_address>
         <size>0xd9</size>
         <input_file_ref idref="fl-a"/>
      </object_component>
      <object_component id="oc-2b">
         <name>.debug_info</name>
         <load_address>0x5ed0</load_address>
         <run_address>0x5ed0</run_address>
         <size>0x255</size>
         <input_file_ref idref="fl-a"/>
      </object_component>
      <object_component id="oc-282">
         <name>.debug_info</name>
         <load_address>0x6125</load_address>
         <run_address>0x6125</run_address>
         <size>0x35e</size>
         <input_file_ref idref="fl-c6"/>
      </object_component>
      <object_component id="oc-26a">
         <name>.debug_info</name>
         <load_address>0x6483</load_address>
         <run_address>0x6483</run_address>
         <size>0x128</size>
         <input_file_ref idref="fl-c6"/>
      </object_component>
      <object_component id="oc-1c6">
         <name>.debug_info</name>
         <load_address>0x65ab</load_address>
         <run_address>0x65ab</run_address>
         <size>0xbf2</size>
         <input_file_ref idref="fl-c6"/>
      </object_component>
      <object_component id="oc-322">
         <name>.debug_info</name>
         <load_address>0x719d</load_address>
         <run_address>0x719d</run_address>
         <size>0x46</size>
         <input_file_ref idref="fl-c6"/>
      </object_component>
      <object_component id="oc-27d">
         <name>.debug_info</name>
         <load_address>0x71e3</load_address>
         <run_address>0x71e3</run_address>
         <size>0x39</size>
         <input_file_ref idref="fl-c6"/>
      </object_component>
      <object_component id="oc-30b">
         <name>.debug_info</name>
         <load_address>0x721c</load_address>
         <run_address>0x721c</run_address>
         <size>0x2c5</size>
         <input_file_ref idref="fl-c7"/>
      </object_component>
      <object_component id="oc-260">
         <name>.debug_info</name>
         <load_address>0x74e1</load_address>
         <run_address>0x74e1</run_address>
         <size>0x24e</size>
         <input_file_ref idref="fl-c7"/>
      </object_component>
      <object_component id="oc-31c">
         <name>.debug_info</name>
         <load_address>0x772f</load_address>
         <run_address>0x772f</run_address>
         <size>0x2f8</size>
         <input_file_ref idref="fl-c8"/>
      </object_component>
      <object_component id="oc-27a">
         <name>.debug_info</name>
         <load_address>0x7a27</load_address>
         <run_address>0x7a27</run_address>
         <size>0x225</size>
         <input_file_ref idref="fl-c8"/>
      </object_component>
      <object_component id="oc-39f">
         <name>.debug_info</name>
         <load_address>0x7c4c</load_address>
         <run_address>0x7c4c</run_address>
         <size>0x39</size>
         <input_file_ref idref="fl-c8"/>
      </object_component>
      <object_component id="oc-31d">
         <name>.debug_info</name>
         <load_address>0x7c85</load_address>
         <run_address>0x7c85</run_address>
         <size>0x2c</size>
         <input_file_ref idref="fl-c8"/>
      </object_component>
      <object_component id="oc-242">
         <name>.debug_info</name>
         <load_address>0x7cb1</load_address>
         <run_address>0x7cb1</run_address>
         <size>0x340</size>
         <input_file_ref idref="fl-c9"/>
      </object_component>
      <object_component id="oc-19c">
         <name>.debug_info</name>
         <load_address>0x7ff1</load_address>
         <run_address>0x7ff1</run_address>
         <size>0x208</size>
         <input_file_ref idref="fl-c9"/>
      </object_component>
      <object_component id="oc-238">
         <name>.debug_info</name>
         <load_address>0x81f9</load_address>
         <run_address>0x81f9</run_address>
         <size>0x1c6</size>
         <input_file_ref idref="fl-c9"/>
      </object_component>
      <object_component id="oc-23c">
         <name>.debug_info</name>
         <load_address>0x83bf</load_address>
         <run_address>0x83bf</run_address>
         <size>0x179</size>
         <input_file_ref idref="fl-c9"/>
      </object_component>
      <object_component id="oc-243">
         <name>.debug_info</name>
         <load_address>0x8538</load_address>
         <run_address>0x8538</run_address>
         <size>0x2c</size>
         <input_file_ref idref="fl-c9"/>
      </object_component>
      <object_component id="oc-248">
         <name>.debug_info</name>
         <load_address>0x8564</load_address>
         <run_address>0x8564</run_address>
         <size>0x69</size>
         <input_file_ref idref="fl-c9"/>
      </object_component>
      <object_component id="oc-175">
         <name>.debug_info</name>
         <load_address>0x85cd</load_address>
         <run_address>0x85cd</run_address>
         <size>0x14c</size>
         <input_file_ref idref="fl-ca"/>
      </object_component>
      <object_component id="oc-26f">
         <name>.debug_info</name>
         <load_address>0x8719</load_address>
         <run_address>0x8719</run_address>
         <size>0x128</size>
         <input_file_ref idref="fl-cb"/>
      </object_component>
      <object_component id="oc-272">
         <name>.debug_info</name>
         <load_address>0x8841</load_address>
         <run_address>0x8841</run_address>
         <size>0x12a</size>
         <input_file_ref idref="fl-cb"/>
      </object_component>
      <object_component id="oc-16c">
         <name>.debug_info</name>
         <load_address>0x896b</load_address>
         <run_address>0x896b</run_address>
         <size>0x13a</size>
         <input_file_ref idref="fl-cc"/>
      </object_component>
      <object_component id="oc-167">
         <name>.debug_info</name>
         <load_address>0x8aa5</load_address>
         <run_address>0x8aa5</run_address>
         <size>0x13a</size>
         <input_file_ref idref="fl-cd"/>
      </object_component>
      <object_component id="oc-17e">
         <name>.debug_info</name>
         <load_address>0x8bdf</load_address>
         <run_address>0x8bdf</run_address>
         <size>0x13e</size>
         <input_file_ref idref="fl-ce"/>
      </object_component>
      <object_component id="oc-182">
         <name>.debug_info</name>
         <load_address>0x8d1d</load_address>
         <run_address>0x8d1d</run_address>
         <size>0x12c</size>
         <input_file_ref idref="fl-cf"/>
      </object_component>
      <object_component id="oc-170">
         <name>.debug_info</name>
         <load_address>0x8e49</load_address>
         <run_address>0x8e49</run_address>
         <size>0x12c</size>
         <input_file_ref idref="fl-d0"/>
      </object_component>
      <object_component id="oc-41">
         <name>.debug_info</name>
         <load_address>0x8f75</load_address>
         <run_address>0x8f75</run_address>
         <size>0x119</size>
         <input_file_ref idref="fl-d1"/>
      </object_component>
      <object_component id="oc-95">
         <name>.debug_info</name>
         <load_address>0x908e</load_address>
         <run_address>0x908e</run_address>
         <size>0x2d4</size>
         <input_file_ref idref="fl-d2"/>
      </object_component>
      <object_component id="oc-4b">
         <name>.debug_info</name>
         <load_address>0x9362</load_address>
         <run_address>0x9362</run_address>
         <size>0x1d2</size>
         <input_file_ref idref="fl-d2"/>
      </object_component>
      <object_component id="oc-90">
         <name>.debug_info</name>
         <load_address>0x9534</load_address>
         <run_address>0x9534</run_address>
         <size>0x46</size>
         <input_file_ref idref="fl-d2"/>
      </object_component>
      <object_component id="oc-ce">
         <name>.debug_info</name>
         <load_address>0x957a</load_address>
         <run_address>0x957a</run_address>
         <size>0x2c</size>
         <input_file_ref idref="fl-d2"/>
      </object_component>
      <object_component id="oc-49">
         <name>.debug_info</name>
         <load_address>0x95a6</load_address>
         <run_address>0x95a6</run_address>
         <size>0x2a8</size>
         <input_file_ref idref="fl-d3"/>
      </object_component>
      <object_component id="oc-1c">
         <name>.debug_info</name>
         <load_address>0x984e</load_address>
         <run_address>0x984e</run_address>
         <size>0x1ea</size>
         <input_file_ref idref="fl-d3"/>
      </object_component>
      <object_component id="oc-44">
         <name>.debug_info</name>
         <load_address>0x9a38</load_address>
         <run_address>0x9a38</run_address>
         <size>0x46</size>
         <input_file_ref idref="fl-d3"/>
      </object_component>
      <object_component id="oc-88">
         <name>.debug_info</name>
         <load_address>0x9a7e</load_address>
         <run_address>0x9a7e</run_address>
         <size>0x2c</size>
         <input_file_ref idref="fl-d3"/>
      </object_component>
      <object_component id="oc-86">
         <name>.debug_info</name>
         <load_address>0x9aaa</load_address>
         <run_address>0x9aaa</run_address>
         <size>0x29e</size>
         <input_file_ref idref="fl-d4"/>
      </object_component>
      <object_component id="oc-17">
         <name>.debug_info</name>
         <load_address>0x9d48</load_address>
         <run_address>0x9d48</run_address>
         <size>0x250</size>
         <input_file_ref idref="fl-d4"/>
      </object_component>
      <object_component id="oc-34">
         <name>.debug_info</name>
         <load_address>0x9f98</load_address>
         <run_address>0x9f98</run_address>
         <size>0x60</size>
         <input_file_ref idref="fl-d4"/>
      </object_component>
      <object_component id="oc-c7">
         <name>.debug_info</name>
         <load_address>0x9ff8</load_address>
         <run_address>0x9ff8</run_address>
         <size>0x46</size>
         <input_file_ref idref="fl-d4"/>
      </object_component>
      <object_component id="oc-81">
         <name>.debug_info</name>
         <load_address>0xa03e</load_address>
         <run_address>0xa03e</run_address>
         <size>0x39</size>
         <input_file_ref idref="fl-d4"/>
      </object_component>
      <object_component id="oc-70">
         <name>.debug_info</name>
         <load_address>0xa077</load_address>
         <run_address>0xa077</run_address>
         <size>0x3b2</size>
         <input_file_ref idref="fl-d5"/>
      </object_component>
      <object_component id="oc-25">
         <name>.debug_info</name>
         <load_address>0xa429</load_address>
         <run_address>0xa429</run_address>
         <size>0x10c</size>
         <input_file_ref idref="fl-d5"/>
      </object_component>
      <object_component id="oc-2ad">
         <name>.debug_info</name>
         <load_address>0xa535</load_address>
         <run_address>0xa535</run_address>
         <size>0x13f</size>
         <input_file_ref idref="fl-d5"/>
      </object_component>
      <object_component id="oc-1f8">
         <name>.debug_info</name>
         <load_address>0xa674</load_address>
         <run_address>0xa674</run_address>
         <size>0x168</size>
         <input_file_ref idref="fl-d5"/>
      </object_component>
      <object_component id="oc-1fe">
         <name>.debug_info</name>
         <load_address>0xa7dc</load_address>
         <run_address>0xa7dc</run_address>
         <size>0x18e</size>
         <input_file_ref idref="fl-d5"/>
      </object_component>
      <object_component id="oc-204">
         <name>.debug_info</name>
         <load_address>0xa96a</load_address>
         <run_address>0xa96a</run_address>
         <size>0x19f</size>
         <input_file_ref idref="fl-d5"/>
      </object_component>
      <object_component id="oc-146">
         <name>.debug_info</name>
         <load_address>0xab09</load_address>
         <run_address>0xab09</run_address>
         <size>0x203</size>
         <input_file_ref idref="fl-d5"/>
      </object_component>
      <object_component id="oc-33a">
         <name>.debug_info</name>
         <load_address>0xad0c</load_address>
         <run_address>0xad0c</run_address>
         <size>0x1db</size>
         <input_file_ref idref="fl-d5"/>
      </object_component>
      <object_component id="oc-13f">
         <name>.debug_info</name>
         <load_address>0xaee7</load_address>
         <run_address>0xaee7</run_address>
         <size>0x1a5</size>
         <input_file_ref idref="fl-d5"/>
      </object_component>
      <object_component id="oc-2a7">
         <name>.debug_info</name>
         <load_address>0xb08c</load_address>
         <run_address>0xb08c</run_address>
         <size>0x299</size>
         <input_file_ref idref="fl-d5"/>
      </object_component>
      <object_component id="oc-bb">
         <name>.debug_info</name>
         <load_address>0xb325</load_address>
         <run_address>0xb325</run_address>
         <size>0xb2</size>
         <input_file_ref idref="fl-d5"/>
      </object_component>
      <object_component id="oc-b6">
         <name>.debug_info</name>
         <load_address>0xb3d7</load_address>
         <run_address>0xb3d7</run_address>
         <size>0x2c</size>
         <input_file_ref idref="fl-d5"/>
      </object_component>
      <object_component id="oc-20a">
         <name>.debug_info</name>
         <load_address>0xb403</load_address>
         <run_address>0xb403</run_address>
         <size>0x28a</size>
         <input_file_ref idref="fl-d6"/>
      </object_component>
      <object_component id="oc-154">
         <name>.debug_info</name>
         <load_address>0xb68d</load_address>
         <run_address>0xb68d</run_address>
         <size>0x273</size>
         <input_file_ref idref="fl-d6"/>
      </object_component>
      <object_component id="oc-24e">
         <name>.debug_info</name>
         <load_address>0xb900</load_address>
         <run_address>0xb900</run_address>
         <size>0x2a4</size>
         <input_file_ref idref="fl-d7"/>
      </object_component>
      <object_component id="oc-1a4">
         <name>.debug_info</name>
         <load_address>0xbba4</load_address>
         <run_address>0xbba4</run_address>
         <size>0x24d</size>
         <input_file_ref idref="fl-d7"/>
      </object_component>
      <object_component id="oc-342">
         <name>.debug_info</name>
         <load_address>0xbdf1</load_address>
         <run_address>0xbdf1</run_address>
         <size>0x28f</size>
         <input_file_ref idref="fl-d8"/>
      </object_component>
      <object_component id="oc-2c5">
         <name>.debug_info</name>
         <load_address>0xc080</load_address>
         <run_address>0xc080</run_address>
         <size>0x245</size>
         <input_file_ref idref="fl-d8"/>
      </object_component>
      <object_component id="oc-28">
         <name>.debug_info</name>
         <load_address>0xc2c5</load_address>
         <run_address>0xc2c5</run_address>
         <size>0x10b</size>
         <input_file_ref idref="fl-d9"/>
      </object_component>
      <object_component id="oc-5e">
         <name>.debug_info</name>
         <load_address>0xc3d0</load_address>
         <run_address>0xc3d0</run_address>
         <size>0x1a9</size>
         <input_file_ref idref="fl-d9"/>
      </object_component>
      <object_component id="oc-310">
         <name>.debug_info</name>
         <load_address>0xc579</load_address>
         <run_address>0xc579</run_address>
         <size>0x289</size>
         <input_file_ref idref="fl-da"/>
      </object_component>
      <object_component id="oc-30d">
         <name>.debug_info</name>
         <load_address>0xc802</load_address>
         <run_address>0xc802</run_address>
         <size>0x10e</size>
         <input_file_ref idref="fl-da"/>
      </object_component>
      <object_component id="oc-264">
         <name>.debug_info</name>
         <load_address>0xc910</load_address>
         <run_address>0xc910</run_address>
         <size>0x14e</size>
         <input_file_ref idref="fl-da"/>
      </object_component>
      <object_component id="oc-317">
         <name>.debug_info</name>
         <load_address>0xca5e</load_address>
         <run_address>0xca5e</run_address>
         <size>0x161</size>
         <input_file_ref idref="fl-db"/>
      </object_component>
      <object_component id="oc-2f9">
         <name>.debug_info</name>
         <load_address>0xcbbf</load_address>
         <run_address>0xcbbf</run_address>
         <size>0x590</size>
         <input_file_ref idref="fl-dc"/>
      </object_component>
      <object_component id="oc-2d1">
         <name>.debug_info</name>
         <load_address>0xd14f</load_address>
         <run_address>0xd14f</run_address>
         <size>0x21e</size>
         <input_file_ref idref="fl-dc"/>
      </object_component>
      <object_component id="oc-35c">
         <name>.debug_info</name>
         <load_address>0xd36d</load_address>
         <run_address>0xd36d</run_address>
         <size>0x1b3</size>
         <input_file_ref idref="fl-dc"/>
      </object_component>
      <object_component id="oc-362">
         <name>.debug_info</name>
         <load_address>0xd520</load_address>
         <run_address>0xd520</run_address>
         <size>0x21b</size>
         <input_file_ref idref="fl-dc"/>
      </object_component>
      <object_component id="oc-2d7">
         <name>.debug_info</name>
         <load_address>0xd73b</load_address>
         <run_address>0xd73b</run_address>
         <size>0x3c0</size>
         <input_file_ref idref="fl-dc"/>
      </object_component>
      <object_component id="oc-369">
         <name>.debug_info</name>
         <load_address>0xdafb</load_address>
         <run_address>0xdafb</run_address>
         <size>0x30a</size>
         <input_file_ref idref="fl-dc"/>
      </object_component>
      <object_component id="oc-36f">
         <name>.debug_info</name>
         <load_address>0xde05</load_address>
         <run_address>0xde05</run_address>
         <size>0x215</size>
         <input_file_ref idref="fl-dc"/>
      </object_component>
      <object_component id="oc-2dd">
         <name>.debug_info</name>
         <load_address>0xe01a</load_address>
         <run_address>0xe01a</run_address>
         <size>0x215</size>
         <input_file_ref idref="fl-dc"/>
      </object_component>
      <object_component id="oc-2e3">
         <name>.debug_info</name>
         <load_address>0xe22f</load_address>
         <run_address>0xe22f</run_address>
         <size>0x304</size>
         <input_file_ref idref="fl-dc"/>
      </object_component>
      <object_component id="oc-2e9">
         <name>.debug_info</name>
         <load_address>0xe533</load_address>
         <run_address>0xe533</run_address>
         <size>0x4b5</size>
         <input_file_ref idref="fl-dc"/>
      </object_component>
      <object_component id="oc-232">
         <name>.debug_info</name>
         <load_address>0xe9e8</load_address>
         <run_address>0xe9e8</run_address>
         <size>0x5f4</size>
         <input_file_ref idref="fl-dc"/>
      </object_component>
      <object_component id="oc-2fa">
         <name>.debug_info</name>
         <load_address>0xefdc</load_address>
         <run_address>0xefdc</run_address>
         <size>0x86</size>
         <input_file_ref idref="fl-dc"/>
      </object_component>
      <object_component id="oc-38c">
         <name>.debug_info</name>
         <load_address>0xf062</load_address>
         <run_address>0xf062</run_address>
         <size>0x39</size>
         <input_file_ref idref="fl-dc"/>
      </object_component>
      <object_component id="oc-3c6">
         <name>.debug_info</name>
         <load_address>0xf09b</load_address>
         <run_address>0xf09b</run_address>
         <size>0xb6</size>
         <input_file_ref idref="fl-dc"/>
      </object_component>
      <object_component id="oc-391">
         <name>.debug_info</name>
         <load_address>0xf151</load_address>
         <run_address>0xf151</run_address>
         <size>0x46</size>
         <input_file_ref idref="fl-dc"/>
      </object_component>
      <object_component id="oc-2ff">
         <name>.debug_info</name>
         <load_address>0xf197</load_address>
         <run_address>0xf197</run_address>
         <size>0x46</size>
         <input_file_ref idref="fl-dc"/>
      </object_component>
      <object_component id="oc-350">
         <name>.debug_info</name>
         <load_address>0xf1dd</load_address>
         <run_address>0xf1dd</run_address>
         <size>0x12e</size>
         <input_file_ref idref="fl-dd"/>
      </object_component>
      <object_component id="oc-99">
         <name>.debug_info</name>
         <load_address>0xf30b</load_address>
         <run_address>0xf30b</run_address>
         <size>0x147</size>
         <input_file_ref idref="fl-de"/>
      </object_component>
      <object_component id="oc-34b">
         <name>.debug_info</name>
         <load_address>0xf452</load_address>
         <run_address>0xf452</run_address>
         <size>0x134</size>
         <input_file_ref idref="fl-df"/>
      </object_component>
      <object_component id="oc-1e0">
         <name>.debug_info</name>
         <load_address>0xf586</load_address>
         <run_address>0xf586</run_address>
         <size>0x4b3</size>
         <input_file_ref idref="fl-e0"/>
      </object_component>
      <object_component id="oc-10b">
         <name>.debug_info</name>
         <load_address>0xfa39</load_address>
         <run_address>0xfa39</run_address>
         <size>0x1a6</size>
         <input_file_ref idref="fl-e0"/>
      </object_component>
      <object_component id="oc-294">
         <name>.debug_info</name>
         <load_address>0xfbdf</load_address>
         <run_address>0xfbdf</run_address>
         <size>0x39</size>
         <input_file_ref idref="fl-e0"/>
      </object_component>
      <object_component id="oc-32c">
         <name>.debug_info</name>
         <load_address>0xfc18</load_address>
         <run_address>0xfc18</run_address>
         <size>0x39</size>
         <input_file_ref idref="fl-e0"/>
      </object_component>
      <object_component id="oc-299">
         <name>.debug_info</name>
         <load_address>0xfc51</load_address>
         <run_address>0xfc51</run_address>
         <size>0x39</size>
         <input_file_ref idref="fl-e0"/>
      </object_component>
      <object_component id="oc-29e">
         <name>.debug_info</name>
         <load_address>0xfc8a</load_address>
         <run_address>0xfc8a</run_address>
         <size>0xcd</size>
         <input_file_ref idref="fl-e0"/>
      </object_component>
      <object_component id="oc-9e">
         <name>.debug_info</name>
         <load_address>0xfd57</load_address>
         <run_address>0xfd57</run_address>
         <size>0x153</size>
         <input_file_ref idref="fl-e1"/>
      </object_component>
      <object_component id="oc-fe">
         <name>.debug_info</name>
         <load_address>0xfeaa</load_address>
         <run_address>0xfeaa</run_address>
         <size>0x122</size>
         <input_file_ref idref="fl-e3"/>
      </object_component>
      <object_component id="oc-28e">
         <name>.debug_info</name>
         <load_address>0xffcc</load_address>
         <run_address>0xffcc</run_address>
         <size>0x2c9</size>
         <input_file_ref idref="fl-e4"/>
      </object_component>
      <object_component id="oc-1da">
         <name>.debug_info</name>
         <load_address>0x10295</load_address>
         <run_address>0x10295</run_address>
         <size>0x11e</size>
         <input_file_ref idref="fl-e4"/>
      </object_component>
      <object_component id="oc-287">
         <name>.debug_info</name>
         <load_address>0x103b3</load_address>
         <run_address>0x103b3</run_address>
         <size>0x12e</size>
         <input_file_ref idref="fl-e4"/>
      </object_component>
      <object_component id="oc-3b4">
         <name>.debug_info</name>
         <load_address>0x104e1</load_address>
         <run_address>0x104e1</run_address>
         <size>0x29c</size>
         <input_file_ref idref="fl-e5"/>
      </object_component>
      <object_component id="oc-357">
         <name>.debug_info</name>
         <load_address>0x1077d</load_address>
         <run_address>0x1077d</run_address>
         <size>0x1da</size>
         <input_file_ref idref="fl-e5"/>
      </object_component>
      <object_component id="oc-347">
         <name>.debug_info</name>
         <load_address>0x10957</load_address>
         <run_address>0x10957</run_address>
         <size>0x2b9</size>
         <input_file_ref idref="fl-e7"/>
      </object_component>
      <object_component id="oc-2c9">
         <name>.debug_info</name>
         <load_address>0x10c10</load_address>
         <run_address>0x10c10</run_address>
         <size>0x17c</size>
         <input_file_ref idref="fl-e7"/>
      </object_component>
      <object_component id="oc-3a9">
         <name>.debug_info</name>
         <load_address>0x10d8c</load_address>
         <run_address>0x10d8c</run_address>
         <size>0xf9</size>
         <input_file_ref idref="fl-e8"/>
      </object_component>
      <object_component id="oc-344">
         <name>.debug_info</name>
         <load_address>0x10e85</load_address>
         <run_address>0x10e85</run_address>
         <size>0x105</size>
         <input_file_ref idref="fl-e8"/>
      </object_component>
      <object_component id="oc-382">
         <name>.debug_info</name>
         <load_address>0x10f8a</load_address>
         <run_address>0x10f8a</run_address>
         <size>0x2a7</size>
         <input_file_ref idref="fl-e9"/>
      </object_component>
      <object_component id="oc-2f0">
         <name>.debug_info</name>
         <load_address>0x11231</load_address>
         <run_address>0x11231</run_address>
         <size>0x1b8</size>
         <input_file_ref idref="fl-e9"/>
      </object_component>
      <object_component id="oc-3bc">
         <name>.debug_info</name>
         <load_address>0x113e9</load_address>
         <run_address>0x113e9</run_address>
         <size>0x29a</size>
         <input_file_ref idref="fl-ea"/>
      </object_component>
      <object_component id="oc-37b">
         <name>.debug_info</name>
         <load_address>0x11683</load_address>
         <run_address>0x11683</run_address>
         <size>0x262</size>
         <input_file_ref idref="fl-ea"/>
      </object_component>
      <object_component id="oc-389">
         <name>.debug_info</name>
         <load_address>0x118e5</load_address>
         <run_address>0x118e5</run_address>
         <size>0x28f</size>
         <input_file_ref idref="fl-eb"/>
      </object_component>
      <object_component id="oc-2f4">
         <name>.debug_info</name>
         <load_address>0x11b74</load_address>
         <run_address>0x11b74</run_address>
         <size>0x15a</size>
         <input_file_ref idref="fl-eb"/>
      </object_component>
      <object_component id="oc-3bf">
         <name>.debug_info</name>
         <load_address>0x11cce</load_address>
         <run_address>0x11cce</run_address>
         <size>0x46</size>
         <input_file_ref idref="fl-eb"/>
      </object_component>
      <object_component id="oc-384">
         <name>.debug_info</name>
         <load_address>0x11d14</load_address>
         <run_address>0x11d14</run_address>
         <size>0x39</size>
         <input_file_ref idref="fl-eb"/>
      </object_component>
      <object_component id="oc-3ba">
         <name>.debug_info</name>
         <load_address>0x11d4d</load_address>
         <run_address>0x11d4d</run_address>
         <size>0x295</size>
         <input_file_ref idref="fl-ec"/>
      </object_component>
      <object_component id="oc-377">
         <name>.debug_info</name>
         <load_address>0x11fe2</load_address>
         <run_address>0x11fe2</run_address>
         <size>0x195</size>
         <input_file_ref idref="fl-ec"/>
      </object_component>
      <object_component id="oc-3ad">
         <name>.debug_info</name>
         <load_address>0x12177</load_address>
         <run_address>0x12177</run_address>
         <size>0x115</size>
         <input_file_ref idref="fl-ed"/>
      </object_component>
      <object_component id="oc-214">
         <name>.debug_info</name>
         <load_address>0x1228c</load_address>
         <run_address>0x1228c</run_address>
         <size>0x3b7</size>
         <input_file_ref idref="fl-ee"/>
      </object_component>
      <object_component id="oc-20c">
         <name>.debug_info</name>
         <load_address>0x12643</load_address>
         <run_address>0x12643</run_address>
         <size>0x160</size>
         <input_file_ref idref="fl-ee"/>
      </object_component>
      <object_component id="oc-158">
         <name>.debug_info</name>
         <load_address>0x127a3</load_address>
         <run_address>0x127a3</run_address>
         <size>0x2ca</size>
         <input_file_ref idref="fl-ee"/>
      </object_component>
      <object_component id="oc-15d">
         <name>.debug_info</name>
         <load_address>0x12a6d</load_address>
         <run_address>0x12a6d</run_address>
         <size>0x247</size>
         <input_file_ref idref="fl-ee"/>
      </object_component>
      <object_component id="oc-2bc">
         <name>.debug_info</name>
         <load_address>0x12cb4</load_address>
         <run_address>0x12cb4</run_address>
         <size>0x26b</size>
         <input_file_ref idref="fl-ee"/>
      </object_component>
      <object_component id="oc-2b5">
         <name>.debug_info</name>
         <load_address>0x12f1f</load_address>
         <run_address>0x12f1f</run_address>
         <size>0x297</size>
         <input_file_ref idref="fl-ee"/>
      </object_component>
      <object_component id="oc-20f">
         <name>.debug_info</name>
         <load_address>0x131b6</load_address>
         <run_address>0x131b6</run_address>
         <size>0xbb</size>
         <input_file_ref idref="fl-ee"/>
      </object_component>
      <object_component id="oc-217">
         <name>.debug_info</name>
         <load_address>0x13271</load_address>
         <run_address>0x13271</run_address>
         <size>0x21b</size>
         <input_file_ref idref="fl-ef"/>
      </object_component>
      <object_component id="oc-405">
         <name>.debug_info</name>
         <load_address>0x1348c</load_address>
         <run_address>0x1348c</run_address>
         <size>0x8c</size>
      </object_component>
      <object_component id="oc-13c">
         <name>.debug_line</name>
         <load_address>0x0</load_address>
         <run_address>0x0</run_address>
         <size>0x69</size>
         <input_file_ref idref="fl-2"/>
      </object_component>
      <object_component id="oc-22e">
         <name>.debug_line</name>
         <load_address>0x69</load_address>
         <run_address>0x69</run_address>
         <size>0x2e</size>
         <input_file_ref idref="fl-2"/>
      </object_component>
      <object_component id="oc-e2">
         <name>.debug_line</name>
         <load_address>0x97</load_address>
         <run_address>0x97</run_address>
         <size>0x179</size>
         <input_file_ref idref="fl-2"/>
      </object_component>
      <object_component id="oc-7a">
         <name>.debug_line</name>
         <load_address>0x210</load_address>
         <run_address>0x210</run_address>
         <size>0x6f</size>
         <input_file_ref idref="fl-2"/>
      </object_component>
      <object_component id="oc-3c">
         <name>.debug_line</name>
         <load_address>0x27f</load_address>
         <run_address>0x27f</run_address>
         <size>0x20</size>
         <input_file_ref idref="fl-2"/>
      </object_component>
      <object_component id="oc-c3">
         <name>.debug_line</name>
         <load_address>0x29f</load_address>
         <run_address>0x29f</run_address>
         <size>0x73</size>
         <input_file_ref idref="fl-2"/>
      </object_component>
      <object_component id="oc-7f">
         <name>.debug_line</name>
         <load_address>0x312</load_address>
         <run_address>0x312</run_address>
         <size>0x70</size>
         <input_file_ref idref="fl-2"/>
      </object_component>
      <object_component id="oc-f9">
         <name>.debug_line</name>
         <load_address>0x382</load_address>
         <run_address>0x382</run_address>
         <size>0x80</size>
         <input_file_ref idref="fl-3"/>
      </object_component>
      <object_component id="oc-250">
         <name>.debug_line</name>
         <load_address>0x402</load_address>
         <run_address>0x402</run_address>
         <size>0xc3</size>
         <input_file_ref idref="fl-4"/>
      </object_component>
      <object_component id="oc-194">
         <name>.debug_line</name>
         <load_address>0x4c5</load_address>
         <run_address>0x4c5</run_address>
         <size>0x45</size>
         <input_file_ref idref="fl-4"/>
      </object_component>
      <object_component id="oc-e7">
         <name>.debug_line</name>
         <load_address>0x50a</load_address>
         <run_address>0x50a</run_address>
         <size>0x19c</size>
         <input_file_ref idref="fl-4"/>
      </object_component>
      <object_component id="oc-22b">
         <name>.debug_line</name>
         <load_address>0x6a6</load_address>
         <run_address>0x6a6</run_address>
         <size>0x6a</size>
         <input_file_ref idref="fl-4"/>
      </object_component>
      <object_component id="oc-1ae">
         <name>.debug_line</name>
         <load_address>0x710</load_address>
         <run_address>0x710</run_address>
         <size>0x6b</size>
         <input_file_ref idref="fl-4"/>
      </object_component>
      <object_component id="oc-1d3">
         <name>.debug_line</name>
         <load_address>0x77b</load_address>
         <run_address>0x77b</run_address>
         <size>0x74</size>
         <input_file_ref idref="fl-4"/>
      </object_component>
[...]
      </symbol>
      <symbol id="sm-f2">
         <name>lcd_putc</name>
         <value>0x23a9</value>
         <object_component_ref idref="oc-e3"/>
      </symbol>
      <symbol id="sm-f3">
         <name>lcd_reverseNibble</name>
         <value>0x22ad</value>
         <object_component_ref idref="oc-e3"/>
      </symbol>
      <symbol id="sm-f4">
         <name>lcd_gotoLine</name>
         <value>0x2481</value>
         <object_component_ref idref="oc-e3"/>
      </symbol>
      <symbol id="sm-108">
         <name>main</name>
         <value>0x42ff</value>
         <object_component_ref idref="oc-a2"/>
      </symbol>
      <symbol id="sm-1d7">
         <name>go_charge</name>
         <value>0x97f</value>
         <object_component_ref idref="oc-d7"/>
      </symbol>
      <symbol id="sm-1d8">
         <name>GPIOF_Handler</name>
         <value>0xbc3</value>
         <object_component_ref idref="oc-d7"/>
      </symbol>
      <symbol id="sm-1d9">
         <name>oi_free</name>
         <value>0x279</value>
         <object_component_ref idref="oc-d7"/>
      </symbol>
      <symbol id="sm-1da">
         <name>oi_getMotorCalibrationRight</name>
         <value>0xe01</value>
         <object_component_ref idref="oc-d7"/>
      </symbol>
      <symbol id="sm-1db">
         <name>oi_uartReceive</name>
         <value>0xa31</value>
         <object_component_ref idref="oc-d7"/>
      </symbol>
      <symbol id="sm-1dc">
         <name>oi_setWheels</name>
         <value>0x88f</value>
         <object_component_ref idref="oc-d7"/>
      </symbol>
      <symbol id="sm-1dd">
         <name>oi_shutoff_init</name>
         <value>0xb51</value>
         <object_component_ref idref="oc-d7"/>
      </symbol>
      <symbol id="sm-1de">
         <name>motor_cal_factor_L</name>
         <value>0x20000ef8</value>
         <object_component_ref idref="oc-162"/>
      </symbol>
      <symbol id="sm-1df">
         <name>motor_cal_factor_R</name>
         <value>0x20000efc</value>
         <object_component_ref idref="oc-162"/>
      </symbol>
      <symbol id="sm-1e0">
         <name>oi_parseInt</name>
         <value>0x473b</value>
         <object_component_ref idref="oc-149"/>
      </symbol>
      <symbol id="sm-1e1">
         <name>oi_setMotorCalibration</name>
         <value>0xdb1</value>
         <object_component_ref idref="oc-d7"/>
      </symbol>
      <symbol id="sm-1e2">
         <name>oi_uartSendStr</name>
         <value>0xa59</value>
         <object_component_ref idref="oc-d7"/>
      </symbol>
      <symbol id="sm-1e3">
         <name>oi_close</name>
         <value>0x2c7</value>
         <object_component_ref idref="oc-d7"/>
      </symbol>
      <symbol id="sm-1e4">
         <name>oi_uartSendBuff</name>
         <value>0xa77</value>
         <object_component_ref idref="oc-d7"/>
      </symbol>
      <symbol id="sm-1e5">
         <name>oi_checkFirmware</name>
         <value>0xaa9</value>
         <object_component_ref idref="oc-d7"/>
      </symbol>
      <symbol id="sm-1e6">
         <name>oi_init_noupdate</name>
         <value>0x289</value>
         <object_component_ref idref="oc-d7"/>
      </symbol>
      <symbol id="sm-1e7">
         <name>oi_uartSendChar</name>
         <value>0xa15</value>
         <object_component_ref idref="oc-d7"/>
      </symbol>
      <symbol id="sm-1e8">
         <name>oi_alloc</name>
         <value>0x26d</value>
         <object_component_ref idref="oc-d7"/>
      </symbol>
      <symbol id="sm-1e9">
         <name>oi_getMotorCalibrationLeft</name>
         <value>0xded</value>
         <object_component_ref idref="oc-d7"/>
      </symbol>
      <symbol id="sm-1ea">
         <name>oi_loadSong</name>
         <value>0x915</value>
         <object_component_ref idref="oc-d7"/>
      </symbol>
      <symbol id="sm-1eb">
         <name>oi_play_song</name>
         <value>0x96b</value>
         <object_component_ref idref="oc-d7"/>
      </symbol>
      <symbol id="sm-1ec">
         <name>oi_parsePacket</name>
         <value>0x32b</value>
         <object_component_ref idref="oc-d7"/>
      </symbol>
      <symbol id="sm-1ed">
         <name>oi_setLeds</name>
         <value>0x84b</value>
         <object_component_ref idref="oc-d7"/>
      </symbol>
      <symbol id="sm-1ee">
         <name>oi_init</name>
         <value>0x2b1</value>
         <object_component_ref idref="oc-d7"/>
      </symbol>
      <symbol id="sm-1ef">
         <name>oi_update</name>
         <value>0x2d9</value>
         <object_component_ref idref="oc-d7"/>
      </symbol>
      <symbol id="sm-1f0">
         <name>oi_uartInit</name>
         <value>0x98d</value>
         <object_component_ref idref="oc-d7"/>
      </symbol>
      <symbol id="sm-226">
         <name>rising_time</name>
         <value>0x20000ef4</value>
      </symbol>
      <symbol id="sm-227">
         <name>falling_time</name>
         <value>0x20000ee8</value>
      </symbol>
      <symbol id="sm-228">
         <name>overflowCount</name>
         <value>0x20000ef0</value>
      </symbol>
      <symbol id="sm-229">
         <name>ping_read</name>
         <value>0x2e05</value>
         <object_component_ref idref="oc-ef"/>
      </symbol>
      <symbol id="sm-22a">
         <name>send_pulse</name>
         <value>0x2e3f</value>
         <object_component_ref idref="oc-ef"/>
      </symbol>
      <symbol id="sm-22b">
         <name>level</name>
         <value>0x20000f44</value>
         <object_component_ref idref="oc-1bc"/>
      </symbol>
      <symbol id="sm-22c">
         <name>TIMER3B_Handler</name>
         <value>0x2ecd</value>
         <object_component_ref idref="oc-ef"/>
      </symbol>
      <symbol id="sm-22d">
         <name>ping_init</name>
         <value>0x2d45</value>
         <object_component_ref idref="oc-ef"/>
      </symbol>
      <symbol id="sm-273">
         <name>match_subtract</name>
         <value>0x20000eec</value>
      </symbol>
      <symbol id="sm-274">
         <name>difference</name>
         <value>0x20000ee4</value>
      </symbol>
      <symbol id="sm-275">
         <name>denom</name>
         <value>0x20000ee0</value>
      </symbol>
      <symbol id="sm-276">
         <name>servo_init</name>
         <value>0x25d5</value>
         <object_component_ref idref="oc-e9"/>
      </symbol>
      <symbol id="sm-277">
         <name>servo_move_degrees</name>
         <value>0x26d9</value>
         <object_component_ref idref="oc-e9"/>
      </symbol>
      <symbol id="sm-278">
         <name>base_1_millisecond</name>
         <value>0x20000f24</value>
         <object_component_ref idref="oc-1b3"/>
      </symbol>
      <symbol id="sm-279">
         <name>left_cal</name>
         <value>0x20000f2c</value>
         <object_component_ref idref="oc-1b3"/>
      </symbol>
      <symbol id="sm-27a">
         <name>servo_move_clock_cycles</name>
         <value>0x2671</value>
         <object_component_ref idref="oc-e9"/>
      </symbol>
      <symbol id="sm-27b">
         <name>button_getButton</name>
         <value>0x2777</value>
         <object_component_ref idref="oc-e9"/>
      </symbol>
      <symbol id="sm-27c">
         <name>button_init</name>
         <value>0x274b</value>
         <object_component_ref idref="oc-e9"/>
      </symbol>
      <symbol id="sm-27d">
         <name>degrees</name>
         <value>0x20000f18</value>
         <object_component_ref idref="oc-1b3"/>
      </symbol>
      <symbol id="sm-27e">
         <name>calibrateServo</name>
         <value>0x27ed</value>
         <object_component_ref idref="oc-e9"/>
      </symbol>
      <symbol id="sm-27f">
         <name>position</name>
         <value>0x20000f1c</value>
         <object_component_ref idref="oc-1b3"/>
      </symbol>
      <symbol id="sm-280">
         <name>right_cal</name>
         <value>0x20000f28</value>
         <object_component_ref idref="oc-1b3"/>
      </symbol>
      <symbol id="sm-281">
         <name>switch_direction</name>
         <value>0x20000f20</value>
         <object_component_ref idref="oc-1b3"/>
      </symbol>
      <symbol id="sm-29d">
         <name>ResetISR</name>
         <value>0x47f5</value>
         <object_component_ref idref="oc-2a"/>
      </symbol>
      <symbol id="sm-29e">
         <name>g_pfnVectors</name>
         <value>0x0</value>
         <object_component_ref idref="oc-12"/>
      </symbol>
      <symbol id="sm-335">
         <name>pow</name>
         <value>0x18dd</value>
         <object_component_ref idref="oc-1c2"/>
      </symbol>
      <symbol id="sm-336">
         <name>powl</name>
         <value>0x18dd</value>
         <object_component_ref idref="oc-1c2"/>
      </symbol>
      <symbol id="sm-358">
         <name>sqrtl</name>
         <value>0x3445</value>
         <object_component_ref idref="oc-25d"/>
      </symbol>
      <symbol id="sm-359">
         <name>sqrt</name>
         <value>0x3445</value>
         <object_component_ref idref="oc-25d"/>
      </symbol>
      <symbol id="sm-380">
         <name>scalbn</name>
         <value>0x3935</value>
         <object_component_ref idref="oc-276"/>
      </symbol>
      <symbol id="sm-381">
         <name>scalbnl</name>
         <value>0x3935</value>
         <object_component_ref idref="oc-276"/>
      </symbol>
      <symbol id="sm-382">
         <name>ldexpl</name>
         <value>0x3935</value>
         <object_component_ref idref="oc-276"/>
      </symbol>
      <symbol id="sm-383">
         <name>ldexp</name>
         <value>0x3935</value>
         <object_component_ref idref="oc-276"/>
      </symbol>
      <symbol id="sm-3b2">
         <name>vsnprintf</name>
         <value>0x44d5</value>
         <object_component_ref idref="oc-19a"/>
      </symbol>
      <symbol id="sm-3c9">
         <name>__aeabi_dsub</name>
         <value>0x3125</value>
         <object_component_ref idref="oc-174"/>
      </symbol>
      <symbol id="sm-3ca">
         <name>__aeabi_dadd</name>
         <value>0x312f</value>
         <object_component_ref idref="oc-174"/>
      </symbol>
      <symbol id="sm-3ec">
         <name>__aeabi_cdcmpeq</name>
         <value>0x3f09</value>
         <object_component_ref idref="oc-26c"/>
      </symbol>
      <symbol id="sm-3ed">
         <name>__aeabi_cdcmple</name>
         <value>0x3f09</value>
         <object_component_ref idref="oc-26c"/>
      </symbol>
      <symbol id="sm-3ee">
         <name>__aeabi_cdrcmple</name>
         <value>0x3f8f</value>
         <object_component_ref idref="oc-271"/>
      </symbol>
      <symbol id="sm-402">
         <name>__aeabi_ddiv</name>
         <value>0x36d9</value>
         <object_component_ref idref="oc-16a"/>
      </symbol>
      <symbol id="sm-40d">
         <name>__aeabi_dmul</name>
         <value>0x3b45</value>
         <object_component_ref idref="oc-165"/>
      </symbol>
      <symbol id="sm-419">
         <name>__aeabi_d2f</name>
         <value>0x416f</value>
         <object_component_ref idref="oc-17c"/>
      </symbol>
      <symbol id="sm-424">
         <name>__aeabi_f2d</name>
         <value>0x458d</value>
         <object_component_ref idref="oc-181"/>
      </symbol>
      <symbol id="sm-42e">
         <name>__aeabi_i2d</name>
         <value>0x465d</value>
         <object_component_ref idref="oc-16f"/>
      </symbol>
      <symbol id="sm-449">
         <name>memcpy</name>
         <value>0x3dd7</value>
         <object_component_ref idref="oc-3e"/>
      </symbol>
      <symbol id="sm-44a">
         <name>__aeabi_memcpy</name>
         <value>0x3dd7</value>
         <object_component_ref idref="oc-3e"/>
      </symbol>
      <symbol id="sm-44b">
         <name>__aeabi_memcpy8</name>
         <value>0x3dd7</value>
         <object_component_ref idref="oc-3e"/>
      </symbol>
      <symbol id="sm-44c">
         <name>__aeabi_memcpy4</name>
         <value>0x3dd7</value>
         <object_component_ref idref="oc-3e"/>
      </symbol>
      <symbol id="sm-465">
         <name>__TI_zero_init_nomemset</name>
         <value>0x46b5</value>
         <object_component_ref idref="oc-4a"/>
      </symbol>
      <symbol id="sm-47c">
         <name>__TI_decompress_none</name>
         <value>0x47db</value>
         <object_component_ref idref="oc-1b"/>
      </symbol>
      <symbol id="sm-49f">
         <name>__TI_decompress_lzss</name>
         <value>0x41dd</value>
         <object_component_ref idref="oc-15"/>
      </symbol>
      <symbol id="sm-534">
         <name>_sys_memory</name>
         <value>0x20000a70</value>
         <object_component_ref idref="oc-24"/>
      </symbol>
      <symbol id="sm-535">
         <name>free</name>
         <value>0x3c41</value>
         <object_component_ref idref="oc-143"/>
      </symbol>
      <symbol id="sm-536">
         <name>memalign</name>
         <value>0x3a45</value>
         <object_component_ref idref="oc-2a5"/>
      </symbol>
      <symbol id="sm-537">
         <name>calloc</name>
         <value>0x4555</value>
         <object_component_ref idref="oc-13d"/>
      </symbol>
      <symbol id="sm-538">
         <name>malloc</name>
         <value>0x4809</value>
         <object_component_ref idref="oc-1f5"/>
      </symbol>
      <symbol id="sm-539">
         <name>aligned_alloc</name>
         <value>0x3a45</value>
         <object_component_ref idref="oc-2a5"/>
      </symbol>
      <symbol id="sm-548">
         <name>strcmp</name>
         <value>0x4753</value>
         <object_component_ref idref="oc-150"/>
      </symbol>
      <symbol id="sm-556">
         <name>strcpy</name>
         <value>0x4781</value>
         <object_component_ref idref="oc-1a0"/>
      </symbol>
      <symbol id="sm-564">
         <name>strlen</name>
         <value>0x4795</value>
         <object_component_ref idref="oc-2c2"/>
      </symbol>
      <symbol id="sm-577">
         <name>__stack</name>
         <value>0x20000270</value>
         <object_component_ref idref="oc-27"/>
      </symbol>
      <symbol id="sm-578">
         <name>_c_int00_noargs</name>
         <value>0x45f9</value>
         <object_component_ref idref="oc-5c"/>
      </symbol>
      <symbol id="sm-58e">
         <name>__aeabi_errno_addr</name>
         <value>0x4801</value>
         <object_component_ref idref="oc-263"/>
      </symbol>
      <symbol id="sm-58f">
         <name>errno</name>
         <value>0x20000f48</value>
         <object_component_ref idref="oc-30c"/>
      </symbol>
      <symbol id="sm-599">
         <name>copysign</name>
         <value>0x4709</value>
         <object_component_ref idref="oc-315"/>
      </symbol>
      <symbol id="sm-59a">
         <name>copysignl</name>
         <value>0x4709</value>
         <object_component_ref idref="oc-315"/>
      </symbol>
      <symbol id="sm-6ff">
         <name>__TI_printfi</name>
         <value>0xe8d</value>
         <object_component_ref idref="oc-22f"/>
      </symbol>
      <symbol id="sm-709">
         <name>__aeabi_d2iz</name>
         <value>0x4449</value>
         <object_component_ref idref="oc-34e"/>
      </symbol>
      <symbol id="sm-718">
         <name>__aeabi_memset</name>
         <value>0x4017</value>
         <object_component_ref idref="oc-96"/>
      </symbol>
      <symbol id="sm-719">
         <name>memset</name>
         <value>0x401d</value>
         <object_component_ref idref="oc-96"/>
      </symbol>
      <symbol id="sm-71a">
         <name>__aeabi_memset8</name>
         <value>0x4017</value>
         <object_component_ref idref="oc-96"/>
      </symbol>
      <symbol id="sm-71b">
         <name>__aeabi_memset4</name>
         <value>0x4017</value>
         <object_component_ref idref="oc-96"/>
      </symbol>
      <symbol id="sm-71c">
         <name>__aeabi_memclr8</name>
         <value>0x4015</value>
         <object_component_ref idref="oc-96"/>
      </symbol>
      <symbol id="sm-71d">
         <name>__aeabi_memclr4</name>
         <value>0x4015</value>
         <object_component_ref idref="oc-96"/>
      </symbol>
      <symbol id="sm-71e">
         <name>__aeabi_memclr</name>
         <value>0x4015</value>
         <object_component_ref idref="oc-96"/>
      </symbol>
      <symbol id="sm-72b">
         <name>__aeabi_uldivmod</name>
         <value>0x3e73</value>
         <object_component_ref idref="oc-348"/>
      </symbol>
      <symbol id="sm-753">
         <name>__TI_auto_init_nobinit_nopinit</name>
         <value>0x4491</value>
         <object_component_ref idref="oc-109"/>
      </symbol>
      <symbol id="sm-75d">
         <name>_system_pre_init</name>
         <value>0x4811</value>
         <object_component_ref idref="oc-9c"/>
      </symbol>
      <symbol id="sm-769">
         <name>C$$EXIT</name>
         <value>0x4815</value>
         <object_component_ref idref="oc-fd"/>
      </symbol>
      <symbol id="sm-76a">
         <name>abort</name>
         <value>0x4815</value>
         <object_component_ref idref="oc-fd"/>
      </symbol>
      <symbol id="sm-77f">
         <name>_nop</name>
         <value>0x18db</value>
         <object_component_ref idref="oc-286"/>
      </symbol>
      <symbol id="sm-780">
         <name>_lock</name>
         <value>0x20000f34</value>
         <object_component_ref idref="oc-1d9"/>
      </symbol>
      <symbol id="sm-781">
         <name>_unlock</name>
         <value>0x20000f38</value>
         <object_component_ref idref="oc-1d9"/>
      </symbol>
      <symbol id="sm-790">
         <name>__TI_ltoa</name>
         <value>0x4355</value>
         <object_component_ref idref="oc-353"/>
      </symbol>
      <symbol id="sm-7a7">
         <name>atoi</name>
         <value>0x43fd</value>
         <object_component_ref idref="oc-2c8"/>
      </symbol>
      <symbol id="sm-7b2">
         <name>_ctypes_</name>
         <value>0x4818</value>
         <object_component_ref idref="oc-343"/>
      </symbol>
      <symbol id="sm-7c2">
         <name>memccpy</name>
         <value>0x46ed</value>
         <object_component_ref idref="oc-2ec"/>
      </symbol>
      <symbol id="sm-7d2">
         <name>strchr</name>
         <value>0x476b</value>
         <object_component_ref idref="oc-37a"/>
      </symbol>
      <symbol id="sm-7eb">
         <name>wcslen</name>
         <value>0x47a9</value>
         <object_component_ref idref="oc-2f2"/>
      </symbol>
      <symbol id="sm-801">
         <name>frexpl</name>
         <value>0x4245</value>
         <object_component_ref idref="oc-374"/>
      </symbol>
      <symbol id="sm-802">
         <name>frexp</name>
         <value>0x4245</value>
         <object_component_ref idref="oc-374"/>
      </symbol>
      <symbol id="sm-80c">
         <name>__aeabi_idiv0</name>
         <value>0x32db</value>
         <object_component_ref idref="oc-3ac"/>
      </symbol>
      <symbol id="sm-80d">
         <name>__aeabi_ldiv0</name>
         <value>0x32db</value>
         <object_component_ref idref="oc-3ac"/>
      </symbol>
      <symbol id="sm-83c">
         <name>IntRegister</name>
         <value>0x45c5</value>
         <object_component_ref idref="oc-156"/>
      </symbol>
      <symbol id="sm-83d">
         <name>g_pfnRAMVectors</name>
         <value>0x20000000</value>
         <object_component_ref idref="oc-20b"/>
      </symbol>
      <symbol id="sm-83e">
         <name>IntMasterEnable</name>
         <value>0x47bb</value>
         <object_component_ref idref="oc-15c"/>
      </symbol>
      <symbol id="sm-848">
         <name>CPUcpsie</name>
         <value>0x47e9</value>
         <object_component_ref idref="oc-215"/>
      </symbol>
      <symbol id="sm-849">
         <name>__TI_static_base__</name>
         <value>0x0</value>
      </symbol>
      <symbol id="sm-84c">
         <name>__mpu_init</name>
         <value>0x0</value>
      </symbol>
      <symbol id="sm-84d">
         <name>_system_post_cinit</name>
         <value>0x0</value>
      </symbol>
   </symbol_table>
   <title>Link successful</title>
</link_info>
